--------- beginning of /dev/log/main
I/DEBUG   (  144):     d12 0000000000000000  d13 0000000000000000
I/DEBUG   (  144):     d14 0000000000000000  d15 0000000000000000
I/DEBUG   (  144):     d16 5f6b726f77656d61  d17 3a72616a2e747865
I/DEBUG   (  144):     d18 2f6d65747379732f  d19 726f77656d617266
I/DEBUG   (  144):     d20 696f72646e612f6b  d21 7963696c6f702e64
I/DEBUG   (  144):     d22 79732f3a72616a2e  d23 6172662f6d657473
I/DEBUG   (  144):     d24 0000000000000000  d25 0000000000000000
I/DEBUG   (  144):     d26 0000000000000000  d27 0000000000000000
I/DEBUG   (  144):     d28 0000000000000000  d29 0000000000000000
I/DEBUG   (  144):     d30 0000000000000000  d31 0000000000000000
I/DEBUG   (  144):     scr 00000010
I/DEBUG   (  144): 
I/DEBUG   (  144): backtrace:
I/DEBUG   (  144):     #00  pc 0000c978  /system/lib/libc.so (write+12)
I/DEBUG   (  144):     #01  pc 0000e4fd  /system/bin/mksh
I/DEBUG   (  144): 
I/DEBUG   (  144): stack:
I/DEBUG   (  144):          bed3a680  0000100b  
I/DEBUG   (  144):          bed3a684  402ca49b  /system/lib/libc.so (dlmalloc+5326)
I/DEBUG   (  144):          bed3a688  00000000  
I/DEBUG   (  144):          bed3a68c  00000004  
I/DEBUG   (  144):          bed3a690  4071ef80  [heap]
I/DEBUG   (  144):          bed3a694  402ca49b  /system/lib/libc.so (dlmalloc+5326)
I/DEBUG   (  144):          bed3a698  00000000  
I/DEBUG   (  144):          bed3a69c  4010deac  /system/bin/mksh
I/DEBUG   (  144):          bed3a6a0  4071ef18  [heap]
I/DEBUG   (  144):          bed3a6a4  40112cc4  
I/DEBUG   (  144):          bed3a6a8  00000000  
I/DEBUG   (  144):          bed3a6ac  4071efd0  [heap]
I/DEBUG   (  144):          bed3a6b0  00000000  
I/DEBUG   (  144):          bed3a6b4  00000003  
I/DEBUG   (  144):          bed3a6b8  df0027ad  
I/DEBUG   (  144):          bed3a6bc  00000000  
I/DEBUG   (  144):     #00  bed3a6c0  00000000  
I/DEBUG   (  144):          bed3a6c4  00000745  
I/DEBUG   (  144):     #01  bed3a6c8  4071ef18  [heap]
I/DEBUG   (  144):          bed3a6cc  00013804  
I/DEBUG   (  144):          bed3a6d0  00000001  
I/DEBUG   (  144):          bed3a6d4  4010deac  /system/bin/mksh
I/DEBUG   (  144):          bed3a6d8  40112d84  
I/DEBUG   (  144):          bed3a6dc  40112d88  
I/DEBUG   (  144):          bed3a6e0  40112bb0  
I/DEBUG   (  144):          bed3a6e4  4071ef18  [heap]
I/DEBUG   (  144):          bed3a6e8  4071bf9c  [heap]
I/DEBUG   (  144):          bed3a6ec  40112df6  
I/DEBUG   (  144):          bed3a6f0  00000001  
I/DEBUG   (  144):          bed3a6f4  400f35cd  /system/bin/mksh
I/DEBUG   (  144):          bed3a6f8  4071ef18  [heap]
I/DEBUG   (  144):          bed3a6fc  0000001f  
I/DEBUG   (  144):          bed3a700  4071ef9c  [heap]
I/DEBUG   (  144):          bed3a704  4071eb2c  [heap]
I/DEBUG   (  144): 
I/DEBUG   (  144): memory near r1:
I/DEBUG   (  144):     4071efb0 656e2f63 74782f74 6174715f 64697567  c/net/xt_qtaguid
I/DEBUG   (  144):     4071efc0 6174732f 00007374 00000000 0000100b  /stats..........
I/DEBUG   (  144):     4071efd0 20786469 63616669 63612065 745f7463  idx iface acct_t
I/DEBUG   (  144):     4071efe0 685f6761 75207865 745f6469 695f6761  ag_hex uid_tag_i
I/DEBUG   (  144):     4071eff0 6320746e 735f746e 72207465 79625f78  nt cnt_set rx_by
I/DEBUG   (  144): 
I/DEBUG   (  144): memory near r6:
I/DEBUG   (  144):     4071ef8c 402fe534 00000010 00000012 00000000  4./@............
I/DEBUG   (  144):     4071ef9c 00746163 00000000 0000002b 4071ef98  cat.....+.....q@
I/DEBUG   (  144):     4071efac 6f72702f 656e2f63 74782f74 6174715f  /proc/net/xt_qta
I/DEBUG   (  144):     4071efbc 64697567 6174732f 00007374 00000000  guid/stats......
I/DEBUG   (  144):     4071efcc 0000100b 20786469 63616669 63612065  ....idx iface ac
I/DEBUG   (  144): 
I/DEBUG   (  144): memory near r8:
I/DEBUG   (  144):     4071efb0 656e2f63 74782f74 6174715f 64697567  c/net/xt_qtaguid
I/DEBUG   (  144):     4071efc0 6174732f 00007374 00000000 0000100b  /stats..........
I/DEBUG   (  144):     4071efd0 20786469 63616669 63612065 745f7463  idx iface acct_t
I/DEBUG   (  144):     4071efe0 685f6761 75207865 745f6469 695f6761  ag_hex uid_tag_i
I/DEBUG   (  144):     4071eff0 6320746e 735f746e 72207465 79625f78  nt cnt_set rx_by
I/DEBUG   (  144): 
I/DEBUG   (  144): memory near r9:
I/DEBUG   (  144):     4071ef00 00000000 00000004 00000000 0000001b  ................
I/DEBUG   (  144):     4071ef10 4071efa8 00000000 4071ef9c 4071efac  ..q@......q@..q@
I/DEBUG   (  144):     4071ef20 00000000 00000063 4071ef10 4071ebe8  ....c.....q@..q@
I/DEBUG   (  144):     4071ef30 bed3ab6c 00000000 00000000 4071b00c  l.............q@
I/DEBUG   (  144):     4071ef40 4071ef2c 4071ea5c 00000006 00000003  ,.q@\.q@........
I/DEBUG   (  144): 
I/DEBUG   (  144): memory near sl:
I/DEBUG   (  144):     4071efb0 656e2f63 74782f74 6174715f 64697567  c/net/xt_qtaguid
I/DEBUG   (  144):     4071efc0 6174732f 00007374 00000000 0000100b  /stats..........
I/DEBUG   (  144):     4071efd0 20786469 63616669 63612065 745f7463  idx iface acct_t
I/DEBUG   (  144):     4071efe0 685f6761 75207865 745f6469 695f6761  ag_hex uid_tag_i
I/DEBUG   (  144):     4071eff0 6320746e 735f746e 72207465 79625f78  nt cnt_set rx_by
I/DEBUG   (  144): 
I/DEBUG   (  144): memory near fp:
I/DEBUG   (  144):     40109c98 27000a27 49005c00 22005346 27262423  '..'.\.IFS."#$&'
I/DEBUG   (  144):     40109ca8 3a2a2928 3e3d3c3b 605c5b3f 007d7c7b  ()*:;<=>?[\`{|}.
I/DEBUG   (  144):     40109cb8 203a7325 67007325 68626172 00747369  %s: %s.grabhist.
I/DEBUG   (  144):     40109cc8 20646162 74736968 2079726f 61727261  bad history arra
I/DEBUG   (  144):     40109cd8 20200079 25002020 64252073 20636600  y.    .%s %d.fc 
I/DEBUG   (  144): 
I/DEBUG   (  144): memory near ip:
I/DEBUG   (  144):     4010df20 402c2104 402ce90d 402d7aa1 402c24d8  .!,@..,@.z-@.$,@
I/DEBUG   (  144):     4010df30 402c156c 402c1950 402c3a68 402cbf65  l.,@P.,@h:,@e.,@
I/DEBUG   (  144):     4010df40 402c196c 402cd7a9 402c1814 402ce839  l.,@..,@..,@9.,@
I/DEBUG   (  144):     4010df50 402c2920 402ce871 402c2cec 402c20cc   ),@q.,@.,,@. ,@
I/DEBUG   (  144):     4010df60 402c17f8 402c17dc 402c15f8 402c22c0  ..,@..,@..,@.",@
I/DEBUG   (  144): 
I/DEBUG   (  144): memory near sp:
I/DEBUG   (  144):     bed3a6a0 4071ef18 40112cc4 00000000 4071efd0  ..q@.,.@......q@
I/DEBUG   (  144):     bed3a6b0 00000000 00000003 df0027ad 00000000  .........'......
I/DEBUG   (  144):     bed3a6c0 00000000 00000745 4071ef18 00013804  ....E.....q@.8..
I/DEBUG   (  144):     bed3a6d0 00000001 4010deac 40112d84 40112d88  .......@.-.@.-.@
I/DEBUG   (  144):     bed3a6e0 40112bb0 4071ef18 4071bf9c 40112df6  .+.@..q@..q@.-.@
I/DEBUG   (  144): 
I/DEBUG   (  144): code around pc:
I/DEBUG   (  144):     402c1958 ef000000 e8bd0090 e1b00000 512fff1e  ............../Q
I/DEBUG   (  144):     402c1968 ea00b4ac e92d0090 e3a07004 ef000000  ......-..p......
I/DEBUG   (  144):     402c1978 e8bd0090 e1b00000 512fff1e ea00b4a5  ........../Q....
I/DEBUG   (  144):     402c1988 e1a0c00d e92d00f0 e89c0070 e3a070b4  ......-.p....p..
I/DEBUG   (  144):     402c1998 ef000000 e8bd00f0 e1b00000 512fff1e  ............../Q
I/DEBUG   (  144): 
I/DEBUG   (  144): code around lr:
I/DEBUG   (  144):     400f64e0 f7f36800 4631ed6a 46584602 fe64f009  .h..j.1F.FXF..d.
I/DEBUG   (  144):     400f64f0 b320e025 200146c2 463a4651 ed80f7f3  %. ..F. QF:F....
I/DEBUG   (  144):     400f6500 bf1c1c43 0707ebc0 d1154482 ed1ef7f3  C........D......
I/DEBUG   (  144):     400f6510 2a046802 f7f3d010 6800ed1a ed4cf7f3  .h.*.......h..L.
I/DEBUG   (  144):     400f6520 44794916 48164602 f0094478 b17dfe45  .IyD.F.HxD..E.}.
I/DEBUG   (  144): !@dumpstate -k -t -z -d -o /data/log/dumpstate_app_native -m 11027
I/dumpstate(27851): begin
E/ThermalDaemon( 1314): CPU[1] offline
E/SMD     (  151): DCD ON
E/ThermalDaemon( 1314): Sensor 'MSM_THERM' -  39*C (39936)
E/MtpService(21795): In MTPAPP onReceive:android.intent.action.BATTERY_CHANGED
E/MtpService(21795): battPlugged Type : 2
E/ThermalDaemon( 1314): CPU[1] offline
E/ThermalDaemon( 1314): CPU[1] offline
E/SMD     (  151): DCD ON
E/ThermalDaemon( 1314): Sensor 'MSM_THERM' -  40*C (40960)
E/SMD     (  151): DCD ON
E/ThermalDaemon( 1314): CPU[1] offline
E/SMD     (  151): DCD ON
I/dumpstate(27851): done
E/ThermalDaemon( 1314): CPU[3] offline
E/ThermalDaemon( 1314): CPU[2] offline
E/ThermalDaemon( 1314): CPU[1] offline
I/DEBUG   (  144): gotoUploadUserFault called
I/DEBUG   (  144): *** *** *** *** *** *** *** *** *** *** *** *** *** *** *** ***
I/DEBUG   (  144): Build fingerprint: 'samsung/delos3gzc/delos3gchn:4.1.2/JZO54K/I8552ZCAMJ1:user/release-keys'
I/DEBUG   (  144): pid: 10501, tid: 10501, name: sh  >>> /system/bin/sh <<<
I/DEBUG   (  144): signal 13 (SIGPIPE), code -6 (?), fault addr --------
I/DEBUG   (  144):     r0 ffffffe0  r1 4023cfd0  r2 00000745  r3 00000000
I/DEBUG   (  144):     r4 00000000  r5 00000003  r6 4023cfac  r7 00000004
I/DEBUG   (  144):     r8 4023cfd0  r9 4023cf20  sl 4023cfd0  fp 40083cb8
I/DEBUG   (  144):     ip 40087f40  sp bec226c0  lr 40070501  pc 4011d978  cpsr 00000010
I/DEBUG   (  144):     d0  69752f746363612f  d1  3220303452204874
I/DEBUG   (  144):     d2  747379732f3a7261  d3  656d6172662f6d73
I/DEBUG   (  144):     d4  2e326b726f77656d  d5  7379732f3a72616a
I/DEBUG   (  144):     d6  6d6172662f6d6574  d7  72662f6b726f7765
I/DEBUG   (  144):     d8  0000000000000000  d9  0000000000000000
I/DEBUG   (  144):     d10 0000000000000000  d11 0000000000000000
I/DEBUG   (  144):     d12 0000000000000000  d13 0000000000000000
I/DEBUG   (  144):     d14 0000000000000000  d15 0000000000000000
I/DEBUG   (  144):     d16 5f6b726f77656d61  d17 3a72616a2e747865
I/DEBUG   (  144):     d18 2f6d65747379732f  d19 726f77656d617266
I/DEBUG   (  144):     d20 696f72646e612f6b  d21 7963696c6f702e64
I/DEBUG   (  144):     d22 79732f3a72616a2e  d23 6172662f6d657473
I/DEBUG   (  144):     d24 0000000000000000  d25 0000000000000000
I/DEBUG   (  144):     d26 0000000000000000  d27 0000000000000000
I/DEBUG   (  144):     d28 0000000000000000  d29 0000000000000000
I/DEBUG   (  144):     d30 0000000000000000  d31 0000000000000000
I/DEBUG   (  144):     scr 00000010
I/DEBUG   (  144): 
I/DEBUG   (  144): backtrace:
I/DEBUG   (  144):     #00  pc 0000c978  /system/lib/libc.so (write+12)
I/DEBUG   (  144):     #01  pc 0000e4fd  /system/bin/mksh
I/DEBUG   (  144): 
I/DEBUG   (  144): stack:
I/DEBUG   (  144):          bec22680  0000100b  
I/DEBUG   (  144):          bec22684  4012649b  /system/lib/libc.so (dlmalloc+5326)
I/DEBUG   (  144):          bec22688  00000000  
I/DEBUG   (  144):          bec2268c  00000004  
I/DEBUG   (  144):          bec22690  4023cf80  [heap]
I/DEBUG   (  144):          bec22694  4012649b  /system/lib/libc.so (dlmalloc+5326)
I/DEBUG   (  144):          bec22698  00000000  
I/DEBUG   (  144):          bec2269c  40087eac  /system/bin/mksh
I/DEBUG   (  144):          bec226a0  4023cf18  [heap]
I/DEBUG   (  144):          bec226a4  4008ccc4  
I/DEBUG   (  144):          bec226a8  00000000  
I/DEBUG   (  144):          bec226ac  4023cfd0  [heap]
I/DEBUG   (  144):          bec226b0  00000000  
I/DEBUG   (  144):          bec226b4  00000003  
I/DEBUG   (  144):          bec226b8  df0027ad  
I/DEBUG   (  144):          bec226bc  00000000  
I/DEBUG   (  144):     #00  bec226c0  00000000  
I/DEBUG   (  144):          bec226c4  00000745  
I/DEBUG   (  144):     #01  bec226c8  4023cf18  [heap]
I/DEBUG   (  144):          bec226cc  00013804  
I/DEBUG   (  144):          bec226d0  00000001  
I/DEBUG   (  144):          bec226d4  40087eac  /system/bin/mksh
I/DEBUG   (  144):          bec226d8  4008cd84  
I/DEBUG   (  144):          bec226dc  4008cd88  
I/DEBUG   (  144):          bec226e0  4008cbb0  
I/DEBUG   (  144):          bec226e4  4023cf18  [heap]
I/DEBUG   (  144):          bec226e8  40239f9c  [heap]
I/DEBUG   (  144):          bec226ec  4008cdf6  
I/DEBUG   (  144):          bec226f0  00000001  
I/DEBUG   (  144):          bec226f4  4006d5cd  /system/bin/mksh
I/DEBUG   (  144):          bec226f8  4023cf18  [heap]
I/DEBUG   (  144):          bec226fc  0000001f  
I/DEBUG   (  144):          bec22700  4023cf9c  [heap]
I/DEBUG   (  144):          bec22704  4023cb2c  [heap]
I/DEBUG   (  144): 
I/DEBUG   (  144): memory near r1:
I/DEBUG   (  144):     4023cfb0 656e2f63 74782f74 6174715f 64697567  c/net/xt_qtaguid
I/DEBUG   (  144):     4023cfc0 6174732f 00007374 00000000 0000100b  /stats..........
I/DEBUG   (  144):     4023cfd0 20786469 63616669 63612065 745f7463  idx iface acct_t
I/DEBUG   (  144):     4023cfe0 685f6761 75207865 745f6469 695f6761  ag_hex uid_tag_i
I/DEBUG   (  144):     4023cff0 6320746e 735f746e 72207465 79625f78  nt cnt_set rx_by
I/DEBUG   (  144): 
I/DEBUG   (  144): memory near r6:
I/DEBUG   (  144):     4023cf8c 4015a534 00000010 00000012 00000000  4..@............
I/DEBUG   (  144):     4023cf9c 00746163 00000000 0000002b 4023cf98  cat.....+.....#@
I/DEBUG   (  144):     4023cfac 6f72702f 656e2f63 74782f74 6174715f  /proc/net/xt_qta
I/DEBUG   (  144):     4023cfbc 64697567 6174732f 00007374 00000000  guid/stats......
I/DEBUG   (  144):     4023cfcc 0000100b 20786469 63616669 63612065  ....idx iface ac
I/DEBUG   (  144): 
I/DEBUG   (  144): memory near r8:
I/DEBUG   (  144):     4023cfb0 656e2f63 74782f74 6174715f 64697567  c/net/xt_qtaguid
I/DEBUG   (  144):     4023cfc0 6174732f 00007374 00000000 0000100b  /stats..........
I/DEBUG   (  144):     4023cfd0 20786469 63616669 63612065 745f7463  idx iface acct_t
I/DEBUG   (  144):     4023cfe0 685f6761 75207865 745f6469 695f6761  ag_hex uid_tag_i
I/DEBUG   (  144):     4023cff0 6320746e 735f746e 72207465 79625f78  nt cnt_set rx_by
I/DEBUG   (  144): 
I/DEBUG   (  144): memory near r9:
I/DEBUG   (  144):     4023cf00 00000000 00000004 00000000 0000001b  ................
I/DEBUG   (  144):     4023cf10 4023cfa8 00000000 4023cf9c 4023cfac  ..#@......#@..#@
I/DEBUG   (  144):     4023cf20 00000000 00000063 4023cf10 4023cbe8  ....c.....#@..#@
I/DEBUG   (  144):     4023cf30 bec22b6c 00000000 00000000 4023900c  l+............#@
I/DEBUG   (  144):     4023cf40 4023cf2c 4023ca5c 00000006 00000003  ,.#@\.#@........
I/DEBUG   (  144): 
I/DEBUG   (  144): memory near sl:
I/DEBUG   (  144):     4023cfb0 656e2f63 74782f74 6174715f 64697567  c/net/xt_qtaguid
I/DEBUG   (  144):     4023cfc0 6174732f 00007374 00000000 0000100b  /stats..........
I/DEBUG   (  144):     4023cfd0 20786469 63616669 63612065 745f7463  idx iface acct_t
I/DEBUG   (  144):     4023cfe0 685f6761 75207865 745f6469 695f6761  ag_hex uid_tag_i
I/DEBUG   (  144):     4023cff0 6320746e 735f746e 72207465 79625f78  nt cnt_set rx_by
I/DEBUG   (  144): 
I/DEBUG   (  144): memory near fp:
I/DEBUG   (  144):     40083c98 27000a27 49005c00 22005346 27262423  '..'.\.IFS."#$&'
I/DEBUG   (  144):     40083ca8 3a2a2928 3e3d3c3b 605c5b3f 007d7c7b  ()*:;<=>?[\`{|}.
I/DEBUG   (  144):     40083cb8 203a7325 67007325 68626172 00747369  %s: %s.grabhist.
I/DEBUG   (  144):     40083cc8 20646162 74736968 2079726f 61727261  bad history arra
I/DEBUG   (  144):     40083cd8 20200079 25002020 64252073 20636600  y.    .%s %d.fc 
I/DEBUG   (  144): 
I/DEBUG   (  144): memory near ip:
I/DEBUG   (  144):     40087f20 4011e104 4012a90d 40133aa1 4011e4d8  ...@...@.:.@...@
I/DEBUG   (  144):     40087f30 4011d56c 4011d950 4011fa68 40127f65  l..@P..@h..@e..@
I/DEBUG   (  144):     40087f40 4011d96c 401297a9 4011d814 4012a839  l..@...@...@9..@
I/DEBUG   (  144):     40087f50 4011e920 4012a871 4011ecec 4011e0cc   ..@q..@...@...@
I/DEBUG   (  144):     40087f60 4011d7f8 4011d7dc 4011d5f8 4011e2c0  ...@...@...@...@
I/DEBUG   (  144): 
I/DEBUG   (  144): memory near sp:
I/DEBUG   (  144):     bec226a0 4023cf18 4008ccc4 00000000 4023cfd0  ..#@...@......#@
I/DEBUG   (  144):     bec226b0 00000000 00000003 df0027ad 00000000  .........'......
I/DEBUG   (  144):     bec226c0 00000000 00000745 4023cf18 00013804  ....E.....#@.8..
I/DEBUG   (  144):     bec226d0 00000001 40087eac 4008cd84 4008cd88  .....~.@...@...@
I/DEBUG   (  144):     bec226e0 4008cbb0 4023cf18 40239f9c 4008cdf6  ...@..#@..#@...@
I/DEBUG   (  144): 
I/DEBUG   (  144): code around pc:
I/DEBUG   (  144):     4011d958 ef000000 e8bd0090 e1b00000 512fff1e  ............../Q
I/DEBUG   (  144):     4011d968 ea00b4ac e92d0090 e3a07004 ef000000  ......-..p......
I/DEBUG   (  144):     4011d978 e8bd0090 e1b00000 512fff1e ea00b4a5  ........../Q....
I/DEBUG   (  144):     4011d988 e1a0c00d e92d00f0 e89c0070 e3a070b4  ......-.p....p..
I/DEBUG   (  144):     4011d998 ef000000 e8bd00f0 e1b00000 512fff1e  ............../Q
I/DEBUG   (  144): 
I/DEBUG   (  144): code around lr:
I/DEBUG   (  144):     400704e0 f7f36800 4631ed6a 46584602 fe64f009  .h..j.1F.FXF..d.
I/DEBUG   (  144):     400704f0 b320e025 200146c2 463a4651 ed80f7f3  %. ..F. QF:F....
I/DEBUG   (  144):     40070500 bf1c1c43 0707ebc0 d1154482 ed1ef7f3  C........D......
I/DEBUG   (  144):     40070510 2a046802 f7f3d010 6800ed1a ed4cf7f3  .h.*.......h..L.
I/DEBUG   (  144):     40070520 44794916 48164602 f0094478 b17dfe45  .IyD.F.HxD..E.}.
I/DEBUG   (  144): !@dumpstate -k -t -z -d -o /data/log/dumpstate_app_native -m 10501
E/ThermalDaemon( 1314): Sensor 'MSM_THERM' -  40*C (40960)
I/dumpstate(27934): begin
E/ThermalDaemon( 1314): CPU[1] offline
E/MtpService(21795): In MTPAPP onReceive:android.intent.action.BATTERY_CHANGED
E/MtpService(21795): battPlugged Type : 2
E/SMD     (  151): DCD ON
E/ThermalDaemon( 1314): CPU[3] offline
E/ThermalDaemon( 1314): CPU[2] offline
E/ThermalDaemon( 1314): CPU[1] offline
E/ThermalDaemon( 1314): CPU[3] offline
E/ThermalDaemon( 1314): CPU[2] offline
E/ThermalDaemon( 1314): CPU[1] offline
E/ThermalDaemon( 1314): CPU[3] offline
E/ThermalDaemon( 1314): CPU[2] offline
E/SMD     (  151): DCD ON
E/ThermalDaemon( 1314): Sensor 'MSM_THERM' -  40*C (40960)
D/ApplicationPolicy(  527): isStatusBarNotificationAllowed: packageName = com.shuame.mobile
E/ThermalDaemon( 1314): CPU[2] offline
E/ThermalDaemon( 1314): CPU[3] offline
E/ThermalDaemon( 1314): CPU[2] offline
E/SMD     (  151): DCD ON
E/ThermalDaemon( 1314): CPU[3] offline
E/ThermalDaemon( 1314): CPU[2] offline
E/ThermalDaemon( 1314): CPU[1] offline
E/ThermalDaemon( 1314): Sensor 'MSM_THERM' -  40*C (40960)
D/BatteryStatsImpl(  527): ++++++xy WakeLock start : pid=527, name=, type=0, tid=562, pid=527, pName=null
D/widget  (  816): [MSC_SinaWeather_JB]>>> U:166 [0:0] widget 1462323300159
D/widget  (  816): [MSC_SinaWeather_JB]>>> SWC:1596 [0:0] nt=1462323300159
D/widget  (  816): [MSC_SinaWeather_JB]>>> SWC:1597 [0:0] [ARH] now = [1462280100116] lt = [1462280100000] need RF = [true]
D/widget  (  816): [MSC_SinaWeather_JB]>>> SWC:1602 [0:0] nt - now =43200043
D/widget  (  816): [MSC_SinaWeather_JB]>>> SWC:1603 [0:0]  now : 16/05/03 20:55:00 lt : 16/05/03 20:55:00
D/widget  (  816): [MSC_SinaWeather_JB]>>> SWC:1608 [0:0] need RF = true
D/widget  (  816): [MSC_SinaWeather_JB]>>> SWC:1541 [0:0]  [pNA] : bool = true, nR = true
D/widget  (  816): [MSC_SinaWeather_JB]>>> SWC:1546 [0:0] [pNA] : size= 3
D/widget  (  816): [MSC_SinaWeather_JB]>>> SWC:1368 [0:0] drw all Tm dt = 2055
D/dalvikvm(  527): GC_CONCURRENT freed 2505K, 53% free 19282K/40455K, paused 70ms+22ms, total 346ms
D/BatteryStatsImpl(  527): ++++++xy WakeLock stop : pid=527, name=, type=0, tid=546, pid=527, pName=null
D/com.samsung.app( 1110): [MSC_SinaWeather_JB]>>> SWCS:320 [0:0]  BR = widgetappapherosinaweatheractionACTION_PERFORM_NETWORK_ACCESS_RESPONCE
E/        (  816): <<< httpNetworkAccessResponse ::: readResult=-1, bConnected=false, msgWhat=0
D/widget  (  816): [MSC_SinaWeather_JB]>>> SM:441 [0:0] IR : false, IPR : false
D/widget  (  816): [MSC_SinaWeather_JB]>>> SWC:1368 [0:0] drw all Tm dt = 2055
E/ThermalDaemon( 1314): CPU[3] offline
E/ThermalDaemon( 1314): CPU[2] offline
E/MtpService(21795): In MTPAPP onReceive:android.intent.action.BATTERY_CHANGED
E/MtpService(21795): battPlugged Type : 2
E/SMD     (  151): DCD ON
E/ThermalDaemon( 1314): CPU[1] offline
I/dumpstate(27934): done
I/DEBUG   (  144): gotoUploadUserFault called
I/DEBUG   (  144): *** *** *** *** *** *** *** *** *** *** *** *** *** *** *** ***
I/DEBUG   (  144): Build fingerprint: 'samsung/delos3gzc/delos3gchn:4.1.2/JZO54K/I8552ZCAMJ1:user/release-keys'
I/DEBUG   (  144): pid: 11163, tid: 11163, name: sh  >>> /system/bin/sh <<<
I/DEBUG   (  144): signal 13 (SIGPIPE), code -6 (?), fault addr --------
I/DEBUG   (  144):     r0 ffffffe0  r1 41854fd0  r2 00000745  r3 00000000
I/DEBUG   (  144):     r4 00000000  r5 00000003  r6 41854fac  r7 00000004
I/DEBUG   (  144):     r8 41854fd0  r9 41854f20  sl 41854fd0  fp 4006acb8
I/DEBUG   (  144):     ip 4006ef40  sp bee526c0  lr 40057501  pc 40265978  cpsr 00000010
I/DEBUG   (  144):     d0  69752f746363612f  d1  3220303452204874
I/DEBUG   (  144):     d2  747379732f3a7261  d3  656d6172662f6d73
I/DEBUG   (  144):     d4  2e326b726f77656d  d5  7379732f3a72616a
I/DEBUG   (  144):     d6  6d6172662f6d6574  d7  72662f6b726f7765
I/DEBUG   (  144):     d8  0000000000000000  d9  0000000000000000
I/DEBUG   (  144):     d10 0000000000000000  d11 0000000000000000
I/DEBUG   (  144):     d12 0000000000000000  d13 0000000000000000
I/DEBUG   (  144):     d14 0000000000000000  d15 0000000000000000
I/DEBUG   (  144):     d16 5f6b726f77656d61  d17 3a72616a2e747865
I/DEBUG   (  144):     d18 2f6d65747379732f  d19 726f77656d617266
I/DEBUG   (  144):     d20 696f72646e612f6b  d21 7963696c6f702e64
I/DEBUG   (  144):     d22 79732f3a72616a2e  d23 6172662f6d657473
I/DEBUG   (  144):     d24 0000000000000000  d25 0000000000000000
I/DEBUG   (  144):     d26 0000000000000000  d27 0000000000000000
I/DEBUG   (  144):     d28 0000000000000000  d29 0000000000000000
I/DEBUG   (  144):     d30 0000000000000000  d31 0000000000000000
I/DEBUG   (  144):     scr 00000010
I/DEBUG   (  144): 
I/DEBUG   (  144): backtrace:
I/DEBUG   (  144):     #00  pc 0000c978  /system/lib/libc.so (write+12)
I/DEBUG   (  144):     #01  pc 0000e4fd  /system/bin/mksh
I/DEBUG   (  144): 
I/DEBUG   (  144): stack:
I/DEBUG   (  144):          bee52680  0000100b  
I/DEBUG   (  144):          bee52684  4026e49b  /system/lib/libc.so (dlmalloc+5326)
I/DEBUG   (  144):          bee52688  00000000  
I/DEBUG   (  144):          bee5268c  00000004  
I/DEBUG   (  144):          bee52690  41854f80  [heap]
I/DEBUG   (  144):          bee52694  4026e49b  /system/lib/libc.so (dlmalloc+5326)
I/DEBUG   (  144):          bee52698  00000000  
I/DEBUG   (  144):          bee5269c  4006eeac  /system/bin/mksh
I/DEBUG   (  144):          bee526a0  41854f18  [heap]
I/DEBUG   (  144):          bee526a4  40073cc4  
I/DEBUG   (  144):          bee526a8  00000000  
I/DEBUG   (  144):          bee526ac  41854fd0  [heap]
I/DEBUG   (  144):          bee526b0  00000000  
I/DEBUG   (  144):          bee526b4  00000003  
I/DEBUG   (  144):          bee526b8  df0027ad  
I/DEBUG   (  144):          bee526bc  00000000  
I/DEBUG   (  144):     #00  bee526c0  00000000  
I/DEBUG   (  144):          bee526c4  00000745  
I/DEBUG   (  144):     #01  bee526c8  41854f18  [heap]
I/DEBUG   (  144):          bee526cc  00013804  
I/DEBUG   (  144):          bee526d0  00000001  
I/DEBUG   (  144):          bee526d4  4006eeac  /system/bin/mksh
I/DEBUG   (  144):          bee526d8  40073d84  
I/DEBUG   (  144):          bee526dc  40073d88  
I/DEBUG   (  144):          bee526e0  40073bb0  
I/DEBUG   (  144):          bee526e4  41854f18  [heap]
I/DEBUG   (  144):          bee526e8  41851f9c  [heap]
I/DEBUG   (  144):          bee526ec  40073df6  
I/DEBUG   (  144):          bee526f0  00000001  
I/DEBUG   (  144):          bee526f4  400545cd  /system/bin/mksh
I/DEBUG   (  144):          bee526f8  41854f18  [heap]
I/DEBUG   (  144):          bee526fc  0000001f  
I/DEBUG   (  144):          bee52700  41854f9c  [heap]
I/DEBUG   (  144):          bee52704  41854b2c  [heap]
I/DEBUG   (  144): 
I/DEBUG   (  144): memory near r1:
I/DEBUG   (  144):     41854fb0 656e2f63 74782f74 6174715f 64697567  c/net/xt_qtaguid
I/DEBUG   (  144):     41854fc0 6174732f 00007374 00000000 0000100b  /stats..........
I/DEBUG   (  144):     41854fd0 20786469 63616669 63612065 745f7463  idx iface acct_t
I/DEBUG   (  144):     41854fe0 685f6761 75207865 745f6469 695f6761  ag_hex uid_tag_i
I/DEBUG   (  144):     41854ff0 6320746e 735f746e 72207465 79625f78  nt cnt_set rx_by
I/DEBUG   (  144): 
I/DEBUG   (  144): memory near r6:
I/DEBUG   (  144):     41854f8c 402a2534 00000010 00000012 00000000  4%*@............
I/DEBUG   (  144):     41854f9c 00746163 00000000 0000002b 41854f98  cat.....+....O.A
I/DEBUG   (  144):     41854fac 6f72702f 656e2f63 74782f74 6174715f  /proc/net/xt_qta
I/DEBUG   (  144):     41854fbc 64697567 6174732f 00007374 00000000  guid/stats......
I/DEBUG   (  144):     41854fcc 0000100b 20786469 63616669 63612065  ....idx iface ac
I/DEBUG   (  144): 
I/DEBUG   (  144): memory near r8:
I/DEBUG   (  144):     41854fb0 656e2f63 74782f74 6174715f 64697567  c/net/xt_qtaguid
I/DEBUG   (  144):     41854fc0 6174732f 00007374 00000000 0000100b  /stats..........
I/DEBUG   (  144):     41854fd0 20786469 63616669 63612065 745f7463  idx iface acct_t
I/DEBUG   (  144):     41854fe0 685f6761 75207865 745f6469 695f6761  ag_hex uid_tag_i
I/DEBUG   (  144):     41854ff0 6320746e 735f746e 72207465 79625f78  nt cnt_set rx_by
I/DEBUG   (  144): 
I/DEBUG   (  144): memory near r9:
I/DEBUG   (  144):     41854f00 00000000 00000004 00000000 0000001b  ................
I/DEBUG   (  144):     41854f10 41854fa8 00000000 41854f9c 41854fac  .O.A.....O.A.O.A
I/DEBUG   (  144):     41854f20 00000000 00000063 41854f10 41854be8  ....c....O.A.K.A
I/DEBUG   (  144):     41854f30 bee52b6c 00000000 00000000 4185100c  l+.............A
I/DEBUG   (  144):     41854f40 41854f2c 41854a5c 00000006 00000003  ,O.A\J.A........
I/DEBUG   (  144): 
I/DEBUG   (  144): memory near sl:
I/DEBUG   (  144):     41854fb0 656e2f63 74782f74 6174715f 64697567  c/net/xt_qtaguid
I/DEBUG   (  144):     41854fc0 6174732f 00007374 00000000 0000100b  /stats..........
I/DEBUG   (  144):     41854fd0 20786469 63616669 63612065 745f7463  idx iface acct_t
I/DEBUG   (  144):     41854fe0 685f6761 75207865 745f6469 695f6761  ag_hex uid_tag_i
I/DEBUG   (  144):     41854ff0 6320746e 735f746e 72207465 79625f78  nt cnt_set rx_by
I/DEBUG   (  144): 
I/DEBUG   (  144): memory near fp:
I/DEBUG   (  144):     4006ac98 27000a27 49005c00 22005346 27262423  '..'.\.IFS."#$&'
I/DEBUG   (  144):     4006aca8 3a2a2928 3e3d3c3b 605c5b3f 007d7c7b  ()*:;<=>?[\`{|}.
I/DEBUG   (  144):     4006acb8 203a7325 67007325 68626172 00747369  %s: %s.grabhist.
I/DEBUG   (  144):     4006acc8 20646162 74736968 2079726f 61727261  bad history arra
I/DEBUG   (  144):     4006acd8 20200079 25002020 64252073 20636600  y.    .%s %d.fc 
I/DEBUG   (  144): 
I/DEBUG   (  144): memory near ip:
I/DEBUG   (  144):     4006ef20 40266104 4027290d 4027baa1 402664d8  .a&@.)'@..'@.d&@
I/DEBUG   (  144):     4006ef30 4026556c 40265950 40267a68 4026ff65  lU&@PY&@hz&@e.&@
I/DEBUG   (  144):     4006ef40 4026596c 402717a9 40265814 40272839  lY&@..'@.X&@9('@
I/DEBUG   (  144):     4006ef50 40266920 40272871 40266cec 402660cc   i&@q('@.l&@.`&@
I/DEBUG   (  144):     4006ef60 402657f8 402657dc 402655f8 402662c0  .W&@.W&@.U&@.b&@
I/DEBUG   (  144): 
I/DEBUG   (  144): memory near sp:
I/DEBUG   (  144):     bee526a0 41854f18 40073cc4 00000000 41854fd0  .O.A.<.@.....O.A
I/DEBUG   (  144):     bee526b0 00000000 00000003 df0027ad 00000000  .........'......
I/DEBUG   (  144):     bee526c0 00000000 00000745 41854f18 00013804  ....E....O.A.8..
I/DEBUG   (  144):     bee526d0 00000001 4006eeac 40073d84 40073d88  .......@.=.@.=.@
I/DEBUG   (  144):     bee526e0 40073bb0 41854f18 41851f9c 40073df6  .;.@.O.A...A.=.@
I/DEBUG   (  144): 
I/DEBUG   (  144): code around pc:
I/DEBUG   (  144):     40265958 ef000000 e8bd0090 e1b00000 512fff1e  ............../Q
I/DEBUG   (  144):     40265968 ea00b4ac e92d0090 e3a07004 ef000000  ......-..p......
I/DEBUG   (  144):     40265978 e8bd0090 e1b00000 512fff1e ea00b4a5  ........../Q....
I/DEBUG   (  144):     40265988 e1a0c00d e92d00f0 e89c0070 e3a070b4  ......-.p....p..
I/DEBUG   (  144):     40265998 ef000000 e8bd00f0 e1b00000 512fff1e  ............../Q
I/DEBUG   (  144): 
I/DEBUG   (  144): code around lr:
I/DEBUG   (  144):     400574e0 f7f36800 4631ed6a 46584602 fe64f009  .h..j.1F.FXF..d.
I/DEBUG   (  144):     400574f0 b320e025 200146c2 463a4651 ed80f7f3  %. ..F. QF:F....
I/DEBUG   (  144):     40057500 bf1c1c43 0707ebc0 d1154482 ed1ef7f3  C........D......
I/DEBUG   (  144):     40057510 2a046802 f7f3d010 6800ed1a ed4cf7f3  .h.*.......h..L.
I/DEBUG   (  144):     40057520 44794916 48164602 f0094478 b17dfe45  .IyD.F.HxD..E.}.
I/DEBUG   (  144): !@dumpstate -k -t -z -d -o /data/log/dumpstate_app_native -m 11163
I/dumpstate(28072): begin
E/ThermalDaemon( 1314): CPU[1] offline
D/widget  (  816): [MSC_SinaWeather_JB]>>> SM:441 [0:0] IR : false, IPR : false
D/widget  (  816): [MSC_SinaWeather_JB]>>> SM:1251 [0:0] sta ani iPA = false, flkDir = 0, iFA = false
D/widget  (  816): [MSC_SinaWeather_JB]>>> SWC:1368 [0:0] drw all Tm dt = 2055
D/widget  (  816): [MSC_SinaWeather_JB]>>> SM:508 [0:0] IR : false, IPR : false
E/ThermalDaemon( 1314): CPU[2] offline
E/SMD     (  151): DCD ON
E/ThermalDaemon( 1314): CPU[1] offline
E/ThermalDaemon( 1314): Sensor 'MSM_THERM' -  40*C (40960)
E/ThermalDaemon( 1314): CPU[1] offline
E/Watchdog(  527): !@Sync 4643
E/SMD     (  151): DCD ON
E/SMD     (  151): DCD ON
E/ThermalDaemon( 1314): Sensor 'MSM_THERM' -  40*C (40960)
E/ThermalDaemon( 1314): CPU[1] offline
E/SMD     (  151): DCD ON
I/dumpstate(28072): done
E/ThermalDaemon( 1314): CPU[2] offline
E/ThermalDaemon( 1314): CPU[1] offline
I/DEBUG   (  144): gotoUploadUserFault called
I/DEBUG   (  144): *** *** *** *** *** *** *** *** *** *** *** *** *** *** *** ***
I/DEBUG   (  144): Build fingerprint: 'samsung/delos3gzc/delos3gchn:4.1.2/JZO54K/I8552ZCAMJ1:user/release-keys'
I/DEBUG   (  144): pid: 11298, tid: 11298, name: sh  >>> /system/bin/sh <<<
I/DEBUG   (  144): signal 13 (SIGPIPE), code -6 (?), fault addr --------
I/DEBUG   (  144):     r0 ffffffe0  r1 41f49fd0  r2 00000745  r3 00000000
I/DEBUG   (  144):     r4 00000000  r5 00000003  r6 41f49fac  r7 00000004
I/DEBUG   (  144):     r8 41f49fd0  r9 41f49f20  sl 41f49fd0  fp 4006fcb8
I/DEBUG   (  144):     ip 40073f40  sp be9406c0  lr 4005c501  pc 40182978  cpsr 00000010
I/DEBUG   (  144):     d0  69752f746363612f  d1  3220303452204874
I/DEBUG   (  144):     d2  747379732f3a7261  d3  656d6172662f6d73
I/DEBUG   (  144):     d4  2e326b726f77656d  d5  7379732f3a72616a
I/DEBUG   (  144):     d6  6d6172662f6d6574  d7  72662f6b726f7765
I/DEBUG   (  144):     d8  0000000000000000  d9  0000000000000000
I/DEBUG   (  144):     d10 0000000000000000  d11 0000000000000000
I/DEBUG   (  144):     d12 0000000000000000  d13 0000000000000000
I/DEBUG   (  144):     d14 0000000000000000  d15 0000000000000000
I/DEBUG   (  144):     d16 5f6b726f77656d61  d17 3a72616a2e747865
I/DEBUG   (  144):     d18 2f6d65747379732f  d19 726f77656d617266
I/DEBUG   (  144):     d20 696f72646e612f6b  d21 7963696c6f702e64
I/DEBUG   (  144):     d22 79732f3a72616a2e  d23 6172662f6d657473
I/DEBUG   (  144):     d24 0000000000000000  d25 0000000000000000
I/DEBUG   (  144):     d26 0000000000000000  d27 0000000000000000
I/DEBUG   (  144):     d28 0000000000000000  d29 0000000000000000
I/DEBUG   (  144):     d30 0000000000000000  d31 0000000000000000
I/DEBUG   (  144):     scr 00000010
I/DEBUG   (  144): 
I/DEBUG   (  144): backtrace:
I/DEBUG   (  144):     #00  pc 0000c978  /system/lib/libc.so (write+12)
I/DEBUG   (  144):     #01  pc 0000e4fd  /system/bin/mksh
I/DEBUG   (  144): 
I/DEBUG   (  144): stack:
I/DEBUG   (  144):          be940680  0000100b  
I/DEBUG   (  144):          be940684  4018b49b  /system/lib/libc.so (dlmalloc+5326)
I/DEBUG   (  144):          be940688  00000000  
I/DEBUG   (  144):          be94068c  00000004  
I/DEBUG   (  144):          be940690  41f49f80  [heap]
I/DEBUG   (  144):          be940694  4018b49b  /system/lib/libc.so (dlmalloc+5326)
I/DEBUG   (  144):          be940698  00000000  
I/DEBUG   (  144):          be94069c  40073eac  /system/bin/mksh
I/DEBUG   (  144):          be9406a0  41f49f18  [heap]
I/DEBUG   (  144):          be9406a4  40078cc4  
I/DEBUG   (  144):          be9406a8  00000000  
I/DEBUG   (  144):          be9406ac  41f49fd0  [heap]
I/DEBUG   (  144):          be9406b0  00000000  
I/DEBUG   (  144):          be9406b4  00000003  
I/DEBUG   (  144):          be9406b8  df0027ad  
I/DEBUG   (  144):          be9406bc  00000000  
I/DEBUG   (  144):     #00  be9406c0  00000000  
I/DEBUG   (  144):          be9406c4  00000745  
I/DEBUG   (  144):     #01  be9406c8  41f49f18  [heap]
I/DEBUG   (  144):          be9406cc  00013804  
I/DEBUG   (  144):          be9406d0  00000001  
I/DEBUG   (  144):          be9406d4  40073eac  /system/bin/mksh
I/DEBUG   (  144):          be9406d8  40078d84  
I/DEBUG   (  144):          be9406dc  40078d88  
I/DEBUG   (  144):          be9406e0  40078bb0  
I/DEBUG   (  144):          be9406e4  41f49f18  [heap]
I/DEBUG   (  144):          be9406e8  41f46f9c  [heap]
I/DEBUG   (  144):          be9406ec  40078df6  
I/DEBUG   (  144):          be9406f0  00000001  
I/DEBUG   (  144):          be9406f4  400595cd  /system/bin/mksh
I/DEBUG   (  144):          be9406f8  41f49f18  [heap]
I/DEBUG   (  144):          be9406fc  0000001f  
I/DEBUG   (  144):          be940700  41f49f9c  [heap]
I/DEBUG   (  144):          be940704  41f49b2c  [heap]
I/DEBUG   (  144): 
I/DEBUG   (  144): memory near r1:
I/DEBUG   (  144):     41f49fb0 656e2f63 74782f74 6174715f 64697567  c/net/xt_qtaguid
I/DEBUG   (  144):     41f49fc0 6174732f 00007374 00000000 0000100b  /stats..........
I/DEBUG   (  144):     41f49fd0 20786469 63616669 63612065 745f7463  idx iface acct_t
I/DEBUG   (  144):     41f49fe0 685f6761 75207865 745f6469 695f6761  ag_hex uid_tag_i
I/DEBUG   (  144):     41f49ff0 6320746e 735f746e 72207465 79625f78  nt cnt_set rx_by
I/DEBUG   (  144): 
I/DEBUG   (  144): memory near r6:
I/DEBUG   (  144):     41f49f8c 401bf534 00000010 00000012 00000000  4..@............
I/DEBUG   (  144):     41f49f9c 00746163 00000000 0000002b 41f49f98  cat.....+......A
I/DEBUG   (  144):     41f49fac 6f72702f 656e2f63 74782f74 6174715f  /proc/net/xt_qta
I/DEBUG   (  144):     41f49fbc 64697567 6174732f 00007374 00000000  guid/stats......
I/DEBUG   (  144):     41f49fcc 0000100b 20786469 63616669 63612065  ....idx iface ac
I/DEBUG   (  144): 
I/DEBUG   (  144): memory near r8:
I/DEBUG   (  144):     41f49fb0 656e2f63 74782f74 6174715f 64697567  c/net/xt_qtaguid
I/DEBUG   (  144):     41f49fc0 6174732f 00007374 00000000 0000100b  /stats..........
I/DEBUG   (  144):     41f49fd0 20786469 63616669 63612065 745f7463  idx iface acct_t
I/DEBUG   (  144):     41f49fe0 685f6761 75207865 745f6469 695f6761  ag_hex uid_tag_i
I/DEBUG   (  144):     41f49ff0 6320746e 735f746e 72207465 79625f78  nt cnt_set rx_by
I/DEBUG   (  144): 
I/DEBUG   (  144): memory near r9:
I/DEBUG   (  144):     41f49f00 00000000 00000004 00000000 0000001b  ................
I/DEBUG   (  144):     41f49f10 41f49fa8 00000000 41f49f9c 41f49fac  ...A.......A...A
I/DEBUG   (  144):     41f49f20 00000000 00000063 41f49f10 41f49be8  ....c......A...A
I/DEBUG   (  144):     41f49f30 be940b6c 00000000 00000000 41f4600c  l............`.A
I/DEBUG   (  144):     41f49f40 41f49f2c 41f49a5c 00000006 00000003  ,..A\..A........
I/DEBUG   (  144): 
I/DEBUG   (  144): memory near sl:
I/DEBUG   (  144):     41f49fb0 656e2f63 74782f74 6174715f 64697567  c/net/xt_qtaguid
I/DEBUG   (  144):     41f49fc0 6174732f 00007374 00000000 0000100b  /stats..........
I/DEBUG   (  144):     41f49fd0 20786469 63616669 63612065 745f7463  idx iface acct_t
I/DEBUG   (  144):     41f49fe0 685f6761 75207865 745f6469 695f6761  ag_hex uid_tag_i
I/DEBUG   (  144):     41f49ff0 6320746e 735f746e 72207465 79625f78  nt cnt_set rx_by
I/DEBUG   (  144): 
I/DEBUG   (  144): memory near fp:
I/DEBUG   (  144):     4006fc98 27000a27 49005c00 22005346 27262423  '..'.\.IFS."#$&'
I/DEBUG   (  144):     4006fca8 3a2a2928 3e3d3c3b 605c5b3f 007d7c7b  ()*:;<=>?[\`{|}.
I/DEBUG   (  144):     4006fcb8 203a7325 67007325 68626172 00747369  %s: %s.grabhist.
I/DEBUG   (  144):     4006fcc8 20646162 74736968 2079726f 61727261  bad history arra
I/DEBUG   (  144):     4006fcd8 20200079 25002020 64252073 20636600  y.    .%s %d.fc 
I/DEBUG   (  144): 
I/DEBUG   (  144): memory near ip:
I/DEBUG   (  144):     40073f20 40183104 4018f90d 40198aa1 401834d8  .1.@...@...@.4.@
I/DEBUG   (  144):     40073f30 4018256c 40182950 40184a68 4018cf65  l%.@P).@hJ.@e..@
I/DEBUG   (  144):     40073f40 4018296c 4018e7a9 40182814 4018f839  l).@...@.(.@9..@
I/DEBUG   (  144):     40073f50 40183920 4018f871 40183cec 401830cc   9.@q..@.<.@.0.@
I/DEBUG   (  144):     40073f60 401827f8 401827dc 401825f8 401832c0  .'.@.'.@.%.@.2.@
I/DEBUG   (  144): 
I/DEBUG   (  144): memory near sp:
I/DEBUG   (  144):     be9406a0 41f49f18 40078cc4 00000000 41f49fd0  ...A...@.......A
I/DEBUG   (  144):     be9406b0 00000000 00000003 df0027ad 00000000  .........'......
I/DEBUG   (  144):     be9406c0 00000000 00000745 41f49f18 00013804  ....E......A.8..
I/DEBUG   (  144):     be9406d0 00000001 40073eac 40078d84 40078d88  .....>.@...@...@
I/DEBUG   (  144):     be9406e0 40078bb0 41f49f18 41f46f9c 40078df6  ...@...A.o.A...@
I/DEBUG   (  144): 
I/DEBUG   (  144): code around pc:
I/DEBUG   (  144):     40182958 ef000000 e8bd0090 e1b00000 512fff1e  ............../Q
I/DEBUG   (  144):     40182968 ea00b4ac e92d0090 e3a07004 ef000000  ......-..p......
I/DEBUG   (  144):     40182978 e8bd0090 e1b00000 512fff1e ea00b4a5  ........../Q....
I/DEBUG   (  144):     40182988 e1a0c00d e92d00f0 e89c0070 e3a070b4  ......-.p....p..
I/DEBUG   (  144):     40182998 ef000000 e8bd00f0 e1b00000 512fff1e  ............../Q
I/DEBUG   (  144): 
I/DEBUG   (  144): code around lr:
I/DEBUG   (  144):     4005c4e0 f7f36800 4631ed6a 46584602 fe64f009  .h..j.1F.FXF..d.
I/DEBUG   (  144):     4005c4f0 b320e025 200146c2 463a4651 ed80f7f3  %. ..F. QF:F....
I/DEBUG   (  144):     4005c500 bf1c1c43 0707ebc0 d1154482 ed1ef7f3  C........D......
I/DEBUG   (  144):     4005c510 2a046802 f7f3d010 6800ed1a ed4cf7f3  .h.*.......h..L.
I/DEBUG   (  144):     4005c520 44794916 48164602 f0094478 b17dfe45  .IyD.F.HxD..E.}.
I/DEBUG   (  144): !@dumpstate -k -t -z -d -o /data/log/dumpstate_app_native -m 11298
I/dumpstate(28152): begin
E/ThermalDaemon( 1314): CPU[1] offline
E/ThermalDaemon( 1314): Sensor 'MSM_THERM' -  40*C (40960)
E/ThermalDaemon( 1314): CPU[1] offline
E/SMD     (  151): DCD ON
E/ThermalDaemon( 1314): CPU[1] offline
E/ThermalDaemon( 1314): CPU[1] offline
E/SMD     (  151): DCD ON
E/ThermalDaemon( 1314): Sensor 'MSM_THERM' -  40*C (40960)
E/SMD     (  151): DCD ON
E/ThermalDaemon( 1314): CPU[3] offline
E/ThermalDaemon( 1314): CPU[2] offline
E/ThermalDaemon( 1314): CPU[1] offline
E/SMD     (  151): DCD ON
E/ThermalDaemon( 1314): Sensor 'MSM_THERM' -  40*C (40960)
I/dumpstate(28152): done
I/DEBUG   (  144): gotoUploadUserFault called
I/DEBUG   (  144): *** *** *** *** *** *** *** *** *** *** *** *** *** *** *** ***
I/DEBUG   (  144): Build fingerprint: 'samsung/delos3gzc/delos3gchn:4.1.2/JZO54K/I8552ZCAMJ1:user/release-keys'
I/DEBUG   (  144): pid: 10683, tid: 10683, name: sh  >>> /system/bin/sh <<<
I/DEBUG   (  144): signal 13 (SIGPIPE), code -6 (?), fault addr --------
I/DEBUG   (  144):     r0 ffffffe0  r1 40a1efd0  r2 00000745  r3 00000000
I/DEBUG   (  144):     r4 00000000  r5 00000003  r6 40a1efac  r7 00000004
I/DEBUG   (  144):     r8 40a1efd0  r9 40a1ef20  sl 40a1efd0  fp 40119cb8
I/DEBUG   (  144):     ip 4011df40  sp be8886c0  lr 40106501  pc 402e8978  cpsr 00000010
I/DEBUG   (  144):     d0  69752f746363612f  d1  3220303452204874
I/DEBUG   (  144):     d2  747379732f3a7261  d3  656d6172662f6d73
I/DEBUG   (  144):     d4  2e326b726f77656d  d5  7379732f3a72616a
I/DEBUG   (  144):     d6  6d6172662f6d6574  d7  72662f6b726f7765
I/DEBUG   (  144):     d8  0000000000000000  d9  0000000000000000
I/DEBUG   (  144):     d10 0000000000000000  d11 0000000000000000
I/DEBUG   (  144):     d12 0000000000000000  d13 0000000000000000
I/DEBUG   (  144):     d14 0000000000000000  d15 0000000000000000
I/DEBUG   (  144):     d16 5f6b726f77656d61  d17 3a72616a2e747865
I/DEBUG   (  144):     d18 2f6d65747379732f  d19 726f77656d617266
I/DEBUG   (  144):     d20 696f72646e612f6b  d21 7963696c6f702e64
I/DEBUG   (  144):     d22 79732f3a72616a2e  d23 6172662f6d657473
I/DEBUG   (  144):     d24 0000000000000000  d25 0000000000000000
I/DEBUG   (  144):     d26 0000000000000000  d27 0000000000000000
I/DEBUG   (  144):     d28 0000000000000000  d29 0000000000000000
I/DEBUG   (  144):     d30 0000000000000000  d31 0000000000000000
I/DEBUG   (  144):     scr 00000010
I/DEBUG   (  144): 
I/DEBUG   (  144): backtrace:
I/DEBUG   (  144):     #00  pc 0000c978  /system/lib/libc.so (write+12)
I/DEBUG   (  144):     #01  pc 0000e4fd  /system/bin/mksh
I/DEBUG   (  144): 
I/DEBUG   (  144): stack:
I/DEBUG   (  144):          be888680  0000100b  
I/DEBUG   (  144):          be888684  402f149b  /system/lib/libc.so (dlmalloc+5326)
I/DEBUG   (  144):          be888688  00000000  
I/DEBUG   (  144):          be88868c  00000004  
I/DEBUG   (  144):          be888690  40a1ef80  [heap]
I/DEBUG   (  144):          be888694  402f149b  /system/lib/libc.so (dlmalloc+5326)
I/DEBUG   (  144):          be888698  00000000  
I/DEBUG   (  144):          be88869c  4011deac  /system/bin/mksh
I/DEBUG   (  144):          be8886a0  40a1ef18  [heap]
I/DEBUG   (  144):          be8886a4  40122cc4  
I/DEBUG   (  144):          be8886a8  00000000  
I/DEBUG   (  144):          be8886ac  40a1efd0  [heap]
I/DEBUG   (  144):          be8886b0  00000000  
I/DEBUG   (  144):          be8886b4  00000003  
I/DEBUG   (  144):          be8886b8  df0027ad  
I/DEBUG   (  144):          be8886bc  00000000  
I/DEBUG   (  144):     #00  be8886c0  00000000  
I/DEBUG   (  144):          be8886c4  00000745  
I/DEBUG   (  144):     #01  be8886c8  40a1ef18  [heap]
I/DEBUG   (  144):          be8886cc  00013804  
I/DEBUG   (  144):          be8886d0  00000001  
I/DEBUG   (  144):          be8886d4  4011deac  /system/bin/mksh
I/DEBUG   (  144):          be8886d8  40122d84  
I/DEBUG   (  144):          be8886dc  40122d88  
I/DEBUG   (  144):          be8886e0  40122bb0  
I/DEBUG   (  144):          be8886e4  40a1ef18  [heap]
I/DEBUG   (  144):          be8886e8  40a1bf9c  [heap]
I/DEBUG   (  144):          be8886ec  40122df6  
I/DEBUG   (  144):          be8886f0  00000001  
I/DEBUG   (  144):          be8886f4  401035cd  /system/bin/mksh
I/DEBUG   (  144):          be8886f8  40a1ef18  [heap]
I/DEBUG   (  144):          be8886fc  0000001f  
I/DEBUG   (  144):          be888700  40a1ef9c  [heap]
I/DEBUG   (  144):          be888704  40a1eb2c  [heap]
I/DEBUG   (  144): 
I/DEBUG   (  144): memory near r1:
I/DEBUG   (  144):     40a1efb0 656e2f63 74782f74 6174715f 64697567  c/net/xt_qtaguid
I/DEBUG   (  144):     40a1efc0 6174732f 00007374 00000000 0000100b  /stats..........
I/DEBUG   (  144):     40a1efd0 20786469 63616669 63612065 745f7463  idx iface acct_t
I/DEBUG   (  144):     40a1efe0 685f6761 75207865 745f6469 695f6761  ag_hex uid_tag_i
I/DEBUG   (  144):     40a1eff0 6320746e 735f746e 72207465 79625f78  nt cnt_set rx_by
I/DEBUG   (  144): 
I/DEBUG   (  144): memory near r6:
I/DEBUG   (  144):     40a1ef8c 40325534 00000010 00000012 00000000  4U2@............
I/DEBUG   (  144):     40a1ef9c 00746163 00000000 0000002b 40a1ef98  cat.....+......@
I/DEBUG   (  144):     40a1efac 6f72702f 656e2f63 74782f74 6174715f  /proc/net/xt_qta
I/DEBUG   (  144):     40a1efbc 64697567 6174732f 00007374 00000000  guid/stats......
I/DEBUG   (  144):     40a1efcc 0000100b 20786469 63616669 63612065  ....idx iface ac
I/DEBUG   (  144): 
I/DEBUG   (  144): memory near r8:
I/DEBUG   (  144):     40a1efb0 656e2f63 74782f74 6174715f 64697567  c/net/xt_qtaguid
I/DEBUG   (  144):     40a1efc0 6174732f 00007374 00000000 0000100b  /stats..........
I/DEBUG   (  144):     40a1efd0 20786469 63616669 63612065 745f7463  idx iface acct_t
I/DEBUG   (  144):     40a1efe0 685f6761 75207865 745f6469 695f6761  ag_hex uid_tag_i
I/DEBUG   (  144):     40a1eff0 6320746e 735f746e 72207465 79625f78  nt cnt_set rx_by
I/DEBUG   (  144): 
I/DEBUG   (  144): memory near r9:
I/DEBUG   (  144):     40a1ef00 00000000 00000004 00000000 0000001b  ................
I/DEBUG   (  144):     40a1ef10 40a1efa8 00000000 40a1ef9c 40a1efac  ...@.......@...@
I/DEBUG   (  144):     40a1ef20 00000000 00000063 40a1ef10 40a1ebe8  ....c......@...@
I/DEBUG   (  144):     40a1ef30 be888b6c 00000000 00000000 40a1b00c  l..............@
I/DEBUG   (  144):     40a1ef40 40a1ef2c 40a1ea5c 00000006 00000003  ,..@\..@........
I/DEBUG   (  144): 
I/DEBUG   (  144): memory near sl:
I/DEBUG   (  144):     40a1efb0 656e2f63 74782f74 6174715f 64697567  c/net/xt_qtaguid
I/DEBUG   (  144):     40a1efc0 6174732f 00007374 00000000 0000100b  /stats..........
I/DEBUG   (  144):     40a1efd0 20786469 63616669 63612065 745f7463  idx iface acct_t
I/DEBUG   (  144):     40a1efe0 685f6761 75207865 745f6469 695f6761  ag_hex uid_tag_i
I/DEBUG   (  144):     40a1eff0 6320746e 735f746e 72207465 79625f78  nt cnt_set rx_by
I/DEBUG   (  144): 
I/DEBUG   (  144): memory near fp:
I/DEBUG   (  144):     40119c98 27000a27 49005c00 22005346 27262423  '..'.\.IFS."#$&'
I/DEBUG   (  144):     40119ca8 3a2a2928 3e3d3c3b 605c5b3f 007d7c7b  ()*:;<=>?[\`{|}.
I/DEBUG   (  144):     40119cb8 203a7325 67007325 68626172 00747369  %s: %s.grabhist.
I/DEBUG   (  144):     40119cc8 20646162 74736968 2079726f 61727261  bad history arra
I/DEBUG   (  144):     40119cd8 20200079 25002020 64252073 20636600  y.    .%s %d.fc 
I/DEBUG   (  144): 
I/DEBUG   (  144): memory near ip:
I/DEBUG   (  144):     4011df20 402e9104 402f590d 402feaa1 402e94d8  ...@.Y/@../@...@
I/DEBUG   (  144):     4011df30 402e856c 402e8950 402eaa68 402f2f65  l..@P..@h..@e//@
I/DEBUG   (  144):     4011df40 402e896c 402f47a9 402e8814 402f5839  l..@.G/@...@9X/@
I/DEBUG   (  144):     4011df50 402e9920 402f5871 402e9cec 402e90cc   ..@qX/@...@...@
I/DEBUG   (  144):     4011df60 402e87f8 402e87dc 402e85f8 402e92c0  ...@...@...@...@
I/DEBUG   (  144): 
I/DEBUG   (  144): memory near sp:
I/DEBUG   (  144):     be8886a0 40a1ef18 40122cc4 00000000 40a1efd0  ...@.,.@.......@
I/DEBUG   (  144):     be8886b0 00000000 00000003 df0027ad 00000000  .........'......
I/DEBUG   (  144):     be8886c0 00000000 00000745 40a1ef18 00013804  ....E......@.8..
I/DEBUG   (  144):     be8886d0 00000001 4011deac 40122d84 40122d88  .......@.-.@.-.@
I/DEBUG   (  144):     be8886e0 40122bb0 40a1ef18 40a1bf9c 40122df6  .+.@...@...@.-.@
I/DEBUG   (  144): 
I/DEBUG   (  144): code around pc:
I/DEBUG   (  144):     402e8958 ef000000 e8bd0090 e1b00000 512fff1e  ............../Q
I/DEBUG   (  144):     402e8968 ea00b4ac e92d0090 e3a07004 ef000000  ......-..p......
I/DEBUG   (  144):     402e8978 e8bd0090 e1b00000 512fff1e ea00b4a5  ........../Q....
I/DEBUG   (  144):     402e8988 e1a0c00d e92d00f0 e89c0070 e3a070b4  ......-.p....p..
I/DEBUG   (  144):     402e8998 ef000000 e8bd00f0 e1b00000 512fff1e  ............../Q
I/DEBUG   (  144): 
I/DEBUG   (  144): code around lr:
I/DEBUG   (  144):     401064e0 f7f36800 4631ed6a 46584602 fe64f009  .h..j.1F.FXF..d.
I/DEBUG   (  144):     401064f0 b320e025 200146c2 463a4651 ed80f7f3  %. ..F. QF:F....
I/DEBUG   (  144):     40106500 bf1c1c43 0707ebc0 d1154482 ed1ef7f3  C........D......
I/DEBUG   (  144):     40106510 2a046802 f7f3d010 6800ed1a ed4cf7f3  .h.*.......h..L.
I/DEBUG   (  144):     40106520 44794916 48164602 f0094478 b17dfe45  .IyD.F.HxD..E.}.
I/DEBUG   (  144): !@dumpstate -k -t -z -d -o /data/log/dumpstate_app_native -m 10683
I/dumpstate(28237): begin
E/ThermalDaemon( 1314): CPU[1] offline
E/SMD     (  151): DCD ON
E/ThermalDaemon( 1314): CPU[3] offline
E/ThermalDaemon( 1314): CPU[2] offline
E/ThermalDaemon( 1314): CPU[1] offline
E/ThermalDaemon( 1314): Sensor 'MSM_THERM' -  40*C (40960)
E/ThermalDaemon( 1314): CPU[1] offline
E/SMD     (  151): DCD ON
E/ThermalDaemon( 1314): CPU[1] offline
E/SMD     (  151): DCD ON
E/ThermalDaemon( 1314): Sensor 'MSM_THERM' -  40*C (40960)
E/ThermalDaemon( 1314): CPU[1] offline
E/Watchdog(  527): !@Sync 4644
E/SMD     (  151): DCD ON
I/dumpstate(28237): done
I/DEBUG   (  144): gotoUploadUserFault called
I/DEBUG   (  144): *** *** *** *** *** *** *** *** *** *** *** *** *** *** *** ***
I/DEBUG   (  144): Build fingerprint: 'samsung/delos3gzc/delos3gchn:4.1.2/JZO54K/I8552ZCAMJ1:user/release-keys'
I/DEBUG   (  144): pid: 11426, tid: 11426, name: sh  >>> /system/bin/sh <<<
I/DEBUG   (  144): signal 13 (SIGPIPE), code -6 (?), fault addr --------
I/DEBUG   (  144):     r0 ffffffe0  r1 40ef0fd0  r2 00000745  r3 00000000
I/DEBUG   (  144):     r4 00000000  r5 00000003  r6 40ef0fac  r7 00000004
I/DEBUG   (  144):     r8 40ef0fd0  r9 40ef0f20  sl 40ef0fd0  fp 4009ccb8
