I/DEBUG   (  144):          be84a68c  00000004  
I/DEBUG   (  144):          be84a690  40563f80  [heap]
I/DEBUG   (  144):          be84a694  4021c49b  /system/lib/libc.so (dlmalloc+5326)
I/DEBUG   (  144):          be84a698  00000000  
I/DEBUG   (  144):          be84a69c  40100eac  /system/bin/mksh
I/DEBUG   (  144):          be84a6a0  40563f18  [heap]
I/DEBUG   (  144):          be84a6a4  40105cc4  
I/DEBUG   (  144):          be84a6a8  00000000  
I/DEBUG   (  144):          be84a6ac  40563fd0  [heap]
I/DEBUG   (  144):          be84a6b0  00000000  
I/DEBUG   (  144):          be84a6b4  00000003  
I/DEBUG   (  144):          be84a6b8  df0027ad  
I/DEBUG   (  144):          be84a6bc  00000000  
I/DEBUG   (  144):     #00  be84a6c0  00000000  
I/DEBUG   (  144):          be84a6c4  00000745  
I/DEBUG   (  144):     #01  be84a6c8  40563f18  [heap]
I/DEBUG   (  144):          be84a6cc  00013804  
I/DEBUG   (  144):          be84a6d0  00000001  
I/DEBUG   (  144):          be84a6d4  40100eac  /system/bin/mksh
I/DEBUG   (  144):          be84a6d8  40105d84  
I/DEBUG   (  144):          be84a6dc  40105d88  
I/DEBUG   (  144):          be84a6e0  40105bb0  
I/DEBUG   (  144):          be84a6e4  40563f18  [heap]
I/DEBUG   (  144):          be84a6e8  40560f9c  [heap]
I/DEBUG   (  144):          be84a6ec  40105df6  
I/DEBUG   (  144):          be84a6f0  00000001  
I/DEBUG   (  144):          be84a6f4  400e65cd  /system/bin/mksh
I/DEBUG   (  144):          be84a6f8  40563f18  [heap]
I/DEBUG   (  144):          be84a6fc  0000001f  
I/DEBUG   (  144):          be84a700  40563f9c  [heap]
I/DEBUG   (  144):          be84a704  40563b2c  [heap]
I/DEBUG   (  144): 
I/DEBUG   (  144): memory near r1:
I/DEBUG   (  144):     40563fb0 656e2f63 74782f74 6174715f 64697567  c/net/xt_qtaguid
I/DEBUG   (  144):     40563fc0 6174732f 00007374 00000000 0000100b  /stats..........
I/DEBUG   (  144):     40563fd0 20786469 63616669 63612065 745f7463  idx iface acct_t
I/DEBUG   (  144):     40563fe0 685f6761 75207865 745f6469 695f6761  ag_hex uid_tag_i
I/DEBUG   (  144):     40563ff0 6320746e 735f746e 72207465 79625f78  nt cnt_set rx_by
I/DEBUG   (  144): 
I/DEBUG   (  144): memory near r6:
I/DEBUG   (  144):     40563f8c 40250534 00000010 00000012 00000000  4.%@............
I/DEBUG   (  144):     40563f9c 00746163 00000000 0000002b 40563f98  cat.....+....?V@
I/DEBUG   (  144):     40563fac 6f72702f 656e2f63 74782f74 6174715f  /proc/net/xt_qta
I/DEBUG   (  144):     40563fbc 64697567 6174732f 00007374 00000000  guid/stats......
I/DEBUG   (  144):     40563fcc 0000100b 20786469 63616669 63612065  ....idx iface ac
I/DEBUG   (  144): 
I/DEBUG   (  144): memory near r8:
I/DEBUG   (  144):     40563fb0 656e2f63 74782f74 6174715f 64697567  c/net/xt_qtaguid
I/DEBUG   (  144):     40563fc0 6174732f 00007374 00000000 0000100b  /stats..........
I/DEBUG   (  144):     40563fd0 20786469 63616669 63612065 745f7463  idx iface acct_t
I/DEBUG   (  144):     40563fe0 685f6761 75207865 745f6469 695f6761  ag_hex uid_tag_i
I/DEBUG   (  144):     40563ff0 6320746e 735f746e 72207465 79625f78  nt cnt_set rx_by
I/DEBUG   (  144): 
I/DEBUG   (  144): memory near r9:
I/DEBUG   (  144):     40563f00 00000000 00000004 00000000 0000001b  ................
I/DEBUG   (  144):     40563f10 40563fa8 00000000 40563f9c 40563fac  .?V@.....?V@.?V@
I/DEBUG   (  144):     40563f20 00000000 00000063 40563f10 40563be8  ....c....?V@.;V@
I/DEBUG   (  144):     40563f30 be84ab6c 00000000 00000000 4056000c  l.............V@
I/DEBUG   (  144):     40563f40 40563f2c 40563a5c 00000006 00000003  ,?V@\:V@........
I/DEBUG   (  144): 
I/DEBUG   (  144): memory near sl:
I/DEBUG   (  144):     40563fb0 656e2f63 74782f74 6174715f 64697567  c/net/xt_qtaguid
I/DEBUG   (  144):     40563fc0 6174732f 00007374 00000000 0000100b  /stats..........
I/DEBUG   (  144):     40563fd0 20786469 63616669 63612065 745f7463  idx iface acct_t
I/DEBUG   (  144):     40563fe0 685f6761 75207865 745f6469 695f6761  ag_hex uid_tag_i
I/DEBUG   (  144):     40563ff0 6320746e 735f746e 72207465 79625f78  nt cnt_set rx_by
I/DEBUG   (  144): 
I/DEBUG   (  144): memory near fp:
I/DEBUG   (  144):     400fcc98 27000a27 49005c00 22005346 27262423  '..'.\.IFS."#$&'
I/DEBUG   (  144):     400fcca8 3a2a2928 3e3d3c3b 605c5b3f 007d7c7b  ()*:;<=>?[\`{|}.
I/DEBUG   (  144):     400fccb8 203a7325 67007325 68626172 00747369  %s: %s.grabhist.
I/DEBUG   (  144):     400fccc8 20646162 74736968 2079726f 61727261  bad history arra
I/DEBUG   (  144):     400fccd8 20200079 25002020 64252073 20636600  y.    .%s %d.fc 
I/DEBUG   (  144): 
I/DEBUG   (  144): memory near ip:
I/DEBUG   (  144):     40100f20 40214104 4022090d 40229aa1 402144d8  .A!@.."@.."@.D!@
I/DEBUG   (  144):     40100f30 4021356c 40213950 40215a68 4021df65  l5!@P9!@hZ!@e.!@
I/DEBUG   (  144):     40100f40 4021396c 4021f7a9 40213814 40220839  l9!@..!@.8!@9."@
I/DEBUG   (  144):     40100f50 40214920 40220871 40214cec 402140cc   I!@q."@.L!@.@!@
I/DEBUG   (  144):     40100f60 402137f8 402137dc 402135f8 402142c0  .7!@.7!@.5!@.B!@
I/DEBUG   (  144): 
I/DEBUG   (  144): memory near sp:
I/DEBUG   (  144):     be84a6a0 40563f18 40105cc4 00000000 40563fd0  .?V@.\.@.....?V@
I/DEBUG   (  144):     be84a6b0 00000000 00000003 df0027ad 00000000  .........'......
I/DEBUG   (  144):     be84a6c0 00000000 00000745 40563f18 00013804  ....E....?V@.8..
I/DEBUG   (  144):     be84a6d0 00000001 40100eac 40105d84 40105d88  .......@.].@.].@
I/DEBUG   (  144):     be84a6e0 40105bb0 40563f18 40560f9c 40105df6  .[.@.?V@..V@.].@
I/DEBUG   (  144): 
I/DEBUG   (  144): code around pc:
I/DEBUG   (  144):     40213958 ef000000 e8bd0090 e1b00000 512fff1e  ............../Q
I/DEBUG   (  144):     40213968 ea00b4ac e92d0090 e3a07004 ef000000  ......-..p......
I/DEBUG   (  144):     40213978 e8bd0090 e1b00000 512fff1e ea00b4a5  ........../Q....
I/DEBUG   (  144):     40213988 e1a0c00d e92d00f0 e89c0070 e3a070b4  ......-.p....p..
I/DEBUG   (  144):     40213998 ef000000 e8bd00f0 e1b00000 512fff1e  ............../Q
I/DEBUG   (  144): 
I/DEBUG   (  144): code around lr:
I/DEBUG   (  144):     400e94e0 f7f36800 4631ed6a 46584602 fe64f009  .h..j.1F.FXF..d.
I/DEBUG   (  144):     400e94f0 b320e025 200146c2 463a4651 ed80f7f3  %. ..F. QF:F....
I/DEBUG   (  144):     400e9500 bf1c1c43 0707ebc0 d1154482 ed1ef7f3  C........D......
I/DEBUG   (  144):     400e9510 2a046802 f7f3d010 6800ed1a ed4cf7f3  .h.*.......h..L.
I/DEBUG   (  144):     400e9520 44794916 48164602 f0094478 b17dfe45  .IyD.F.HxD..E.}.
I/DEBUG   (  144): !@dumpstate -k -t -z -d -o /data/log/dumpstate_app_native -m 1633
I/dumpstate(29200): begin
D/dalvikvm(  527): GC_CONCURRENT freed 2372K, 53% free 19307K/40455K, paused 34ms+11ms, total 168ms
E/ThermalDaemon( 1314): CPU[1] offline
E/SMD     (  151): DCD ON
E/ThermalDaemon( 1314): CPU[1] offline
E/ThermalDaemon( 1314): Sensor 'MSM_THERM' -  40*C (40960)
E/ThermalDaemon( 1314): CPU[1] offline
E/Watchdog(  527): !@Sync 4648
E/ThermalDaemon( 1314): CPU[3] offline
E/ThermalDaemon( 1314): CPU[2] offline
E/ThermalDaemon( 1314): CPU[2] offline
E/SMD     (  151): DCD ON
E/ThermalDaemon( 1314): Sensor 'MSM_THERM' -  40*C (40960)
E/SMD     (  151): DCD ON
E/ThermalDaemon( 1314): CPU[1] offline
E/SMD     (  151): DCD ON
I/dumpstate(29200): done
E/ThermalDaemon( 1314): CPU[3] offline
E/ThermalDaemon( 1314): CPU[2] offline
I/DEBUG   (  144): gotoUploadUserFault called
I/DEBUG   (  144): *** *** *** *** *** *** *** *** *** *** *** *** *** *** *** ***
I/DEBUG   (  144): Build fingerprint: 'samsung/delos3gzc/delos3gchn:4.1.2/JZO54K/I8552ZCAMJ1:user/release-keys'
I/DEBUG   (  144): pid: 11153, tid: 11153, name: sh  >>> /system/bin/sh <<<
I/DEBUG   (  144): signal 13 (SIGPIPE), code -6 (?), fault addr --------
I/DEBUG   (  144):     r0 ffffffe0  r1 41985fd0  r2 00000745  r3 00000000
I/DEBUG   (  144):     r4 00000000  r5 00000003  r6 41985fac  r7 00000004
I/DEBUG   (  144):     r8 41985fd0  r9 41985f20  sl 41985fd0  fp 4010ccb8
I/DEBUG   (  144):     ip 40110f40  sp bef546c0  lr 400f9501  pc 401ed978  cpsr 00000010
I/DEBUG   (  144):     d0  69752f746363612f  d1  3220303452204874
I/DEBUG   (  144):     d2  747379732f3a7261  d3  656d6172662f6d73
I/DEBUG   (  144):     d4  2e326b726f77656d  d5  7379732f3a72616a
I/DEBUG   (  144):     d6  6d6172662f6d6574  d7  72662f6b726f7765
I/DEBUG   (  144):     d8  0000000000000000  d9  0000000000000000
I/DEBUG   (  144):     d10 0000000000000000  d11 0000000000000000
I/DEBUG   (  144):     d12 0000000000000000  d13 0000000000000000
I/DEBUG   (  144):     d14 0000000000000000  d15 0000000000000000
I/DEBUG   (  144):     d16 5f6b726f77656d61  d17 3a72616a2e747865
I/DEBUG   (  144):     d18 2f6d65747379732f  d19 726f77656d617266
I/DEBUG   (  144):     d20 696f72646e612f6b  d21 7963696c6f702e64
I/DEBUG   (  144):     d22 79732f3a72616a2e  d23 6172662f6d657473
I/DEBUG   (  144):     d24 0000000000000000  d25 0000000000000000
I/DEBUG   (  144):     d26 0000000000000000  d27 0000000000000000
I/DEBUG   (  144):     d28 0000000000000000  d29 0000000000000000
I/DEBUG   (  144):     d30 0000000000000000  d31 0000000000000000
I/DEBUG   (  144):     scr 00000010
I/DEBUG   (  144): 
I/DEBUG   (  144): backtrace:
I/DEBUG   (  144):     #00  pc 0000c978  /system/lib/libc.so (write+12)
I/DEBUG   (  144):     #01  pc 0000e4fd  /system/bin/mksh
I/DEBUG   (  144): 
I/DEBUG   (  144): stack:
I/DEBUG   (  144):          bef54680  0000100b  
I/DEBUG   (  144):          bef54684  401f649b  /system/lib/libc.so (dlmalloc+5326)
I/DEBUG   (  144):          bef54688  00000000  
I/DEBUG   (  144):          bef5468c  00000004  
I/DEBUG   (  144):          bef54690  41985f80  [heap]
I/DEBUG   (  144):          bef54694  401f649b  /system/lib/libc.so (dlmalloc+5326)
I/DEBUG   (  144):          bef54698  00000000  
I/DEBUG   (  144):          bef5469c  40110eac  /system/bin/mksh
I/DEBUG   (  144):          bef546a0  41985f18  [heap]
I/DEBUG   (  144):          bef546a4  40115cc4  
I/DEBUG   (  144):          bef546a8  00000000  
I/DEBUG   (  144):          bef546ac  41985fd0  [heap]
I/DEBUG   (  144):          bef546b0  00000000  
I/DEBUG   (  144):          bef546b4  00000003  
I/DEBUG   (  144):          bef546b8  df0027ad  
I/DEBUG   (  144):          bef546bc  00000000  
I/DEBUG   (  144):     #00  bef546c0  00000000  
I/DEBUG   (  144):          bef546c4  00000745  
I/DEBUG   (  144):     #01  bef546c8  41985f18  [heap]
I/DEBUG   (  144):          bef546cc  00013804  
I/DEBUG   (  144):          bef546d0  00000001  
I/DEBUG   (  144):          bef546d4  40110eac  /system/bin/mksh
I/DEBUG   (  144):          bef546d8  40115d84  
I/DEBUG   (  144):          bef546dc  40115d88  
I/DEBUG   (  144):          bef546e0  40115bb0  
I/DEBUG   (  144):          bef546e4  41985f18  [heap]
I/DEBUG   (  144):          bef546e8  41982f9c  [heap]
I/DEBUG   (  144):          bef546ec  40115df6  
I/DEBUG   (  144):          bef546f0  00000001  
I/DEBUG   (  144):          bef546f4  400f65cd  /system/bin/mksh
I/DEBUG   (  144):          bef546f8  41985f18  [heap]
I/DEBUG   (  144):          bef546fc  0000001f  
I/DEBUG   (  144):          bef54700  41985f9c  [heap]
I/DEBUG   (  144):          bef54704  41985b2c  [heap]
I/DEBUG   (  144): 
I/DEBUG   (  144): memory near r1:
I/DEBUG   (  144):     41985fb0 656e2f63 74782f74 6174715f 64697567  c/net/xt_qtaguid
I/DEBUG   (  144):     41985fc0 6174732f 00007374 00000000 0000100b  /stats..........
I/DEBUG   (  144):     41985fd0 20786469 63616669 63612065 745f7463  idx iface acct_t
I/DEBUG   (  144):     41985fe0 685f6761 75207865 745f6469 695f6761  ag_hex uid_tag_i
I/DEBUG   (  144):     41985ff0 6320746e 735f746e 72207465 79625f78  nt cnt_set rx_by
I/DEBUG   (  144): 
I/DEBUG   (  144): memory near r6:
I/DEBUG   (  144):     41985f8c 4022a534 00000010 00000012 00000000  4."@............
I/DEBUG   (  144):     41985f9c 00746163 00000000 0000002b 41985f98  cat.....+...._.A
I/DEBUG   (  144):     41985fac 6f72702f 656e2f63 74782f74 6174715f  /proc/net/xt_qta
I/DEBUG   (  144):     41985fbc 64697567 6174732f 00007374 00000000  guid/stats......
I/DEBUG   (  144):     41985fcc 0000100b 20786469 63616669 63612065  ....idx iface ac
I/DEBUG   (  144): 
I/DEBUG   (  144): memory near r8:
I/DEBUG   (  144):     41985fb0 656e2f63 74782f74 6174715f 64697567  c/net/xt_qtaguid
I/DEBUG   (  144):     41985fc0 6174732f 00007374 00000000 0000100b  /stats..........
I/DEBUG   (  144):     41985fd0 20786469 63616669 63612065 745f7463  idx iface acct_t
I/DEBUG   (  144):     41985fe0 685f6761 75207865 745f6469 695f6761  ag_hex uid_tag_i
I/DEBUG   (  144):     41985ff0 6320746e 735f746e 72207465 79625f78  nt cnt_set rx_by
I/DEBUG   (  144): 
I/DEBUG   (  144): memory near r9:
I/DEBUG   (  144):     41985f00 00000000 00000004 00000000 0000001b  ................
I/DEBUG   (  144):     41985f10 41985fa8 00000000 41985f9c 41985fac  ._.A....._.A._.A
I/DEBUG   (  144):     41985f20 00000000 00000063 41985f10 41985be8  ....c...._.A.[.A
I/DEBUG   (  144):     41985f30 bef54b6c 00000000 00000000 4198200c  lK........... .A
I/DEBUG   (  144):     41985f40 41985f2c 41985a5c 00000006 00000003  ,_.A\Z.A........
I/DEBUG   (  144): 
I/DEBUG   (  144): memory near sl:
I/DEBUG   (  144):     41985fb0 656e2f63 74782f74 6174715f 64697567  c/net/xt_qtaguid
I/DEBUG   (  144):     41985fc0 6174732f 00007374 00000000 0000100b  /stats..........
I/DEBUG   (  144):     41985fd0 20786469 63616669 63612065 745f7463  idx iface acct_t
I/DEBUG   (  144):     41985fe0 685f6761 75207865 745f6469 695f6761  ag_hex uid_tag_i
I/DEBUG   (  144):     41985ff0 6320746e 735f746e 72207465 79625f78  nt cnt_set rx_by
I/DEBUG   (  144): 
I/DEBUG   (  144): memory near fp:
I/DEBUG   (  144):     4010cc98 27000a27 49005c00 22005346 27262423  '..'.\.IFS."#$&'
I/DEBUG   (  144):     4010cca8 3a2a2928 3e3d3c3b 605c5b3f 007d7c7b  ()*:;<=>?[\`{|}.
I/DEBUG   (  144):     4010ccb8 203a7325 67007325 68626172 00747369  %s: %s.grabhist.
I/DEBUG   (  144):     4010ccc8 20646162 74736968 2079726f 61727261  bad history arra
I/DEBUG   (  144):     4010ccd8 20200079 25002020 64252073 20636600  y.    .%s %d.fc 
I/DEBUG   (  144): 
I/DEBUG   (  144): memory near ip:
I/DEBUG   (  144):     40110f20 401ee104 401fa90d 40203aa1 401ee4d8  ...@...@.: @...@
I/DEBUG   (  144):     40110f30 401ed56c 401ed950 401efa68 401f7f65  l..@P..@h..@e..@
I/DEBUG   (  144):     40110f40 401ed96c 401f97a9 401ed814 401fa839  l..@...@...@9..@
I/DEBUG   (  144):     40110f50 401ee920 401fa871 401eecec 401ee0cc   ..@q..@...@...@
I/DEBUG   (  144):     40110f60 401ed7f8 401ed7dc 401ed5f8 401ee2c0  ...@...@...@...@
I/DEBUG   (  144): 
I/DEBUG   (  144): memory near sp:
I/DEBUG   (  144):     bef546a0 41985f18 40115cc4 00000000 41985fd0  ._.A.\.@....._.A
I/DEBUG   (  144):     bef546b0 00000000 00000003 df0027ad 00000000  .........'......
I/DEBUG   (  144):     bef546c0 00000000 00000745 41985f18 00013804  ....E...._.A.8..
I/DEBUG   (  144):     bef546d0 00000001 40110eac 40115d84 40115d88  .......@.].@.].@
I/DEBUG   (  144):     bef546e0 40115bb0 41985f18 41982f9c 40115df6  .[.@._.A./.A.].@
I/DEBUG   (  144): 
I/DEBUG   (  144): code around pc:
I/DEBUG   (  144):     401ed958 ef000000 e8bd0090 e1b00000 512fff1e  ............../Q
I/DEBUG   (  144):     401ed968 ea00b4ac e92d0090 e3a07004 ef000000  ......-..p......
I/DEBUG   (  144):     401ed978 e8bd0090 e1b00000 512fff1e ea00b4a5  ........../Q....
I/DEBUG   (  144):     401ed988 e1a0c00d e92d00f0 e89c0070 e3a070b4  ......-.p....p..
I/DEBUG   (  144):     401ed998 ef000000 e8bd00f0 e1b00000 512fff1e  ............../Q
I/DEBUG   (  144): 
I/DEBUG   (  144): code around lr:
I/DEBUG   (  144):     400f94e0 f7f36800 4631ed6a 46584602 fe64f009  .h..j.1F.FXF..d.
I/DEBUG   (  144):     400f94f0 b320e025 200146c2 463a4651 ed80f7f3  %. ..F. QF:F....
I/DEBUG   (  144):     400f9500 bf1c1c43 0707ebc0 d1154482 ed1ef7f3  C........D......
I/DEBUG   (  144):     400f9510 2a046802 f7f3d010 6800ed1a ed4cf7f3  .h.*.......h..L.
I/DEBUG   (  144):     400f9520 44794916 48164602 f0094478 b17dfe45  .IyD.F.HxD..E.}.
I/DEBUG   (  144): !@dumpstate -k -t -z -d -o /data/log/dumpstate_app_native -m 11153
I/dumpstate(29298): begin
E/ThermalDaemon( 1314): Sensor 'MSM_THERM' -  40*C (40960)
E/ThermalDaemon( 1314): CPU[1] offline
E/SMD     (  151): DCD ON
E/ThermalDaemon( 1314): CPU[3] offline
E/ThermalDaemon( 1314): CPU[2] offline
E/ThermalDaemon( 1314): CPU[3] offline
E/ThermalDaemon( 1314): CPU[2] offline
E/SMD     (  151): DCD ON
E/ThermalDaemon( 1314): Sensor 'MSM_THERM' -  40*C (40960)
E/ThermalDaemon( 1314): CPU[1] offline
E/MtpService(21795): In MTPAPP onReceive:android.intent.action.BATTERY_CHANGED
E/MtpService(21795): battPlugged Type : 2
E/SMD     (  151): DCD ON
E/ThermalDaemon( 1314): CPU[1] offline
E/ThermalDaemon( 1314): Sensor 'MSM_THERM' -  40*C (40960)
E/SMD     (  151): DCD ON
I/dumpstate(29298): done
I/DEBUG   (  144): gotoUploadUserFault called
I/DEBUG   (  144): *** *** *** *** *** *** *** *** *** *** *** *** *** *** *** ***
I/DEBUG   (  144): Build fingerprint: 'samsung/delos3gzc/delos3gchn:4.1.2/JZO54K/I8552ZCAMJ1:user/release-keys'
I/DEBUG   (  144): pid: 11847, tid: 11847, name: sh  >>> /system/bin/sh <<<
I/DEBUG   (  144): signal 13 (SIGPIPE), code -6 (?), fault addr --------
I/DEBUG   (  144):     r0 ffffffe0  r1 402acfd0  r2 00000745  r3 00000000
I/DEBUG   (  144):     r4 00000000  r5 00000003  r6 402acfac  r7 00000004
I/DEBUG   (  144):     r8 402acfd0  r9 402acf20  sl 402acfd0  fp 40033cb8
I/DEBUG   (  144):     ip 40037f40  sp bec476c0  lr 40020501  pc 40176978  cpsr 00000010
I/DEBUG   (  144):     d0  69752f746363612f  d1  3220303452204874
I/DEBUG   (  144):     d2  747379732f3a7261  d3  656d6172662f6d73
I/DEBUG   (  144):     d4  2e326b726f77656d  d5  7379732f3a72616a
I/DEBUG   (  144):     d6  6d6172662f6d6574  d7  72662f6b726f7765
I/DEBUG   (  144):     d8  0000000000000000  d9  0000000000000000
I/DEBUG   (  144):     d10 0000000000000000  d11 0000000000000000
I/DEBUG   (  144):     d12 0000000000000000  d13 0000000000000000
I/DEBUG   (  144):     d14 0000000000000000  d15 0000000000000000
I/DEBUG   (  144):     d16 5f6b726f77656d61  d17 3a72616a2e747865
I/DEBUG   (  144):     d18 2f6d65747379732f  d19 726f77656d617266
I/DEBUG   (  144):     d20 696f72646e612f6b  d21 7963696c6f702e64
I/DEBUG   (  144):     d22 79732f3a72616a2e  d23 6172662f6d657473
I/DEBUG   (  144):     d24 0000000000000000  d25 0000000000000000
I/DEBUG   (  144):     d26 0000000000000000  d27 0000000000000000
I/DEBUG   (  144):     d28 0000000000000000  d29 0000000000000000
I/DEBUG   (  144):     d30 0000000000000000  d31 0000000000000000
I/DEBUG   (  144):     scr 00000010
I/DEBUG   (  144): 
I/DEBUG   (  144): backtrace:
I/DEBUG   (  144):     #00  pc 0000c978  /system/lib/libc.so (write+12)
I/DEBUG   (  144):     #01  pc 0000e4fd  /system/bin/mksh
I/DEBUG   (  144): 
I/DEBUG   (  144): stack:
I/DEBUG   (  144):          bec47680  0000100b  
I/DEBUG   (  144):          bec47684  4017f49b  /system/lib/libc.so (dlmalloc+5326)
I/DEBUG   (  144):          bec47688  00000000  
I/DEBUG   (  144):          bec4768c  00000004  
I/DEBUG   (  144):          bec47690  402acf80  [heap]
I/DEBUG   (  144):          bec47694  4017f49b  /system/lib/libc.so (dlmalloc+5326)
I/DEBUG   (  144):          bec47698  00000000  
I/DEBUG   (  144):          bec4769c  40037eac  /system/bin/mksh
I/DEBUG   (  144):          bec476a0  402acf18  [heap]
I/DEBUG   (  144):          bec476a4  4003ccc4  
I/DEBUG   (  144):          bec476a8  00000000  
I/DEBUG   (  144):          bec476ac  402acfd0  [heap]
I/DEBUG   (  144):          bec476b0  00000000  
I/DEBUG   (  144):          bec476b4  00000003  
I/DEBUG   (  144):          bec476b8  df0027ad  
I/DEBUG   (  144):          bec476bc  00000000  
I/DEBUG   (  144):     #00  bec476c0  00000000  
I/DEBUG   (  144):          bec476c4  00000745  
I/DEBUG   (  144):     #01  bec476c8  402acf18  [heap]
I/DEBUG   (  144):          bec476cc  00013804  
I/DEBUG   (  144):          bec476d0  00000001  
I/DEBUG   (  144):          bec476d4  40037eac  /system/bin/mksh
I/DEBUG   (  144):          bec476d8  4003cd84  
I/DEBUG   (  144):          bec476dc  4003cd88  
I/DEBUG   (  144):          bec476e0  4003cbb0  
I/DEBUG   (  144):          bec476e4  402acf18  [heap]
I/DEBUG   (  144):          bec476e8  402a9f9c  [heap]
I/DEBUG   (  144):          bec476ec  4003cdf6  
I/DEBUG   (  144):          bec476f0  00000001  
I/DEBUG   (  144):          bec476f4  4001d5cd  /system/bin/mksh
I/DEBUG   (  144):          bec476f8  402acf18  [heap]
I/DEBUG   (  144):          bec476fc  0000001f  
I/DEBUG   (  144):          bec47700  402acf9c  [heap]
I/DEBUG   (  144):          bec47704  402acb2c  [heap]
I/DEBUG   (  144): 
I/DEBUG   (  144): memory near r1:
I/DEBUG   (  144):     402acfb0 656e2f63 74782f74 6174715f 64697567  c/net/xt_qtaguid
I/DEBUG   (  144):     402acfc0 6174732f 00007374 00000000 0000100b  /stats..........
I/DEBUG   (  144):     402acfd0 20786469 63616669 63612065 745f7463  idx iface acct_t
I/DEBUG   (  144):     402acfe0 685f6761 75207865 745f6469 695f6761  ag_hex uid_tag_i
I/DEBUG   (  144):     402acff0 6320746e 735f746e 72207465 79625f78  nt cnt_set rx_by
I/DEBUG   (  144): 
I/DEBUG   (  144): memory near r6:
I/DEBUG   (  144):     402acf8c 401b3534 00000010 00000012 00000000  45.@............
I/DEBUG   (  144):     402acf9c 00746163 00000000 0000002b 402acf98  cat.....+.....*@
I/DEBUG   (  144):     402acfac 6f72702f 656e2f63 74782f74 6174715f  /proc/net/xt_qta
I/DEBUG   (  144):     402acfbc 64697567 6174732f 00007374 00000000  guid/stats......
I/DEBUG   (  144):     402acfcc 0000100b 20786469 63616669 63612065  ....idx iface ac
I/DEBUG   (  144): 
I/DEBUG   (  144): memory near r8:
I/DEBUG   (  144):     402acfb0 656e2f63 74782f74 6174715f 64697567  c/net/xt_qtaguid
I/DEBUG   (  144):     402acfc0 6174732f 00007374 00000000 0000100b  /stats..........
I/DEBUG   (  144):     402acfd0 20786469 63616669 63612065 745f7463  idx iface acct_t
I/DEBUG   (  144):     402acfe0 685f6761 75207865 745f6469 695f6761  ag_hex uid_tag_i
I/DEBUG   (  144):     402acff0 6320746e 735f746e 72207465 79625f78  nt cnt_set rx_by
I/DEBUG   (  144): 
I/DEBUG   (  144): memory near r9:
I/DEBUG   (  144):     402acf00 00000000 00000004 00000000 0000001b  ................
I/DEBUG   (  144):     402acf10 402acfa8 00000000 402acf9c 402acfac  ..*@......*@..*@
I/DEBUG   (  144):     402acf20 00000000 00000063 402acf10 402acbe8  ....c.....*@..*@
I/DEBUG   (  144):     402acf30 bec47b6c 00000000 00000000 402a900c  l{............*@
I/DEBUG   (  144):     402acf40 402acf2c 402aca5c 00000006 00000003  ,.*@\.*@........
I/DEBUG   (  144): 
I/DEBUG   (  144): memory near sl:
I/DEBUG   (  144):     402acfb0 656e2f63 74782f74 6174715f 64697567  c/net/xt_qtaguid
I/DEBUG   (  144):     402acfc0 6174732f 00007374 00000000 0000100b  /stats..........
I/DEBUG   (  144):     402acfd0 20786469 63616669 63612065 745f7463  idx iface acct_t
I/DEBUG   (  144):     402acfe0 685f6761 75207865 745f6469 695f6761  ag_hex uid_tag_i
I/DEBUG   (  144):     402acff0 6320746e 735f746e 72207465 79625f78  nt cnt_set rx_by
I/DEBUG   (  144): 
I/DEBUG   (  144): memory near fp:
I/DEBUG   (  144):     40033c98 27000a27 49005c00 22005346 27262423  '..'.\.IFS."#$&'
I/DEBUG   (  144):     40033ca8 3a2a2928 3e3d3c3b 605c5b3f 007d7c7b  ()*:;<=>?[\`{|}.
I/DEBUG   (  144):     40033cb8 203a7325 67007325 68626172 00747369  %s: %s.grabhist.
I/DEBUG   (  144):     40033cc8 20646162 74736968 2079726f 61727261  bad history arra
I/DEBUG   (  144):     40033cd8 20200079 25002020 64252073 20636600  y.    .%s %d.fc 
I/DEBUG   (  144): 
I/DEBUG   (  144): memory near ip:
I/DEBUG   (  144):     40037f20 40177104 4018390d 4018caa1 401774d8  .q.@.9.@...@.t.@
I/DEBUG   (  144):     40037f30 4017656c 40176950 40178a68 40180f65  le.@Pi.@h..@e..@
I/DEBUG   (  144):     40037f40 4017696c 401827a9 40176814 40183839  li.@.'.@.h.@98.@
I/DEBUG   (  144):     40037f50 40177920 40183871 40177cec 401770cc   y.@q8.@.|.@.p.@
I/DEBUG   (  144):     40037f60 401767f8 401767dc 401765f8 401772c0  .g.@.g.@.e.@.r.@
I/DEBUG   (  144): 
I/DEBUG   (  144): memory near sp:
I/DEBUG   (  144):     bec476a0 402acf18 4003ccc4 00000000 402acfd0  ..*@...@......*@
I/DEBUG   (  144):     bec476b0 00000000 00000003 df0027ad 00000000  .........'......
I/DEBUG   (  144):     bec476c0 00000000 00000745 402acf18 00013804  ....E.....*@.8..
I/DEBUG   (  144):     bec476d0 00000001 40037eac 4003cd84 4003cd88  .....~.@...@...@
I/DEBUG   (  144):     bec476e0 4003cbb0 402acf18 402a9f9c 4003cdf6  ...@..*@..*@...@
I/DEBUG   (  144): 
I/DEBUG   (  144): code around pc:
I/DEBUG   (  144):     40176958 ef000000 e8bd0090 e1b00000 512fff1e  ............../Q
I/DEBUG   (  144):     40176968 ea00b4ac e92d0090 e3a07004 ef000000  ......-..p......
I/DEBUG   (  144):     40176978 e8bd0090 e1b00000 512fff1e ea00b4a5  ........../Q....
I/DEBUG   (  144):     40176988 e1a0c00d e92d00f0 e89c0070 e3a070b4  ......-.p....p..
I/DEBUG   (  144):     40176998 ef000000 e8bd00f0 e1b00000 512fff1e  ............../Q
I/DEBUG   (  144): 
I/DEBUG   (  144): code around lr:
I/DEBUG   (  144):     400204e0 f7f36800 4631ed6a 46584602 fe64f009  .h..j.1F.FXF..d.
I/DEBUG   (  144):     400204f0 b320e025 200146c2 463a4651 ed80f7f3  %. ..F. QF:F....
I/DEBUG   (  144):     40020500 bf1c1c43 0707ebc0 d1154482 ed1ef7f3  C........D......
I/DEBUG   (  144):     40020510 2a046802 f7f3d010 6800ed1a ed4cf7f3  .h.*.......h..L.
I/DEBUG   (  144):     40020520 44794916 48164602 f0094478 b17dfe45  .IyD.F.HxD..E.}.
I/DEBUG   (  144): !@dumpstate -k -t -z -d -o /data/log/dumpstate_app_native -m 11847
I/dumpstate(29379): begin
E/ThermalDaemon( 1314): CPU[2] offline
E/ThermalDaemon( 1314): CPU[1] offline
D/ApplicationPolicy(  527): isStatusBarNotificationAllowed: packageName = com.shuame.mobile
E/ThermalDaemon( 1314): CPU[2] offline
E/ThermalDaemon( 1314): CPU[1] offline
E/SMD     (  151): DCD ON
E/ThermalDaemon( 1314): CPU[1] offline
E/ThermalDaemon( 1314): Sensor 'MSM_THERM' -  40*C (40960)
D/BatteryStatsImpl(  527): ++++++xy WakeLock start : pid=527, name=, type=0, tid=562, pid=527, pName=null
D/widget  (  816): [MSC_SinaWeather_JB]>>> SWC:1368 [0:0] drw all Tm dt = 2058
D/BatteryStatsImpl(  527): ++++++xy WakeLock stop : pid=527, name=, type=0, tid=546, pid=527, pName=null
E/ThermalDaemon( 1314): CPU[2] offline
E/ThermalDaemon( 1314): CPU[1] offline
E/MtpService(21795): In MTPAPP onReceive:android.intent.action.BATTERY_CHANGED
E/MtpService(21795): battPlugged Type : 2
E/SMD     (  151): DCD ON
E/ThermalDaemon( 1314): CPU[3] offline
E/ThermalDaemon( 1314): CPU[2] offline
E/ThermalDaemon( 1314): CPU[1] offline
E/SMD     (  151): DCD ON
E/ThermalDaemon( 1314): Sensor 'MSM_THERM' -  40*C (40960)
E/ThermalDaemon( 1314): CPU[1] offline
E/Watchdog(  527): !@Sync 4649
E/SMD     (  151): DCD ON
I/dumpstate(29379): done
I/DEBUG   (  144): gotoUploadUserFault called
I/DEBUG   (  144): *** *** *** *** *** *** *** *** *** *** *** *** *** *** *** ***
I/DEBUG   (  144): Build fingerprint: 'samsung/delos3gzc/delos3gchn:4.1.2/JZO54K/I8552ZCAMJ1:user/release-keys'
I/DEBUG   (  144): pid: 2043, tid: 2043, name: sh  >>> /system/bin/sh <<<
I/DEBUG   (  144): signal 13 (SIGPIPE), code -6 (?), fault addr --------
I/DEBUG   (  144):     r0 ffffffe0  r1 414fefd0  r2 00000745  r3 00000000
I/DEBUG   (  144):     r4 00000000  r5 00000003  r6 414fefac  r7 00000004
I/DEBUG   (  144):     r8 414fefd0  r9 414fef20  sl 414fefd0  fp 4006fcb8
I/DEBUG   (  144):     ip 40073f40  sp be85c6c0  lr 4005c501  pc 401fd978  cpsr 00000010
I/DEBUG   (  144):     d0  69752f746363612f  d1  3220303452204874
I/DEBUG   (  144):     d2  747379732f3a7261  d3  656d6172662f6d73
I/DEBUG   (  144):     d4  2e326b726f77656d  d5  7379732f3a72616a
I/DEBUG   (  144):     d6  6d6172662f6d6574  d7  72662f6b726f7765
I/DEBUG   (  144):     d8  0000000000000000  d9  0000000000000000
I/DEBUG   (  144):     d10 0000000000000000  d11 0000000000000000
I/DEBUG   (  144):     d12 0000000000000000  d13 0000000000000000
I/DEBUG   (  144):     d14 0000000000000000  d15 0000000000000000
I/DEBUG   (  144):     d16 5f6b726f77656d61  d17 3a72616a2e747865
I/DEBUG   (  144):     d18 2f6d65747379732f  d19 726f77656d617266
I/DEBUG   (  144):     d20 696f72646e612f6b  d21 7963696c6f702e64
I/DEBUG   (  144):     d22 79732f3a72616a2e  d23 6172662f6d657473
I/DEBUG   (  144):     d24 0000000000000000  d25 0000000000000000
I/DEBUG   (  144):     d26 0000000000000000  d27 0000000000000000
I/DEBUG   (  144):     d28 0000000000000000  d29 0000000000000000
I/DEBUG   (  144):     d30 0000000000000000  d31 0000000000000000
I/DEBUG   (  144):     scr 00000010
I/DEBUG   (  144): 
I/DEBUG   (  144): backtrace:
I/DEBUG   (  144):     #00  pc 0000c978  /system/lib/libc.so (write+12)
I/DEBUG   (  144):     #01  pc 0000e4fd  /system/bin/mksh
I/DEBUG   (  144): 
I/DEBUG   (  144): stack:
I/DEBUG   (  144):          be85c680  0000100b  
I/DEBUG   (  144):          be85c684  4020649b  /system/lib/libc.so (dlmalloc+5326)
I/DEBUG   (  144):          be85c688  00000000  
I/DEBUG   (  144):          be85c68c  00000004  
I/DEBUG   (  144):          be85c690  414fef80  [heap]
I/DEBUG   (  144):          be85c694  4020649b  /system/lib/libc.so (dlmalloc+5326)
I/DEBUG   (  144):          be85c698  00000000  
I/DEBUG   (  144):          be85c69c  40073eac  /system/bin/mksh
I/DEBUG   (  144):          be85c6a0  414fef18  [heap]
I/DEBUG   (  144):          be85c6a4  40078cc4  
I/DEBUG   (  144):          be85c6a8  00000000  
I/DEBUG   (  144):          be85c6ac  414fefd0  [heap]
I/DEBUG   (  144):          be85c6b0  00000000  
I/DEBUG   (  144):          be85c6b4  00000003  
I/DEBUG   (  144):          be85c6b8  df0027ad  
I/DEBUG   (  144):          be85c6bc  00000000  
I/DEBUG   (  144):     #00  be85c6c0  00000000  
I/DEBUG   (  144):          be85c6c4  00000745  
I/DEBUG   (  144):     #01  be85c6c8  414fef18  [heap]
I/DEBUG   (  144):          be85c6cc  00013804  
I/DEBUG   (  144):          be85c6d0  00000001  
I/DEBUG   (  144):          be85c6d4  40073eac  /system/bin/mksh
I/DEBUG   (  144):          be85c6d8  40078d84  
I/DEBUG   (  144):          be85c6dc  40078d88  
I/DEBUG   (  144):          be85c6e0  40078bb0  
I/DEBUG   (  144):          be85c6e4  414fef18  [heap]
I/DEBUG   (  144):          be85c6e8  414fbf9c  [heap]
I/DEBUG   (  144):          be85c6ec  40078df6  
I/DEBUG   (  144):          be85c6f0  00000001  
I/DEBUG   (  144):          be85c6f4  400595cd  /system/bin/mksh
I/DEBUG   (  144):          be85c6f8  414fef18  [heap]
I/DEBUG   (  144):          be85c6fc  0000001f  
I/DEBUG   (  144):          be85c700  414fef9c  [heap]
I/DEBUG   (  144):          be85c704  414feb2c  [heap]
I/DEBUG   (  144): 
I/DEBUG   (  144): memory near r1:
I/DEBUG   (  144):     414fefb0 656e2f63 74782f74 6174715f 64697567  c/net/xt_qtaguid
I/DEBUG   (  144):     414fefc0 6174732f 00007374 00000000 0000100b  /stats..........
I/DEBUG   (  144):     414fefd0 20786469 63616669 63612065 745f7463  idx iface acct_t
I/DEBUG   (  144):     414fefe0 685f6761 75207865 745f6469 695f6761  ag_hex uid_tag_i
I/DEBUG   (  144):     414feff0 6320746e 735f746e 72207465 79625f78  nt cnt_set rx_by
I/DEBUG   (  144): 
I/DEBUG   (  144): memory near r6:
I/DEBUG   (  144):     414fef8c 4023a534 00000010 00000012 00000000  4.#@............
I/DEBUG   (  144):     414fef9c 00746163 00000000 0000002b 414fef98  cat.....+.....OA
I/DEBUG   (  144):     414fefac 6f72702f 656e2f63 74782f74 6174715f  /proc/net/xt_qta
I/DEBUG   (  144):     414fefbc 64697567 6174732f 00007374 00000000  guid/stats......
I/DEBUG   (  144):     414fefcc 0000100b 20786469 63616669 63612065  ....idx iface ac
I/DEBUG   (  144): 
I/DEBUG   (  144): memory near r8:
I/DEBUG   (  144):     414fefb0 656e2f63 74782f74 6174715f 64697567  c/net/xt_qtaguid
I/DEBUG   (  144):     414fefc0 6174732f 00007374 00000000 0000100b  /stats..........
I/DEBUG   (  144):     414fefd0 20786469 63616669 63612065 745f7463  idx iface acct_t
I/DEBUG   (  144):     414fefe0 685f6761 75207865 745f6469 695f6761  ag_hex uid_tag_i
I/DEBUG   (  144):     414feff0 6320746e 735f746e 72207465 79625f78  nt cnt_set rx_by
I/DEBUG   (  144): 
I/DEBUG   (  144): memory near r9:
I/DEBUG   (  144):     414fef00 00000000 00000004 00000000 0000001b  ................
I/DEBUG   (  144):     414fef10 414fefa8 00000000 414fef9c 414fefac  ..OA......OA..OA
I/DEBUG   (  144):     414fef20 00000000 00000063 414fef10 414febe8  ....c.....OA..OA
I/DEBUG   (  144):     414fef30 be85cb6c 00000000 00000000 414fb00c  l.............OA
I/DEBUG   (  144):     414fef40 414fef2c 414fea5c 00000006 00000003  ,.OA\.OA........
I/DEBUG   (  144): 
I/DEBUG   (  144): memory near sl:
I/DEBUG   (  144):     414fefb0 656e2f63 74782f74 6174715f 64697567  c/net/xt_qtaguid
I/DEBUG   (  144):     414fefc0 6174732f 00007374 00000000 0000100b  /stats..........
I/DEBUG   (  144):     414fefd0 20786469 63616669 63612065 745f7463  idx iface acct_t
I/DEBUG   (  144):     414fefe0 685f6761 75207865 745f6469 695f6761  ag_hex uid_tag_i
I/DEBUG   (  144):     414feff0 6320746e 735f746e 72207465 79625f78  nt cnt_set rx_by
I/DEBUG   (  144): 
I/DEBUG   (  144): memory near fp:
I/DEBUG   (  144):     4006fc98 27000a27 49005c00 22005346 27262423  '..'.\.IFS."#$&'
I/DEBUG   (  144):     4006fca8 3a2a2928 3e3d3c3b 605c5b3f 007d7c7b  ()*:;<=>?[\`{|}.
I/DEBUG   (  144):     4006fcb8 203a7325 67007325 68626172 00747369  %s: %s.grabhist.
I/DEBUG   (  144):     4006fcc8 20646162 74736968 2079726f 61727261  bad history arra
I/DEBUG   (  144):     4006fcd8 20200079 25002020 64252073 20636600  y.    .%s %d.fc 
I/DEBUG   (  144): 
I/DEBUG   (  144): memory near ip:
I/DEBUG   (  144):     40073f20 401fe104 4020a90d 40213aa1 401fe4d8  ...@.. @.:!@...@
I/DEBUG   (  144):     40073f30 401fd56c 401fd950 401ffa68 40207f65  l..@P..@h..@e. @
I/DEBUG   (  144):     40073f40 401fd96c 402097a9 401fd814 4020a839  l..@.. @...@9. @
I/DEBUG   (  144):     40073f50 401fe920 4020a871 401fecec 401fe0cc   ..@q. @...@...@
I/DEBUG   (  144):     40073f60 401fd7f8 401fd7dc 401fd5f8 401fe2c0  ...@...@...@...@
I/DEBUG   (  144): 
I/DEBUG   (  144): memory near sp:
I/DEBUG   (  144):     be85c6a0 414fef18 40078cc4 00000000 414fefd0  ..OA...@......OA
I/DEBUG   (  144):     be85c6b0 00000000 00000003 df0027ad 00000000  .........'......
I/DEBUG   (  144):     be85c6c0 00000000 00000745 414fef18 00013804  ....E.....OA.8..
I/DEBUG   (  144):     be85c6d0 00000001 40073eac 40078d84 40078d88  .....>.@...@...@
I/DEBUG   (  144):     be85c6e0 40078bb0 414fef18 414fbf9c 40078df6  ...@..OA..OA...@
I/DEBUG   (  144): 
I/DEBUG   (  144): code around pc:
I/DEBUG   (  144):     401fd958 ef000000 e8bd0090 e1b00000 512fff1e  ............../Q
I/DEBUG   (  144):     401fd968 ea00b4ac e92d0090 e3a07004 ef000000  ......-..p......
I/DEBUG   (  144):     401fd978 e8bd0090 e1b00000 512fff1e ea00b4a5  ........../Q....
I/DEBUG   (  144):     401fd988 e1a0c00d e92d00f0 e89c0070 e3a070b4  ......-.p....p..
I/DEBUG   (  144):     401fd998 ef000000 e8bd00f0 e1b00000 512fff1e  ............../Q
I/DEBUG   (  144): 
I/DEBUG   (  144): code around lr:
I/DEBUG   (  144):     4005c4e0 f7f36800 4631ed6a 46584602 fe64f009  .h..j.1F.FXF..d.
I/DEBUG   (  144):     4005c4f0 b320e025 200146c2 463a4651 ed80f7f3  %. ..F. QF:F....
I/DEBUG   (  144):     4005c500 bf1c1c43 0707ebc0 d1154482 ed1ef7f3  C........D......
I/DEBUG   (  144):     4005c510 2a046802 f7f3d010 6800ed1a ed4cf7f3  .h.*.......h..L.
I/DEBUG   (  144):     4005c520 44794916 48164602 f0094478 b17dfe45  .IyD.F.HxD..E.}.
I/DEBUG   (  144): !@dumpstate -k -t -z -d -o /data/log/dumpstate_app_native -m 2043
I/dumpstate(29487): begin
E/ThermalDaemon( 1314): CPU[1] offline
E/ThermalDaemon( 1314): Sensor 'MSM_THERM' -  40*C (40960)
E/SMD     (  151): DCD ON
E/ThermalDaemon( 1314): CPU[2] offline
E/ThermalDaemon( 1314): CPU[1] offline
I/wpa_supplicant( 1658): Scan requested (ret=0) - scan timeout 30 seconds
I/wpa_supplicant( 1658): nl80211: Received scan results (6 BSSes)
D/Tethering(  527): interfaceLinkStateChanged wlan0, false
D/Tethering(  527): interfaceStatusChanged wlan0, false
D/Tethering(  527): interfaceLinkStateChanged wlan0, false
D/Tethering(  527): interfaceStatusChanged wlan0, false
I/wpa_supplicant( 1658): p2p is not connected.
I/wpa_supplicant( 1658): wlan0: CTRL-EVENT-NO-CONNECTION
I/wpa_supplicant( 1658): wpa_supplicant_req_new_scan: wpa_s->global->bStopPeriodicScan : 0, timeout_sec : 128
I/wpa_supplicant( 1658): p2p is not connected.
D/ApplicationPolicy(  527): isStatusBarNotificationAllowed: packageName = android
D/BatteryStatsImpl(  527): ++++++xy WakeLock start : pid=722, name=, type=0, tid=25658, pid=527, pName=null
D/BatteryStatsImpl(  527): ++++++xy WakeLock stop : pid=722, name=, type=0, tid=27802, pid=527, pName=null
I/WifiMonitor(  703): mWifiReceiver SCAN_RESULTS_AVAILABLE_ACTION
E/ThermalDaemon( 1314): CPU[2] offline
E/SMD     (  151): DCD ON
E/ThermalDaemon( 1314): CPU[1] offline
E/ThermalDaemon( 1314): CPU[3] offline
E/ThermalDaemon( 1314): CPU[2] offline
E/ThermalDaemon( 1314): CPU[1] offline
E/ThermalDaemon( 1314): CPU[3] offline
E/ThermalDaemon( 1314): CPU[2] offline
E/ThermalDaemon( 1314): CPU[1] offline
E/ThermalDaemon( 1314): Sensor 'MSM_THERM' -  40*C (40960)
E/SMD     (  151): DCD ON
E/ThermalDaemon( 1314): CPU[2] offline
E/SMD     (  151): DCD ON
E/ThermalDaemon( 1314): Sensor 'MSM_THERM' -  40*C (40960)
E/ThermalDaemon( 1314): CPU[3] offline
E/ThermalDaemon( 1314): CPU[2] offline
E/ThermalDaemon( 1314): CPU[1] offline
E/SMD     (  151): DCD ON
I/dumpstate(29487): done
I/DEBUG   (  144): gotoUploadUserFault called
I/DEBUG   (  144): *** *** *** *** *** *** *** *** *** *** *** *** *** *** *** ***
I/DEBUG   (  144): Build fingerprint: 'samsung/delos3gzc/delos3gchn:4.1.2/JZO54K/I8552ZCAMJ1:user/release-keys'
I/DEBUG   (  144): pid: 11789, tid: 11789, name: sh  >>> /system/bin/sh <<<
I/DEBUG   (  144): signal 13 (SIGPIPE), code -6 (?), fault addr --------
I/DEBUG   (  144):     r0 ffffffe0  r1 4024dfd0  r2 00000745  r3 00000000
I/DEBUG   (  144):     r4 00000000  r5 00000003  r6 4024dfac  r7 00000004
I/DEBUG   (  144):     r8 4024dfd0  r9 4024df20  sl 4024dfd0  fp 400accb8
I/DEBUG   (  144):     ip 400b0f40  sp be9e06c0  lr 40099501  pc 400f2978  cpsr 00000010
I/DEBUG   (  144):     d0  69752f746363612f  d1  3220303452204874
I/DEBUG   (  144):     d2  747379732f3a7261  d3  656d6172662f6d73
I/DEBUG   (  144):     d4  2e326b726f77656d  d5  7379732f3a72616a
I/DEBUG   (  144):     d6  6d6172662f6d6574  d7  72662f6b726f7765
I/DEBUG   (  144):     d8  0000000000000000  d9  0000000000000000
I/DEBUG   (  144):     d10 0000000000000000  d11 0000000000000000
I/DEBUG   (  144):     d12 0000000000000000  d13 0000000000000000
I/DEBUG   (  144):     d14 0000000000000000  d15 0000000000000000
I/DEBUG   (  144):     d16 5f6b726f77656d61  d17 3a72616a2e747865
I/DEBUG   (  144):     d18 2f6d65747379732f  d19 726f77656d617266
I/DEBUG   (  144):     d20 696f72646e612f6b  d21 7963696c6f702e64
I/DEBUG   (  144):     d22 79732f3a72616a2e  d23 6172662f6d657473
I/DEBUG   (  144):     d24 0000000000000000  d25 0000000000000000
I/DEBUG   (  144):     d26 0000000000000000  d27 0000000000000000
I/DEBUG   (  144):     d28 0000000000000000  d29 0000000000000000
I/DEBUG   (  144):     d30 0000000000000000  d31 0000000000000000
I/DEBUG   (  144):     scr 00000010
I/DEBUG   (  144): 
I/DEBUG   (  144): backtrace:
I/DEBUG   (  144):     #00  pc 0000c978  /system/lib/libc.so (write+12)
I/DEBUG   (  144):     #01  pc 0000e4fd  /system/bin/mksh
I/DEBUG   (  144): 
I/DEBUG   (  144): stack:
I/DEBUG   (  144):          be9e0680  0000100b  
I/DEBUG   (  144):          be9e0684  400fb49b  /system/lib/libc.so (dlmalloc+5326)
I/DEBUG   (  144):          be9e0688  00000000  
I/DEBUG   (  144):          be9e068c  00000004  
I/DEBUG   (  144):          be9e0690  4024df80  [heap]
I/DEBUG   (  144):          be9e0694  400fb49b  /system/lib/libc.so (dlmalloc+5326)
I/DEBUG   (  144):          be9e0698  00000000  
I/DEBUG   (  144):          be9e069c  400b0eac  /system/bin/mksh
I/DEBUG   (  144):          be9e06a0  4024df18  [heap]
I/DEBUG   (  144):          be9e06a4  400b5cc4  
I/DEBUG   (  144):          be9e06a8  00000000  
I/DEBUG   (  144):          be9e06ac  4024dfd0  [heap]
I/DEBUG   (  144):          be9e06b0  00000000  
I/DEBUG   (  144):          be9e06b4  00000003  
I/DEBUG   (  144):          be9e06b8  df0027ad  
I/DEBUG   (  144):          be9e06bc  00000000  
I/DEBUG   (  144):     #00  be9e06c0  00000000  
I/DEBUG   (  144):          be9e06c4  00000745  
I/DEBUG   (  144):     #01  be9e06c8  4024df18  [heap]
I/DEBUG   (  144):          be9e06cc  00013804  
I/DEBUG   (  144):          be9e06d0  00000001  
I/DEBUG   (  144):          be9e06d4  400b0eac  /system/bin/mksh
I/DEBUG   (  144):          be9e06d8  400b5d84  
I/DEBUG   (  144):          be9e06dc  400b5d88  
I/DEBUG   (  144):          be9e06e0  400b5bb0  
I/DEBUG   (  144):          be9e06e4  4024df18  [heap]
I/DEBUG   (  144):          be9e06e8  4024af9c  [heap]
I/DEBUG   (  144):          be9e06ec  400b5df6  
I/DEBUG   (  144):          be9e06f0  00000001  
I/DEBUG   (  144):          be9e06f4  400965cd  /system/bin/mksh
I/DEBUG   (  144):          be9e06f8  4024df18  [heap]
I/DEBUG   (  144):          be9e06fc  0000001f  
I/DEBUG   (  144):          be9e0700  4024df9c  [heap]
I/DEBUG   (  144):          be9e0704  4024db2c  [heap]
I/DEBUG   (  144): 
I/DEBUG   (  144): memory near r1:
I/DEBUG   (  144):     4024dfb0 656e2f63 74782f74 6174715f 64697567  c/net/xt_qtaguid
I/DEBUG   (  144):     4024dfc0 6174732f 00007374 00000000 0000100b  /stats..........
I/DEBUG   (  144):     4024dfd0 20786469 63616669 63612065 745f7463  idx iface acct_t
I/DEBUG   (  144):     4024dfe0 685f6761 75207865 745f6469 695f6761  ag_hex uid_tag_i
I/DEBUG   (  144):     4024dff0 6320746e 735f746e 72207465 79625f78  nt cnt_set rx_by
I/DEBUG   (  144): 
I/DEBUG   (  144): memory near r6:
I/DEBUG   (  144):     4024df8c 4012f534 00000010 00000012 00000000  4..@............
I/DEBUG   (  144):     4024df9c 00746163 00000000 0000002b 4024df98  cat.....+.....$@
I/DEBUG   (  144):     4024dfac 6f72702f 656e2f63 74782f74 6174715f  /proc/net/xt_qta
I/DEBUG   (  144):     4024dfbc 64697567 6174732f 00007374 00000000  guid/stats......
I/DEBUG   (  144):     4024dfcc 0000100b 20786469 63616669 63612065  ....idx iface ac
I/DEBUG   (  144): 
I/DEBUG   (  144): memory near r8:
I/DEBUG   (  144):     4024dfb0 656e2f63 74782f74 6174715f 64697567  c/net/xt_qtaguid
I/DEBUG   (  144):     4024dfc0 6174732f 00007374 00000000 0000100b  /stats..........
I/DEBUG   (  144):     4024dfd0 20786469 63616669 63612065 745f7463  idx iface acct_t
I/DEBUG   (  144):     4024dfe0 685f6761 75207865 745f6469 695f6761  ag_hex uid_tag_i
I/DEBUG   (  144):     4024dff0 6320746e 735f746e 72207465 79625f78  nt cnt_set rx_by
I/DEBUG   (  144): 
I/DEBUG   (  144): memory near r9:
I/DEBUG   (  144):     4024df00 00000000 00000004 00000000 0000001b  ................
I/DEBUG   (  144):     4024df10 4024dfa8 00000000 4024df9c 4024dfac  ..$@......$@..$@
I/DEBUG   (  144):     4024df20 00000000 00000063 4024df10 4024dbe8  ....c.....$@..$@
I/DEBUG   (  144):     4024df30 be9e0b6c 00000000 00000000 4024a00c  l.............$@
I/DEBUG   (  144):     4024df40 4024df2c 4024da5c 00000006 00000003  ,.$@\.$@........
I/DEBUG   (  144): 
I/DEBUG   (  144): memory near sl:
I/DEBUG   (  144):     4024dfb0 656e2f63 74782f74 6174715f 64697567  c/net/xt_qtaguid
I/DEBUG   (  144):     4024dfc0 6174732f 00007374 00000000 0000100b  /stats..........
I/DEBUG   (  144):     4024dfd0 20786469 63616669 63612065 745f7463  idx iface acct_t
I/DEBUG   (  144):     4024dfe0 685f6761 75207865 745f6469 695f6761  ag_hex uid_tag_i
I/DEBUG   (  144):     4024dff0 6320746e 735f746e 72207465 79625f78  nt cnt_set rx_by
I/DEBUG   (  144): 
I/DEBUG   (  144): memory near fp:
I/DEBUG   (  144):     400acc98 27000a27 49005c00 22005346 27262423  '..'.\.IFS."#$&'
I/DEBUG   (  144):     400acca8 3a2a2928 3e3d3c3b 605c5b3f 007d7c7b  ()*:;<=>?[\`{|}.
I/DEBUG   (  144):     400accb8 203a7325 67007325 68626172 00747369  %s: %s.grabhist.
I/DEBUG   (  144):     400accc8 20646162 74736968 2079726f 61727261  bad history arra
I/DEBUG   (  144):     400accd8 20200079 25002020 64252073 20636600  y.    .%s %d.fc 
I/DEBUG   (  144): 
I/DEBUG   (  144): memory near ip:
I/DEBUG   (  144):     400b0f20 400f3104 400ff90d 40108aa1 400f34d8  .1.@...@...@.4.@
I/DEBUG   (  144):     400b0f30 400f256c 400f2950 400f4a68 400fcf65  l%.@P).@hJ.@e..@
I/DEBUG   (  144):     400b0f40 400f296c 400fe7a9 400f2814 400ff839  l).@...@.(.@9..@
I/DEBUG   (  144):     400b0f50 400f3920 400ff871 400f3cec 400f30cc   9.@q..@.<.@.0.@
I/DEBUG   (  144):     400b0f60 400f27f8 400f27dc 400f25f8 400f32c0  .'.@.'.@.%.@.2.@
I/DEBUG   (  144): 
I/DEBUG   (  144): memory near sp:
I/DEBUG   (  144):     be9e06a0 4024df18 400b5cc4 00000000 4024dfd0  ..$@.\.@......$@
I/DEBUG   (  144):     be9e06b0 00000000 00000003 df0027ad 00000000  .........'......
I/DEBUG   (  144):     be9e06c0 00000000 00000745 4024df18 00013804  ....E.....$@.8..
I/DEBUG   (  144):     be9e06d0 00000001 400b0eac 400b5d84 400b5d88  .......@.].@.].@
I/DEBUG   (  144):     be9e06e0 400b5bb0 4024df18 4024af9c 400b5df6  .[.@..$@..$@.].@
I/DEBUG   (  144): 
I/DEBUG   (  144): code around pc:
I/DEBUG   (  144):     400f2958 ef000000 e8bd0090 e1b00000 512fff1e  ............../Q
I/DEBUG   (  144):     400f2968 ea00b4ac e92d0090 e3a07004 ef000000  ......-..p......
I/DEBUG   (  144):     400f2978 e8bd0090 e1b00000 512fff1e ea00b4a5  ........../Q....
I/DEBUG   (  144):     400f2988 e1a0c00d e92d00f0 e89c0070 e3a070b4  ......-.p....p..
I/DEBUG   (  144):     400f2998 ef000000 e8bd00f0 e1b00000 512fff1e  ............../Q
I/DEBUG   (  144): 
I/DEBUG   (  144): code around lr:
I/DEBUG   (  144):     400994e0 f7f36800 4631ed6a 46584602 fe64f009  .h..j.1F.FXF..d.
I/DEBUG   (  144):     400994f0 b320e025 200146c2 463a4651 ed80f7f3  %. ..F. QF:F....
I/DEBUG   (  144):     40099500 bf1c1c43 0707ebc0 d1154482 ed1ef7f3  C........D......
I/DEBUG   (  144):     40099510 2a046802 f7f3d010 6800ed1a ed4cf7f3  .h.*.......h..L.
I/DEBUG   (  144):     40099520 44794916 48164602 f0094478 b17dfe45  .IyD.F.HxD..E.}.
I/DEBUG   (  144): !@dumpstate -k -t -z -d -o /data/log/dumpstate_app_native -m 11789
I/dumpstate(29619): begin
E/ThermalDaemon( 1314): CPU[1] offline
E/ThermalDaemon( 1314): Sensor 'MSM_THERM' -  40*C (40960)
E/SMD     (  151): DCD ON
E/ThermalDaemon( 1314): CPU[1] offline
E/SMD     (  151): DCD ON
E/ThermalDaemon( 1314): CPU[3] offline
E/ThermalDaemon( 1314): CPU[2] offline
E/ThermalDaemon( 1314): Sensor 'MSM_THERM' -  40*C (40960)
E/MtpService(21795): In MTPAPP onReceive:android.intent.action.BATTERY_CHANGED
E/MtpService(21795): battPlugged Type : 2
E/SMD     (  151): DCD ON
E/ThermalDaemon( 1314): CPU[3] offline
E/ThermalDaemon( 1314): CPU[3] offline
E/ThermalDaemon( 1314): CPU[2] offline
E/ThermalDaemon( 1314): CPU[1] offline
E/SMD     (  151): DCD ON
E/ThermalDaemon( 1314): Sensor 'MSM_THERM' -  40*C (40960)
I/dumpstate(29619): done
I/DEBUG   (  144): gotoUploadUserFault called
I/DEBUG   (  144): *** *** *** *** *** *** *** *** *** *** *** *** *** *** *** ***
I/DEBUG   (  144): Build fingerprint: 'samsung/delos3gzc/delos3gchn:4.1.2/JZO54K/I8552ZCAMJ1:user/release-keys'
I/DEBUG   (  144): pid: 11176, tid: 11176, name: sh  >>> /system/bin/sh <<<
I/DEBUG   (  144): signal 13 (SIGPIPE), code -6 (?), fault addr --------
I/DEBUG   (  144):     r0 ffffffe0  r1 41057fd0  r2 00000745  r3 00000000
I/DEBUG   (  144):     r4 00000000  r5 00000003  r6 41057fac  r7 00000004
I/DEBUG   (  144):     r8 41057fd0  r9 41057f20  sl 41057fd0  fp 400b5cb8
I/DEBUG   (  144):     ip 400b9f40  sp be8086c0  lr 400a2501  pc 401cc978  cpsr 00000010
I/DEBUG   (  144):     d0  69752f746363612f  d1  3220303452204874
I/DEBUG   (  144):     d2  747379732f3a7261  d3  656d6172662f6d73
I/DEBUG   (  144):     d4  2e326b726f77656d  d5  7379732f3a72616a
I/DEBUG   (  144):     d6  6d6172662f6d6574  d7  72662f6b726f7765
I/DEBUG   (  144):     d8  0000000000000000  d9  0000000000000000
I/DEBUG   (  144):     d10 0000000000000000  d11 0000000000000000
I/DEBUG   (  144):     d12 0000000000000000  d13 0000000000000000
I/DEBUG   (  144):     d14 0000000000000000  d15 0000000000000000
I/DEBUG   (  144):     d16 5f6b726f77656d61  d17 3a72616a2e747865
I/DEBUG   (  144):     d18 2f6d65747379732f  d19 726f77656d617266
I/DEBUG   (  144):     d20 696f72646e612f6b  d21 7963696c6f702e64
I/DEBUG   (  144):     d22 79732f3a72616a2e  d23 6172662f6d657473
I/DEBUG   (  144):     d24 0000000000000000  d25 0000000000000000
I/DEBUG   (  144):     d26 0000000000000000  d27 0000000000000000
I/DEBUG   (  144):     d28 0000000000000000  d29 0000000000000000
I/DEBUG   (  144):     d30 0000000000000000  d31 0000000000000000
I/DEBUG   (  144):     scr 00000010
I/DEBUG   (  144): 
I/DEBUG   (  144): backtrace:
I/DEBUG   (  144):     #00  pc 0000c978  /system/lib/libc.so (write+12)
I/DEBUG   (  144):     #01  pc 0000e4fd  /system/bin/mksh
I/DEBUG   (  144): 
