I/DEBUG   (  144): stack:
I/DEBUG   (  144):          be808680  0000100b  
I/DEBUG   (  144):          be808684  401d549b  /system/lib/libc.so (dlmalloc+5326)
I/DEBUG   (  144):          be808688  00000000  
I/DEBUG   (  144):          be80868c  00000004  
I/DEBUG   (  144):          be808690  41057f80  [heap]
I/DEBUG   (  144):          be808694  401d549b  /system/lib/libc.so (dlmalloc+5326)
I/DEBUG   (  144):          be808698  00000000  
I/DEBUG   (  144):          be80869c  400b9eac  /system/bin/mksh
I/DEBUG   (  144):          be8086a0  41057f18  [heap]
I/DEBUG   (  144):          be8086a4  400becc4  
I/DEBUG   (  144):          be8086a8  00000000  
I/DEBUG   (  144):          be8086ac  41057fd0  [heap]
I/DEBUG   (  144):          be8086b0  00000000  
I/DEBUG   (  144):          be8086b4  00000003  
I/DEBUG   (  144):          be8086b8  df0027ad  
I/DEBUG   (  144):          be8086bc  00000000  
I/DEBUG   (  144):     #00  be8086c0  00000000  
I/DEBUG   (  144):          be8086c4  00000745  
I/DEBUG   (  144):     #01  be8086c8  41057f18  [heap]
I/DEBUG   (  144):          be8086cc  00013804  
I/DEBUG   (  144):          be8086d0  00000001  
I/DEBUG   (  144):          be8086d4  400b9eac  /system/bin/mksh
I/DEBUG   (  144):          be8086d8  400bed84  
I/DEBUG   (  144):          be8086dc  400bed88  
I/DEBUG   (  144):          be8086e0  400bebb0  
I/DEBUG   (  144):          be8086e4  41057f18  [heap]
I/DEBUG   (  144):          be8086e8  41054f9c  [heap]
I/DEBUG   (  144):          be8086ec  400bedf6  
I/DEBUG   (  144):          be8086f0  00000001  
I/DEBUG   (  144):          be8086f4  4009f5cd  /system/bin/mksh
I/DEBUG   (  144):          be8086f8  41057f18  [heap]
I/DEBUG   (  144):          be8086fc  0000001f  
I/DEBUG   (  144):          be808700  41057f9c  [heap]
I/DEBUG   (  144):          be808704  41057b2c  [heap]
I/DEBUG   (  144): 
I/DEBUG   (  144): memory near r1:
I/DEBUG   (  144):     41057fb0 656e2f63 74782f74 6174715f 64697567  c/net/xt_qtaguid
I/DEBUG   (  144):     41057fc0 6174732f 00007374 00000000 0000100b  /stats..........
I/DEBUG   (  144):     41057fd0 20786469 63616669 63612065 745f7463  idx iface acct_t
I/DEBUG   (  144):     41057fe0 685f6761 75207865 745f6469 695f6761  ag_hex uid_tag_i
I/DEBUG   (  144):     41057ff0 6320746e 735f746e 72207465 79625f78  nt cnt_set rx_by
I/DEBUG   (  144): 
I/DEBUG   (  144): memory near r6:
I/DEBUG   (  144):     41057f8c 40209534 00000010 00000012 00000000  4. @............
I/DEBUG   (  144):     41057f9c 00746163 00000000 0000002b 41057f98  cat.....+......A
I/DEBUG   (  144):     41057fac 6f72702f 656e2f63 74782f74 6174715f  /proc/net/xt_qta
I/DEBUG   (  144):     41057fbc 64697567 6174732f 00007374 00000000  guid/stats......
I/DEBUG   (  144):     41057fcc 0000100b 20786469 63616669 63612065  ....idx iface ac
I/DEBUG   (  144): 
I/DEBUG   (  144): memory near r8:
I/DEBUG   (  144):     41057fb0 656e2f63 74782f74 6174715f 64697567  c/net/xt_qtaguid
I/DEBUG   (  144):     41057fc0 6174732f 00007374 00000000 0000100b  /stats..........
I/DEBUG   (  144):     41057fd0 20786469 63616669 63612065 745f7463  idx iface acct_t
I/DEBUG   (  144):     41057fe0 685f6761 75207865 745f6469 695f6761  ag_hex uid_tag_i
I/DEBUG   (  144):     41057ff0 6320746e 735f746e 72207465 79625f78  nt cnt_set rx_by
I/DEBUG   (  144): 
I/DEBUG   (  144): memory near r9:
I/DEBUG   (  144):     41057f00 00000000 00000004 00000000 0000001b  ................
I/DEBUG   (  144):     41057f10 41057fa8 00000000 41057f9c 41057fac  ...A.......A...A
I/DEBUG   (  144):     41057f20 00000000 00000063 41057f10 41057be8  ....c......A.{.A
I/DEBUG   (  144):     41057f30 be808b6c 00000000 00000000 4105400c  l............@.A
I/DEBUG   (  144):     41057f40 41057f2c 41057a5c 00000006 00000003  ,..A\z.A........
I/DEBUG   (  144): 
I/DEBUG   (  144): memory near sl:
I/DEBUG   (  144):     41057fb0 656e2f63 74782f74 6174715f 64697567  c/net/xt_qtaguid
I/DEBUG   (  144):     41057fc0 6174732f 00007374 00000000 0000100b  /stats..........
I/DEBUG   (  144):     41057fd0 20786469 63616669 63612065 745f7463  idx iface acct_t
I/DEBUG   (  144):     41057fe0 685f6761 75207865 745f6469 695f6761  ag_hex uid_tag_i
I/DEBUG   (  144):     41057ff0 6320746e 735f746e 72207465 79625f78  nt cnt_set rx_by
I/DEBUG   (  144): 
I/DEBUG   (  144): memory near fp:
I/DEBUG   (  144):     400b5c98 27000a27 49005c00 22005346 27262423  '..'.\.IFS."#$&'
I/DEBUG   (  144):     400b5ca8 3a2a2928 3e3d3c3b 605c5b3f 007d7c7b  ()*:;<=>?[\`{|}.
I/DEBUG   (  144):     400b5cb8 203a7325 67007325 68626172 00747369  %s: %s.grabhist.
I/DEBUG   (  144):     400b5cc8 20646162 74736968 2079726f 61727261  bad history arra
I/DEBUG   (  144):     400b5cd8 20200079 25002020 64252073 20636600  y.    .%s %d.fc 
I/DEBUG   (  144): 
I/DEBUG   (  144): memory near ip:
I/DEBUG   (  144):     400b9f20 401cd104 401d990d 401e2aa1 401cd4d8  ...@...@.*.@...@
I/DEBUG   (  144):     400b9f30 401cc56c 401cc950 401cea68 401d6f65  l..@P..@h..@eo.@
I/DEBUG   (  144):     400b9f40 401cc96c 401d87a9 401cc814 401d9839  l..@...@...@9..@
I/DEBUG   (  144):     400b9f50 401cd920 401d9871 401cdcec 401cd0cc   ..@q..@...@...@
I/DEBUG   (  144):     400b9f60 401cc7f8 401cc7dc 401cc5f8 401cd2c0  ...@...@...@...@
I/DEBUG   (  144): 
I/DEBUG   (  144): memory near sp:
I/DEBUG   (  144):     be8086a0 41057f18 400becc4 00000000 41057fd0  ...A...@.......A
I/DEBUG   (  144):     be8086b0 00000000 00000003 df0027ad 00000000  .........'......
I/DEBUG   (  144):     be8086c0 00000000 00000745 41057f18 00013804  ....E......A.8..
I/DEBUG   (  144):     be8086d0 00000001 400b9eac 400bed84 400bed88  .......@...@...@
I/DEBUG   (  144):     be8086e0 400bebb0 41057f18 41054f9c 400bedf6  ...@...A.O.A...@
I/DEBUG   (  144): 
I/DEBUG   (  144): code around pc:
I/DEBUG   (  144):     401cc958 ef000000 e8bd0090 e1b00000 512fff1e  ............../Q
I/DEBUG   (  144):     401cc968 ea00b4ac e92d0090 e3a07004 ef000000  ......-..p......
I/DEBUG   (  144):     401cc978 e8bd0090 e1b00000 512fff1e ea00b4a5  ........../Q....
I/DEBUG   (  144):     401cc988 e1a0c00d e92d00f0 e89c0070 e3a070b4  ......-.p....p..
I/DEBUG   (  144):     401cc998 ef000000 e8bd00f0 e1b00000 512fff1e  ............../Q
I/DEBUG   (  144): 
I/DEBUG   (  144): code around lr:
I/DEBUG   (  144):     400a24e0 f7f36800 4631ed6a 46584602 fe64f009  .h..j.1F.FXF..d.
I/DEBUG   (  144):     400a24f0 b320e025 200146c2 463a4651 ed80f7f3  %. ..F. QF:F....
I/DEBUG   (  144):     400a2500 bf1c1c43 0707ebc0 d1154482 ed1ef7f3  C........D......
I/DEBUG   (  144):     400a2510 2a046802 f7f3d010 6800ed1a ed4cf7f3  .h.*.......h..L.
I/DEBUG   (  144):     400a2520 44794916 48164602 f0094478 b17dfe45  .IyD.F.HxD..E.}.
I/DEBUG   (  144): !@dumpstate -k -t -z -d -o /data/log/dumpstate_app_native -m 11176
I/dumpstate(29713): begin
E/Watchdog(  527): !@Sync 4650
E/ThermalDaemon( 1314): CPU[1] offline
E/SMD     (  151): DCD ON
E/ThermalDaemon( 1314): CPU[3] offline
E/ThermalDaemon( 1314): CPU[2] offline
E/ThermalDaemon( 1314): CPU[1] offline
E/ThermalDaemon( 1314): Sensor 'MSM_THERM' -  40*C (40960)
E/ThermalDaemon( 1314): CPU[1] offline
E/SMD     (  151): DCD ON
E/MtpService(21795): In MTPAPP onReceive:android.intent.action.BATTERY_CHANGED
E/MtpService(21795): battPlugged Type : 2
E/ThermalDaemon( 1314): CPU[3] offline
E/ThermalDaemon( 1314): CPU[2] offline
E/SMD     (  151): DCD ON
D/BatteryStatsImpl(  527): ++++++xy WakeLock start : pid=527, name=, type=0, tid=562, pid=527, pName=null
D/BatteryStatsImpl(  527): ++++++xy WakeLock stop : pid=527, name=, type=0, tid=546, pid=527, pName=null
E/ThermalDaemon( 1314): Sensor 'MSM_THERM' -  40*C (40960)
E/ThermalDaemon( 1314): CPU[1] offline
E/SMD     (  151): DCD ON
I/dumpstate(29713): done
I/DEBUG   (  144): gotoUploadUserFault called
I/DEBUG   (  144): *** *** *** *** *** *** *** *** *** *** *** *** *** *** *** ***
I/DEBUG   (  144): Build fingerprint: 'samsung/delos3gzc/delos3gchn:4.1.2/JZO54K/I8552ZCAMJ1:user/release-keys'
I/DEBUG   (  144): pid: 2445, tid: 2445, name: sh  >>> /system/bin/sh <<<
I/DEBUG   (  144): signal 13 (SIGPIPE), code -6 (?), fault addr --------
I/DEBUG   (  144):     r0 ffffffe0  r1 40428fd0  r2 00000745  r3 00000000
I/DEBUG   (  144):     r4 00000000  r5 00000003  r6 40428fac  r7 00000004
I/DEBUG   (  144):     r8 40428fd0  r9 40428f20  sl 40428fd0  fp 400d0cb8
I/DEBUG   (  144):     ip 400d4f40  sp be8aa6c0  lr 400bd501  pc 401b9978  cpsr 00000010
I/DEBUG   (  144):     d0  69752f746363612f  d1  3220303452204874
I/DEBUG   (  144):     d2  747379732f3a7261  d3  656d6172662f6d73
I/DEBUG   (  144):     d4  2e326b726f77656d  d5  7379732f3a72616a
I/DEBUG   (  144):     d6  6d6172662f6d6574  d7  72662f6b726f7765
I/DEBUG   (  144):     d8  0000000000000000  d9  0000000000000000
I/DEBUG   (  144):     d10 0000000000000000  d11 0000000000000000
I/DEBUG   (  144):     d12 0000000000000000  d13 0000000000000000
I/DEBUG   (  144):     d14 0000000000000000  d15 0000000000000000
I/DEBUG   (  144):     d16 5f6b726f77656d61  d17 3a72616a2e747865
I/DEBUG   (  144):     d18 2f6d65747379732f  d19 726f77656d617266
I/DEBUG   (  144):     d20 696f72646e612f6b  d21 7963696c6f702e64
I/DEBUG   (  144):     d22 79732f3a72616a2e  d23 6172662f6d657473
I/DEBUG   (  144):     d24 0000000000000000  d25 0000000000000000
I/DEBUG   (  144):     d26 0000000000000000  d27 0000000000000000
I/DEBUG   (  144):     d28 0000000000000000  d29 0000000000000000
I/DEBUG   (  144):     d30 0000000000000000  d31 0000000000000000
I/DEBUG   (  144):     scr 00000010
I/DEBUG   (  144): 
I/DEBUG   (  144): backtrace:
I/DEBUG   (  144):     #00  pc 0000c978  /system/lib/libc.so (write+12)
I/DEBUG   (  144):     #01  pc 0000e4fd  /system/bin/mksh
I/DEBUG   (  144): 
I/DEBUG   (  144): stack:
I/DEBUG   (  144):          be8aa680  0000100b  
I/DEBUG   (  144):          be8aa684  401c249b  /system/lib/libc.so (dlmalloc+5326)
I/DEBUG   (  144):          be8aa688  00000000  
I/DEBUG   (  144):          be8aa68c  00000004  
I/DEBUG   (  144):          be8aa690  40428f80  [heap]
I/DEBUG   (  144):          be8aa694  401c249b  /system/lib/libc.so (dlmalloc+5326)
I/DEBUG   (  144):          be8aa698  00000000  
I/DEBUG   (  144):          be8aa69c  400d4eac  /system/bin/mksh
I/DEBUG   (  144):          be8aa6a0  40428f18  [heap]
I/DEBUG   (  144):          be8aa6a4  400d9cc4  
I/DEBUG   (  144):          be8aa6a8  00000000  
I/DEBUG   (  144):          be8aa6ac  40428fd0  [heap]
I/DEBUG   (  144):          be8aa6b0  00000000  
I/DEBUG   (  144):          be8aa6b4  00000003  
I/DEBUG   (  144):          be8aa6b8  df0027ad  
I/DEBUG   (  144):          be8aa6bc  00000000  
I/DEBUG   (  144):     #00  be8aa6c0  00000000  
I/DEBUG   (  144):          be8aa6c4  00000745  
I/DEBUG   (  144):     #01  be8aa6c8  40428f18  [heap]
I/DEBUG   (  144):          be8aa6cc  00013804  
I/DEBUG   (  144):          be8aa6d0  00000001  
I/DEBUG   (  144):          be8aa6d4  400d4eac  /system/bin/mksh
I/DEBUG   (  144):          be8aa6d8  400d9d84  
I/DEBUG   (  144):          be8aa6dc  400d9d88  
I/DEBUG   (  144):          be8aa6e0  400d9bb0  
I/DEBUG   (  144):          be8aa6e4  40428f18  [heap]
I/DEBUG   (  144):          be8aa6e8  40425f9c  [heap]
I/DEBUG   (  144):          be8aa6ec  400d9df6  
I/DEBUG   (  144):          be8aa6f0  00000001  
I/DEBUG   (  144):          be8aa6f4  400ba5cd  /system/bin/mksh
I/DEBUG   (  144):          be8aa6f8  40428f18  [heap]
I/DEBUG   (  144):          be8aa6fc  0000001f  
I/DEBUG   (  144):          be8aa700  40428f9c  [heap]
I/DEBUG   (  144):          be8aa704  40428b2c  [heap]
I/DEBUG   (  144): 
I/DEBUG   (  144): memory near r1:
I/DEBUG   (  144):     40428fb0 656e2f63 74782f74 6174715f 64697567  c/net/xt_qtaguid
I/DEBUG   (  144):     40428fc0 6174732f 00007374 00000000 0000100b  /stats..........
I/DEBUG   (  144):     40428fd0 20786469 63616669 63612065 745f7463  idx iface acct_t
I/DEBUG   (  144):     40428fe0 685f6761 75207865 745f6469 695f6761  ag_hex uid_tag_i
I/DEBUG   (  144):     40428ff0 6320746e 735f746e 72207465 79625f78  nt cnt_set rx_by
I/DEBUG   (  144): 
I/DEBUG   (  144): memory near r6:
I/DEBUG   (  144):     40428f8c 401f6534 00000010 00000012 00000000  4e.@............
I/DEBUG   (  144):     40428f9c 00746163 00000000 0000002b 40428f98  cat.....+.....B@
I/DEBUG   (  144):     40428fac 6f72702f 656e2f63 74782f74 6174715f  /proc/net/xt_qta
I/DEBUG   (  144):     40428fbc 64697567 6174732f 00007374 00000000  guid/stats......
I/DEBUG   (  144):     40428fcc 0000100b 20786469 63616669 63612065  ....idx iface ac
I/DEBUG   (  144): 
I/DEBUG   (  144): memory near r8:
I/DEBUG   (  144):     40428fb0 656e2f63 74782f74 6174715f 64697567  c/net/xt_qtaguid
I/DEBUG   (  144):     40428fc0 6174732f 00007374 00000000 0000100b  /stats..........
I/DEBUG   (  144):     40428fd0 20786469 63616669 63612065 745f7463  idx iface acct_t
I/DEBUG   (  144):     40428fe0 685f6761 75207865 745f6469 695f6761  ag_hex uid_tag_i
I/DEBUG   (  144):     40428ff0 6320746e 735f746e 72207465 79625f78  nt cnt_set rx_by
I/DEBUG   (  144): 
I/DEBUG   (  144): memory near r9:
I/DEBUG   (  144):     40428f00 00000000 00000004 00000000 0000001b  ................
I/DEBUG   (  144):     40428f10 40428fa8 00000000 40428f9c 40428fac  ..B@......B@..B@
I/DEBUG   (  144):     40428f20 00000000 00000063 40428f10 40428be8  ....c.....B@..B@
I/DEBUG   (  144):     40428f30 be8aab6c 00000000 00000000 4042500c  l............PB@
I/DEBUG   (  144):     40428f40 40428f2c 40428a5c 00000006 00000003  ,.B@\.B@........
I/DEBUG   (  144): 
I/DEBUG   (  144): memory near sl:
I/DEBUG   (  144):     40428fb0 656e2f63 74782f74 6174715f 64697567  c/net/xt_qtaguid
I/DEBUG   (  144):     40428fc0 6174732f 00007374 00000000 0000100b  /stats..........
I/DEBUG   (  144):     40428fd0 20786469 63616669 63612065 745f7463  idx iface acct_t
I/DEBUG   (  144):     40428fe0 685f6761 75207865 745f6469 695f6761  ag_hex uid_tag_i
I/DEBUG   (  144):     40428ff0 6320746e 735f746e 72207465 79625f78  nt cnt_set rx_by
I/DEBUG   (  144): 
I/DEBUG   (  144): memory near fp:
I/DEBUG   (  144):     400d0c98 27000a27 49005c00 22005346 27262423  '..'.\.IFS."#$&'
I/DEBUG   (  144):     400d0ca8 3a2a2928 3e3d3c3b 605c5b3f 007d7c7b  ()*:;<=>?[\`{|}.
I/DEBUG   (  144):     400d0cb8 203a7325 67007325 68626172 00747369  %s: %s.grabhist.
I/DEBUG   (  144):     400d0cc8 20646162 74736968 2079726f 61727261  bad history arra
I/DEBUG   (  144):     400d0cd8 20200079 25002020 64252073 20636600  y.    .%s %d.fc 
I/DEBUG   (  144): 
I/DEBUG   (  144): memory near ip:
I/DEBUG   (  144):     400d4f20 401ba104 401c690d 401cfaa1 401ba4d8  ...@.i.@...@...@
I/DEBUG   (  144):     400d4f30 401b956c 401b9950 401bba68 401c3f65  l..@P..@h..@e?.@
I/DEBUG   (  144):     400d4f40 401b996c 401c57a9 401b9814 401c6839  l..@.W.@...@9h.@
I/DEBUG   (  144):     400d4f50 401ba920 401c6871 401bacec 401ba0cc   ..@qh.@...@...@
I/DEBUG   (  144):     400d4f60 401b97f8 401b97dc 401b95f8 401ba2c0  ...@...@...@...@
I/DEBUG   (  144): 
I/DEBUG   (  144): memory near sp:
I/DEBUG   (  144):     be8aa6a0 40428f18 400d9cc4 00000000 40428fd0  ..B@...@......B@
I/DEBUG   (  144):     be8aa6b0 00000000 00000003 df0027ad 00000000  .........'......
I/DEBUG   (  144):     be8aa6c0 00000000 00000745 40428f18 00013804  ....E.....B@.8..
I/DEBUG   (  144):     be8aa6d0 00000001 400d4eac 400d9d84 400d9d88  .....N.@...@...@
I/DEBUG   (  144):     be8aa6e0 400d9bb0 40428f18 40425f9c 400d9df6  ...@..B@._B@...@
I/DEBUG   (  144): 
I/DEBUG   (  144): code around pc:
I/DEBUG   (  144):     401b9958 ef000000 e8bd0090 e1b00000 512fff1e  ............../Q
I/DEBUG   (  144):     401b9968 ea00b4ac e92d0090 e3a07004 ef000000  ......-..p......
I/DEBUG   (  144):     401b9978 e8bd0090 e1b00000 512fff1e ea00b4a5  ........../Q....
I/DEBUG   (  144):     401b9988 e1a0c00d e92d00f0 e89c0070 e3a070b4  ......-.p....p..
I/DEBUG   (  144):     401b9998 ef000000 e8bd00f0 e1b00000 512fff1e  ............../Q
I/DEBUG   (  144): 
I/DEBUG   (  144): code around lr:
I/DEBUG   (  144):     400bd4e0 f7f36800 4631ed6a 46584602 fe64f009  .h..j.1F.FXF..d.
I/DEBUG   (  144):     400bd4f0 b320e025 200146c2 463a4651 ed80f7f3  %. ..F. QF:F....
I/DEBUG   (  144):     400bd500 bf1c1c43 0707ebc0 d1154482 ed1ef7f3  C........D......
I/DEBUG   (  144):     400bd510 2a046802 f7f3d010 6800ed1a ed4cf7f3  .h.*.......h..L.
I/DEBUG   (  144):     400bd520 44794916 48164602 f0094478 b17dfe45  .IyD.F.HxD..E.}.
I/DEBUG   (  144): !@dumpstate -k -t -z -d -o /data/log/dumpstate_app_native -m 2445
I/dumpstate(29799): begin
E/ThermalDaemon( 1314): CPU[1] offline
E/SMD     (  151): DCD ON
E/ThermalDaemon( 1314): CPU[3] offline
E/ThermalDaemon( 1314): CPU[2] offline
E/ThermalDaemon( 1314): Sensor 'MSM_THERM' -  40*C (40960)
E/MtpService(21795): In MTPAPP onReceive:android.intent.action.BATTERY_CHANGED
E/MtpService(21795): battPlugged Type : 2
E/ThermalDaemon( 1314): CPU[1] offline
E/SMD     (  151): DCD ON
E/ThermalDaemon( 1314): Sensor 'MSM_THERM' -  40*C (40960)
E/SMD     (  151): DCD ON
E/ThermalDaemon( 1314): CPU[3] offline
E/ThermalDaemon( 1314): CPU[2] offline
D/BatteryStatsImpl(  527): ++++++xy WakeLock start : pid=527, name=, type=0, tid=562, pid=527, pName=null
D/ApplicationPolicy(  527): isStatusBarNotificationAllowed: packageName = com.shuame.mobile
D/BatteryStatsImpl(  527): ++++++xy WakeLock stop : pid=527, name=, type=0, tid=546, pid=527, pName=null
D/dalvikvm( 2073): GC_CONCURRENT freed 1594K, 36% free 9935K/15363K, paused 12ms+3ms, total 69ms
E/ThermalDaemon( 1314): CPU[1] offline
E/SMD     (  151): DCD ON
I/dumpstate(29799): done
I/DEBUG   (  144): gotoUploadUserFault called
I/DEBUG   (  144): *** *** *** *** *** *** *** *** *** *** *** *** *** *** *** ***
I/DEBUG   (  144): Build fingerprint: 'samsung/delos3gzc/delos3gchn:4.1.2/JZO54K/I8552ZCAMJ1:user/release-keys'
I/DEBUG   (  144): pid: 11254, tid: 11254, name: sh  >>> /system/bin/sh <<<
I/DEBUG   (  144): signal 13 (SIGPIPE), code -6 (?), fault addr --------
I/DEBUG   (  144):     r0 ffffffe0  r1 4046afd0  r2 00000745  r3 00000000
I/DEBUG   (  144):     r4 00000000  r5 00000003  r6 4046afac  r7 00000004
I/DEBUG   (  144):     r8 4046afd0  r9 4046af20  sl 4046afd0  fp 4010fcb8
I/DEBUG   (  144):     ip 40113f40  sp be9ce6c0  lr 400fc501  pc 401e4978  cpsr 00000010
I/DEBUG   (  144):     d0  69752f746363612f  d1  3220303452204874
I/DEBUG   (  144):     d2  747379732f3a7261  d3  656d6172662f6d73
I/DEBUG   (  144):     d4  2e326b726f77656d  d5  7379732f3a72616a
I/DEBUG   (  144):     d6  6d6172662f6d6574  d7  72662f6b726f7765
I/DEBUG   (  144):     d8  0000000000000000  d9  0000000000000000
I/DEBUG   (  144):     d10 0000000000000000  d11 0000000000000000
I/DEBUG   (  144):     d12 0000000000000000  d13 0000000000000000
I/DEBUG   (  144):     d14 0000000000000000  d15 0000000000000000
I/DEBUG   (  144):     d16 5f6b726f77656d61  d17 3a72616a2e747865
I/DEBUG   (  144):     d18 2f6d65747379732f  d19 726f77656d617266
I/DEBUG   (  144):     d20 696f72646e612f6b  d21 7963696c6f702e64
I/DEBUG   (  144):     d22 79732f3a72616a2e  d23 6172662f6d657473
I/DEBUG   (  144):     d24 0000000000000000  d25 0000000000000000
I/DEBUG   (  144):     d26 0000000000000000  d27 0000000000000000
I/DEBUG   (  144):     d28 0000000000000000  d29 0000000000000000
I/DEBUG   (  144):     d30 0000000000000000  d31 0000000000000000
I/DEBUG   (  144):     scr 00000010
I/DEBUG   (  144): 
I/DEBUG   (  144): backtrace:
I/DEBUG   (  144):     #00  pc 0000c978  /system/lib/libc.so (write+12)
I/DEBUG   (  144):     #01  pc 0000e4fd  /system/bin/mksh
I/DEBUG   (  144): 
I/DEBUG   (  144): stack:
I/DEBUG   (  144):          be9ce680  0000100b  
I/DEBUG   (  144):          be9ce684  401ed49b  /system/lib/libc.so (dlmalloc+5326)
I/DEBUG   (  144):          be9ce688  00000000  
I/DEBUG   (  144):          be9ce68c  00000004  
I/DEBUG   (  144):          be9ce690  4046af80  [heap]
I/DEBUG   (  144):          be9ce694  401ed49b  /system/lib/libc.so (dlmalloc+5326)
I/DEBUG   (  144):          be9ce698  00000000  
I/DEBUG   (  144):          be9ce69c  40113eac  /system/bin/mksh
I/DEBUG   (  144):          be9ce6a0  4046af18  [heap]
I/DEBUG   (  144):          be9ce6a4  40118cc4  
I/DEBUG   (  144):          be9ce6a8  00000000  
I/DEBUG   (  144):          be9ce6ac  4046afd0  [heap]
I/DEBUG   (  144):          be9ce6b0  00000000  
I/DEBUG   (  144):          be9ce6b4  00000003  
I/DEBUG   (  144):          be9ce6b8  df0027ad  
I/DEBUG   (  144):          be9ce6bc  00000000  
I/DEBUG   (  144):     #00  be9ce6c0  00000000  
I/DEBUG   (  144):          be9ce6c4  00000745  
I/DEBUG   (  144):     #01  be9ce6c8  4046af18  [heap]
I/DEBUG   (  144):          be9ce6cc  00013804  
I/DEBUG   (  144):          be9ce6d0  00000001  
I/DEBUG   (  144):          be9ce6d4  40113eac  /system/bin/mksh
I/DEBUG   (  144):          be9ce6d8  40118d84  
I/DEBUG   (  144):          be9ce6dc  40118d88  
I/DEBUG   (  144):          be9ce6e0  40118bb0  
I/DEBUG   (  144):          be9ce6e4  4046af18  [heap]
I/DEBUG   (  144):          be9ce6e8  40467f9c  [heap]
I/DEBUG   (  144):          be9ce6ec  40118df6  
I/DEBUG   (  144):          be9ce6f0  00000001  
I/DEBUG   (  144):          be9ce6f4  400f95cd  /system/bin/mksh
I/DEBUG   (  144):          be9ce6f8  4046af18  [heap]
I/DEBUG   (  144):          be9ce6fc  0000001f  
I/DEBUG   (  144):          be9ce700  4046af9c  [heap]
I/DEBUG   (  144):          be9ce704  4046ab2c  [heap]
I/DEBUG   (  144): 
I/DEBUG   (  144): memory near r1:
I/DEBUG   (  144):     4046afb0 656e2f63 74782f74 6174715f 64697567  c/net/xt_qtaguid
I/DEBUG   (  144):     4046afc0 6174732f 00007374 00000000 0000100b  /stats..........
I/DEBUG   (  144):     4046afd0 20786469 63616669 63612065 745f7463  idx iface acct_t
I/DEBUG   (  144):     4046afe0 685f6761 75207865 745f6469 695f6761  ag_hex uid_tag_i
I/DEBUG   (  144):     4046aff0 6320746e 735f746e 72207465 79625f78  nt cnt_set rx_by
I/DEBUG   (  144): 
I/DEBUG   (  144): memory near r6:
I/DEBUG   (  144):     4046af8c 40221534 00000010 00000012 00000000  4."@............
I/DEBUG   (  144):     4046af9c 00746163 00000000 0000002b 4046af98  cat.....+.....F@
I/DEBUG   (  144):     4046afac 6f72702f 656e2f63 74782f74 6174715f  /proc/net/xt_qta
I/DEBUG   (  144):     4046afbc 64697567 6174732f 00007374 00000000  guid/stats......
I/DEBUG   (  144):     4046afcc 0000100b 20786469 63616669 63612065  ....idx iface ac
I/DEBUG   (  144): 
I/DEBUG   (  144): memory near r8:
I/DEBUG   (  144):     4046afb0 656e2f63 74782f74 6174715f 64697567  c/net/xt_qtaguid
I/DEBUG   (  144):     4046afc0 6174732f 00007374 00000000 0000100b  /stats..........
I/DEBUG   (  144):     4046afd0 20786469 63616669 63612065 745f7463  idx iface acct_t
I/DEBUG   (  144):     4046afe0 685f6761 75207865 745f6469 695f6761  ag_hex uid_tag_i
I/DEBUG   (  144):     4046aff0 6320746e 735f746e 72207465 79625f78  nt cnt_set rx_by
I/DEBUG   (  144): 
I/DEBUG   (  144): memory near r9:
I/DEBUG   (  144):     4046af00 00000000 00000004 00000000 0000001b  ................
I/DEBUG   (  144):     4046af10 4046afa8 00000000 4046af9c 4046afac  ..F@......F@..F@
I/DEBUG   (  144):     4046af20 00000000 00000063 4046af10 4046abe8  ....c.....F@..F@
I/DEBUG   (  144):     4046af30 be9ceb6c 00000000 00000000 4046700c  l............pF@
I/DEBUG   (  144):     4046af40 4046af2c 4046aa5c 00000006 00000003  ,.F@\.F@........
I/DEBUG   (  144): 
I/DEBUG   (  144): memory near sl:
I/DEBUG   (  144):     4046afb0 656e2f63 74782f74 6174715f 64697567  c/net/xt_qtaguid
I/DEBUG   (  144):     4046afc0 6174732f 00007374 00000000 0000100b  /stats..........
I/DEBUG   (  144):     4046afd0 20786469 63616669 63612065 745f7463  idx iface acct_t
I/DEBUG   (  144):     4046afe0 685f6761 75207865 745f6469 695f6761  ag_hex uid_tag_i
I/DEBUG   (  144):     4046aff0 6320746e 735f746e 72207465 79625f78  nt cnt_set rx_by
I/DEBUG   (  144): 
I/DEBUG   (  144): memory near fp:
I/DEBUG   (  144):     4010fc98 27000a27 49005c00 22005346 27262423  '..'.\.IFS."#$&'
I/DEBUG   (  144):     4010fca8 3a2a2928 3e3d3c3b 605c5b3f 007d7c7b  ()*:;<=>?[\`{|}.
I/DEBUG   (  144):     4010fcb8 203a7325 67007325 68626172 00747369  %s: %s.grabhist.
I/DEBUG   (  144):     4010fcc8 20646162 74736968 2079726f 61727261  bad history arra
I/DEBUG   (  144):     4010fcd8 20200079 25002020 64252073 20636600  y.    .%s %d.fc 
I/DEBUG   (  144): 
I/DEBUG   (  144): memory near ip:
I/DEBUG   (  144):     40113f20 401e5104 401f190d 401faaa1 401e54d8  .Q.@...@...@.T.@
I/DEBUG   (  144):     40113f30 401e456c 401e4950 401e6a68 401eef65  lE.@PI.@hj.@e..@
I/DEBUG   (  144):     40113f40 401e496c 401f07a9 401e4814 401f1839  lI.@...@.H.@9..@
I/DEBUG   (  144):     40113f50 401e5920 401f1871 401e5cec 401e50cc   Y.@q..@.\.@.P.@
I/DEBUG   (  144):     40113f60 401e47f8 401e47dc 401e45f8 401e52c0  .G.@.G.@.E.@.R.@
I/DEBUG   (  144): 
I/DEBUG   (  144): memory near sp:
I/DEBUG   (  144):     be9ce6a0 4046af18 40118cc4 00000000 4046afd0  ..F@...@......F@
I/DEBUG   (  144):     be9ce6b0 00000000 00000003 df0027ad 00000000  .........'......
I/DEBUG   (  144):     be9ce6c0 00000000 00000745 4046af18 00013804  ....E.....F@.8..
I/DEBUG   (  144):     be9ce6d0 00000001 40113eac 40118d84 40118d88  .....>.@...@...@
I/DEBUG   (  144):     be9ce6e0 40118bb0 4046af18 40467f9c 40118df6  ...@..F@..F@...@
I/DEBUG   (  144): 
I/DEBUG   (  144): code around pc:
I/DEBUG   (  144):     401e4958 ef000000 e8bd0090 e1b00000 512fff1e  ............../Q
I/DEBUG   (  144):     401e4968 ea00b4ac e92d0090 e3a07004 ef000000  ......-..p......
I/DEBUG   (  144):     401e4978 e8bd0090 e1b00000 512fff1e ea00b4a5  ........../Q....
I/DEBUG   (  144):     401e4988 e1a0c00d e92d00f0 e89c0070 e3a070b4  ......-.p....p..
I/DEBUG   (  144):     401e4998 ef000000 e8bd00f0 e1b00000 512fff1e  ............../Q
I/DEBUG   (  144): 
I/DEBUG   (  144): code around lr:
I/DEBUG   (  144):     400fc4e0 f7f36800 4631ed6a 46584602 fe64f009  .h..j.1F.FXF..d.
I/DEBUG   (  144):     400fc4f0 b320e025 200146c2 463a4651 ed80f7f3  %. ..F. QF:F....
I/DEBUG   (  144):     400fc500 bf1c1c43 0707ebc0 d1154482 ed1ef7f3  C........D......
I/DEBUG   (  144):     400fc510 2a046802 f7f3d010 6800ed1a ed4cf7f3  .h.*.......h..L.
I/DEBUG   (  144):     400fc520 44794916 48164602 f0094478 b17dfe45  .IyD.F.HxD..E.}.
I/DEBUG   (  144): !@dumpstate -k -t -z -d -o /data/log/dumpstate_app_native -m 11254
I/dumpstate(29892): begin
D/BatteryStatsImpl(  527): ++++++xy WakeLock start : pid=527, name=, type=0, tid=562, pid=527, pName=null
E/ThermalDaemon( 1314): Sensor 'MSM_THERM' -  40*C (40960)
D/widget  (  816): [MSC_SinaWeather_JB]>>> SWC:1368 [0:0] drw all Tm dt = 2059
D/BatteryStatsImpl(  527): ++++++xy WakeLock stop : pid=527, name=, type=0, tid=546, pid=527, pName=null
E/ThermalDaemon( 1314): CPU[2] offline
E/ThermalDaemon( 1314): CPU[1] offline
E/MtpService(21795): In MTPAPP onReceive:android.intent.action.BATTERY_CHANGED
E/MtpService(21795): battPlugged Type : 2
E/SMD     (  151): DCD ON
E/ThermalDaemon( 1314): CPU[3] offline
E/ThermalDaemon( 1314): CPU[2] offline
E/ThermalDaemon( 1314): CPU[1] offline
E/ThermalDaemon( 1314): CPU[1] offline
E/SMD     (  151): DCD ON
E/ThermalDaemon( 1314): Sensor 'MSM_THERM' -  40*C (40960)
E/Watchdog(  527): !@Sync 4651
E/SMD     (  151): DCD ON
E/ThermalDaemon( 1314): CPU[2] offline
E/ThermalDaemon( 1314): CPU[1] offline
E/ThermalDaemon( 1314): Sensor 'MSM_THERM' -  40*C (40960)
E/SMD     (  151): DCD ON
I/dumpstate(29892): done
E/MtpService(21795): In MTPAPP onReceive:android.intent.action.BATTERY_CHANGED
E/MtpService(21795): battPlugged Type : 2
I/DEBUG   (  144): gotoUploadUserFault called
I/DEBUG   (  144): *** *** *** *** *** *** *** *** *** *** *** *** *** *** *** ***
I/DEBUG   (  144): Build fingerprint: 'samsung/delos3gzc/delos3gchn:4.1.2/JZO54K/I8552ZCAMJ1:user/release-keys'
I/DEBUG   (  144): pid: 11737, tid: 11737, name: sh  >>> /system/bin/sh <<<
I/DEBUG   (  144): signal 13 (SIGPIPE), code -6 (?), fault addr --------
I/DEBUG   (  144):     r0 ffffffe0  r1 412f1fd0  r2 00000745  r3 00000000
I/DEBUG   (  144):     r4 00000000  r5 00000003  r6 412f1fac  r7 00000004
I/DEBUG   (  144):     r8 412f1fd0  r9 412f1f20  sl 412f1fd0  fp 4004ccb8
I/DEBUG   (  144):     ip 40050f40  sp beb216c0  lr 40039501  pc 4014f978  cpsr 00000010
I/DEBUG   (  144):     d0  69752f746363612f  d1  3220303452204874
I/DEBUG   (  144):     d2  747379732f3a7261  d3  656d6172662f6d73
I/DEBUG   (  144):     d4  2e326b726f77656d  d5  7379732f3a72616a
I/DEBUG   (  144):     d6  6d6172662f6d6574  d7  72662f6b726f7765
I/DEBUG   (  144):     d8  0000000000000000  d9  0000000000000000
I/DEBUG   (  144):     d10 0000000000000000  d11 0000000000000000
I/DEBUG   (  144):     d12 0000000000000000  d13 0000000000000000
I/DEBUG   (  144):     d14 0000000000000000  d15 0000000000000000
I/DEBUG   (  144):     d16 5f6b726f77656d61  d17 3a72616a2e747865
I/DEBUG   (  144):     d18 2f6d65747379732f  d19 726f77656d617266
I/DEBUG   (  144):     d20 696f72646e612f6b  d21 7963696c6f702e64
I/DEBUG   (  144):     d22 79732f3a72616a2e  d23 6172662f6d657473
I/DEBUG   (  144):     d24 0000000000000000  d25 0000000000000000
I/DEBUG   (  144):     d26 0000000000000000  d27 0000000000000000
I/DEBUG   (  144):     d28 0000000000000000  d29 0000000000000000
I/DEBUG   (  144):     d30 0000000000000000  d31 0000000000000000
I/DEBUG   (  144):     scr 00000010
I/DEBUG   (  144): 
I/DEBUG   (  144): backtrace:
I/DEBUG   (  144):     #00  pc 0000c978  /system/lib/libc.so (write+12)
I/DEBUG   (  144):     #01  pc 0000e4fd  /system/bin/mksh
I/DEBUG   (  144): 
I/DEBUG   (  144): stack:
I/DEBUG   (  144):          beb21680  0000100b  
I/DEBUG   (  144):          beb21684  4015849b  /system/lib/libc.so (dlmalloc+5326)
I/DEBUG   (  144):          beb21688  00000000  
I/DEBUG   (  144):          beb2168c  00000004  
I/DEBUG   (  144):          beb21690  412f1f80  [heap]
I/DEBUG   (  144):          beb21694  4015849b  /system/lib/libc.so (dlmalloc+5326)
I/DEBUG   (  144):          beb21698  00000000  
I/DEBUG   (  144):          beb2169c  40050eac  /system/bin/mksh
I/DEBUG   (  144):          beb216a0  412f1f18  [heap]
I/DEBUG   (  144):          beb216a4  40055cc4  
I/DEBUG   (  144):          beb216a8  00000000  
I/DEBUG   (  144):          beb216ac  412f1fd0  [heap]
I/DEBUG   (  144):          beb216b0  00000000  
I/DEBUG   (  144):          beb216b4  00000003  
I/DEBUG   (  144):          beb216b8  df0027ad  
I/DEBUG   (  144):          beb216bc  00000000  
I/DEBUG   (  144):     #00  beb216c0  00000000  
I/DEBUG   (  144):          beb216c4  00000745  
I/DEBUG   (  144):     #01  beb216c8  412f1f18  [heap]
I/DEBUG   (  144):          beb216cc  00013804  
I/DEBUG   (  144):          beb216d0  00000001  
I/DEBUG   (  144):          beb216d4  40050eac  /system/bin/mksh
I/DEBUG   (  144):          beb216d8  40055d84  
I/DEBUG   (  144):          beb216dc  40055d88  
I/DEBUG   (  144):          beb216e0  40055bb0  
I/DEBUG   (  144):          beb216e4  412f1f18  [heap]
I/DEBUG   (  144):          beb216e8  412eef9c  [heap]
I/DEBUG   (  144):          beb216ec  40055df6  
I/DEBUG   (  144):          beb216f0  00000001  
I/DEBUG   (  144):          beb216f4  400365cd  /system/bin/mksh
I/DEBUG   (  144):          beb216f8  412f1f18  [heap]
I/DEBUG   (  144):          beb216fc  0000001f  
I/DEBUG   (  144):          beb21700  412f1f9c  [heap]
I/DEBUG   (  144):          beb21704  412f1b2c  [heap]
I/DEBUG   (  144): 
I/DEBUG   (  144): memory near r1:
I/DEBUG   (  144):     412f1fb0 656e2f63 74782f74 6174715f 64697567  c/net/xt_qtaguid
I/DEBUG   (  144):     412f1fc0 6174732f 00007374 00000000 0000100b  /stats..........
I/DEBUG   (  144):     412f1fd0 20786469 63616669 63612065 745f7463  idx iface acct_t
I/DEBUG   (  144):     412f1fe0 685f6761 75207865 745f6469 695f6761  ag_hex uid_tag_i
I/DEBUG   (  144):     412f1ff0 6320746e 735f746e 72207465 79625f78  nt cnt_set rx_by
I/DEBUG   (  144): 
I/DEBUG   (  144): memory near r6:
I/DEBUG   (  144):     412f1f8c 4018c534 00000010 00000012 00000000  4..@............
I/DEBUG   (  144):     412f1f9c 00746163 00000000 0000002b 412f1f98  cat.....+...../A
I/DEBUG   (  144):     412f1fac 6f72702f 656e2f63 74782f74 6174715f  /proc/net/xt_qta
I/DEBUG   (  144):     412f1fbc 64697567 6174732f 00007374 00000000  guid/stats......
I/DEBUG   (  144):     412f1fcc 0000100b 20786469 63616669 63612065  ....idx iface ac
I/DEBUG   (  144): 
I/DEBUG   (  144): memory near r8:
I/DEBUG   (  144):     412f1fb0 656e2f63 74782f74 6174715f 64697567  c/net/xt_qtaguid
I/DEBUG   (  144):     412f1fc0 6174732f 00007374 00000000 0000100b  /stats..........
I/DEBUG   (  144):     412f1fd0 20786469 63616669 63612065 745f7463  idx iface acct_t
I/DEBUG   (  144):     412f1fe0 685f6761 75207865 745f6469 695f6761  ag_hex uid_tag_i
I/DEBUG   (  144):     412f1ff0 6320746e 735f746e 72207465 79625f78  nt cnt_set rx_by
I/DEBUG   (  144): 
I/DEBUG   (  144): memory near r9:
I/DEBUG   (  144):     412f1f00 00000000 00000004 00000000 0000001b  ................
I/DEBUG   (  144):     412f1f10 412f1fa8 00000000 412f1f9c 412f1fac  ../A....../A../A
I/DEBUG   (  144):     412f1f20 00000000 00000063 412f1f10 412f1be8  ....c...../A../A
I/DEBUG   (  144):     412f1f30 beb21b6c 00000000 00000000 412ee00c  l..............A
I/DEBUG   (  144):     412f1f40 412f1f2c 412f1a5c 00000006 00000003  ,./A\./A........
I/DEBUG   (  144): 
I/DEBUG   (  144): memory near sl:
I/DEBUG   (  144):     412f1fb0 656e2f63 74782f74 6174715f 64697567  c/net/xt_qtaguid
I/DEBUG   (  144):     412f1fc0 6174732f 00007374 00000000 0000100b  /stats..........
I/DEBUG   (  144):     412f1fd0 20786469 63616669 63612065 745f7463  idx iface acct_t
I/DEBUG   (  144):     412f1fe0 685f6761 75207865 745f6469 695f6761  ag_hex uid_tag_i
I/DEBUG   (  144):     412f1ff0 6320746e 735f746e 72207465 79625f78  nt cnt_set rx_by
I/DEBUG   (  144): 
I/DEBUG   (  144): memory near fp:
I/DEBUG   (  144):     4004cc98 27000a27 49005c00 22005346 27262423  '..'.\.IFS."#$&'
I/DEBUG   (  144):     4004cca8 3a2a2928 3e3d3c3b 605c5b3f 007d7c7b  ()*:;<=>?[\`{|}.
I/DEBUG   (  144):     4004ccb8 203a7325 67007325 68626172 00747369  %s: %s.grabhist.
I/DEBUG   (  144):     4004ccc8 20646162 74736968 2079726f 61727261  bad history arra
I/DEBUG   (  144):     4004ccd8 20200079 25002020 64252073 20636600  y.    .%s %d.fc 
I/DEBUG   (  144): 
I/DEBUG   (  144): memory near ip:
I/DEBUG   (  144):     40050f20 40150104 4015c90d 40165aa1 401504d8  ...@...@.Z.@...@
I/DEBUG   (  144):     40050f30 4014f56c 4014f950 40151a68 40159f65  l..@P..@h..@e..@
I/DEBUG   (  144):     40050f40 4014f96c 4015b7a9 4014f814 4015c839  l..@...@...@9..@
I/DEBUG   (  144):     40050f50 40150920 4015c871 40150cec 401500cc   ..@q..@...@...@
I/DEBUG   (  144):     40050f60 4014f7f8 4014f7dc 4014f5f8 401502c0  ...@...@...@...@
I/DEBUG   (  144): 
I/DEBUG   (  144): memory near sp:
I/DEBUG   (  144):     beb216a0 412f1f18 40055cc4 00000000 412f1fd0  ../A.\.@....../A
I/DEBUG   (  144):     beb216b0 00000000 00000003 df0027ad 00000000  .........'......
I/DEBUG   (  144):     beb216c0 00000000 00000745 412f1f18 00013804  ....E...../A.8..
I/DEBUG   (  144):     beb216d0 00000001 40050eac 40055d84 40055d88  .......@.].@.].@
I/DEBUG   (  144):     beb216e0 40055bb0 412f1f18 412eef9c 40055df6  .[.@../A...A.].@
I/DEBUG   (  144): 
I/DEBUG   (  144): code around pc:
I/DEBUG   (  144):     4014f958 ef000000 e8bd0090 e1b00000 512fff1e  ............../Q
I/DEBUG   (  144):     4014f968 ea00b4ac e92d0090 e3a07004 ef000000  ......-..p......
I/DEBUG   (  144):     4014f978 e8bd0090 e1b00000 512fff1e ea00b4a5  ........../Q....
I/DEBUG   (  144):     4014f988 e1a0c00d e92d00f0 e89c0070 e3a070b4  ......-.p....p..
I/DEBUG   (  144):     4014f998 ef000000 e8bd00f0 e1b00000 512fff1e  ............../Q
I/DEBUG   (  144): 
I/DEBUG   (  144): code around lr:
I/DEBUG   (  144):     400394e0 f7f36800 4631ed6a 46584602 fe64f009  .h..j.1F.FXF..d.
I/DEBUG   (  144):     400394f0 b320e025 200146c2 463a4651 ed80f7f3  %. ..F. QF:F....
I/DEBUG   (  144):     40039500 bf1c1c43 0707ebc0 d1154482 ed1ef7f3  C........D......
I/DEBUG   (  144):     40039510 2a046802 f7f3d010 6800ed1a ed4cf7f3  .h.*.......h..L.
I/DEBUG   (  144):     40039520 44794916 48164602 f0094478 b17dfe45  .IyD.F.HxD..E.}.
I/DEBUG   (  144): !@dumpstate -k -t -z -d -o /data/log/dumpstate_app_native -m 11737
I/dumpstate(29986): begin
E/ThermalDaemon( 1314): CPU[1] offline
E/SMD     (  151): DCD ON
E/ThermalDaemon( 1314): CPU[1] offline
E/ThermalDaemon( 1314): CPU[1] offline
E/ThermalDaemon( 1314): Sensor 'MSM_THERM' -  40*C (40960)
E/SMD     (  151): DCD ON
E/ThermalDaemon( 1314): CPU[2] offline
D/BatteryStatsImpl(  527): ++++++xy WakeLock start : pid=527, name=, type=0, tid=562, pid=527, pName=null
D/BatteryStatsImpl(  527): ++++++xy WakeLock stop : pid=527, name=, type=0, tid=546, pid=527, pName=null
E/SMD     (  151): DCD ON
E/ThermalDaemon( 1314): Sensor 'MSM_THERM' -  40*C (40960)
E/ThermalDaemon( 1314): CPU[1] offline
E/SMD     (  151): DCD ON
I/dumpstate(29986): done
E/ThermalDaemon( 1314): CPU[2] offline
E/ThermalDaemon( 1314): CPU[1] offline
I/DEBUG   (  144): gotoUploadUserFault called
I/DEBUG   (  144): *** *** *** *** *** *** *** *** *** *** *** *** *** *** *** ***
I/DEBUG   (  144): Build fingerprint: 'samsung/delos3gzc/delos3gchn:4.1.2/JZO54K/I8552ZCAMJ1:user/release-keys'
I/DEBUG   (  144): pid: 2959, tid: 2959, name: sh  >>> /system/bin/sh <<<
I/DEBUG   (  144): signal 13 (SIGPIPE), code -6 (?), fault addr --------
I/DEBUG   (  144):     r0 ffffffe0  r1 41f9ffd0  r2 00000745  r3 00000000
I/DEBUG   (  144):     r4 00000000  r5 00000003  r6 41f9ffac  r7 00000004
I/DEBUG   (  144):     r8 41f9ffd0  r9 41f9ff20  sl 41f9ffd0  fp 400d2cb8
I/DEBUG   (  144):     ip 400d6f40  sp bebaa6c0  lr 400bf501  pc 401f8978  cpsr 00000010
I/DEBUG   (  144):     d0  69752f746363612f  d1  3220303452204874
I/DEBUG   (  144):     d2  747379732f3a7261  d3  656d6172662f6d73
I/DEBUG   (  144):     d4  2e326b726f77656d  d5  7379732f3a72616a
I/DEBUG   (  144):     d6  6d6172662f6d6574  d7  72662f6b726f7765
I/DEBUG   (  144):     d8  0000000000000000  d9  0000000000000000
I/DEBUG   (  144):     d10 0000000000000000  d11 0000000000000000
I/DEBUG   (  144):     d12 0000000000000000  d13 0000000000000000
I/DEBUG   (  144):     d14 0000000000000000  d15 0000000000000000
I/DEBUG   (  144):     d16 5f6b726f77656d61  d17 3a72616a2e747865
I/DEBUG   (  144):     d18 2f6d65747379732f  d19 726f77656d617266
I/DEBUG   (  144):     d20 696f72646e612f6b  d21 7963696c6f702e64
I/DEBUG   (  144):     d22 79732f3a72616a2e  d23 6172662f6d657473
I/DEBUG   (  144):     d24 0000000000000000  d25 0000000000000000
I/DEBUG   (  144):     d26 0000000000000000  d27 0000000000000000
I/DEBUG   (  144):     d28 0000000000000000  d29 0000000000000000
I/DEBUG   (  144):     d30 0000000000000000  d31 0000000000000000
I/DEBUG   (  144):     scr 00000010
I/DEBUG   (  144): 
I/DEBUG   (  144): backtrace:
I/DEBUG   (  144):     #00  pc 0000c978  /system/lib/libc.so (write+12)
I/DEBUG   (  144):     #01  pc 0000e4fd  /system/bin/mksh
I/DEBUG   (  144): 
I/DEBUG   (  144): stack:
I/DEBUG   (  144):          bebaa680  0000100b  
I/DEBUG   (  144):          bebaa684  4020149b  /system/lib/libc.so (dlmalloc+5326)
I/DEBUG   (  144):          bebaa688  00000000  
I/DEBUG   (  144):          bebaa68c  00000004  
I/DEBUG   (  144):          bebaa690  41f9ff80  [heap]
I/DEBUG   (  144):          bebaa694  4020149b  /system/lib/libc.so (dlmalloc+5326)
I/DEBUG   (  144):          bebaa698  00000000  
I/DEBUG   (  144):          bebaa69c  400d6eac  /system/bin/mksh
I/DEBUG   (  144):          bebaa6a0  41f9ff18  [heap]
I/DEBUG   (  144):          bebaa6a4  400dbcc4  
I/DEBUG   (  144):          bebaa6a8  00000000  
I/DEBUG   (  144):          bebaa6ac  41f9ffd0  [heap]
I/DEBUG   (  144):          bebaa6b0  00000000  
I/DEBUG   (  144):          bebaa6b4  00000003  
I/DEBUG   (  144):          bebaa6b8  df0027ad  
I/DEBUG   (  144):          bebaa6bc  00000000  
I/DEBUG   (  144):     #00  bebaa6c0  00000000  
I/DEBUG   (  144):          bebaa6c4  00000745  
I/DEBUG   (  144):     #01  bebaa6c8  41f9ff18  [heap]
I/DEBUG   (  144):          bebaa6cc  00013804  
I/DEBUG   (  144):          bebaa6d0  00000001  
I/DEBUG   (  144):          bebaa6d4  400d6eac  /system/bin/mksh
I/DEBUG   (  144):          bebaa6d8  400dbd84  
I/DEBUG   (  144):          bebaa6dc  400dbd88  
I/DEBUG   (  144):          bebaa6e0  400dbbb0  
I/DEBUG   (  144):          bebaa6e4  41f9ff18  [heap]
I/DEBUG   (  144):          bebaa6e8  41f9cf9c  [heap]
I/DEBUG   (  144):          bebaa6ec  400dbdf6  
I/DEBUG   (  144):          bebaa6f0  00000001  
I/DEBUG   (  144):          bebaa6f4  400bc5cd  /system/bin/mksh
I/DEBUG   (  144):          bebaa6f8  41f9ff18  [heap]
I/DEBUG   (  144):          bebaa6fc  0000001f  
I/DEBUG   (  144):          bebaa700  41f9ff9c  [heap]
I/DEBUG   (  144):          bebaa704  41f9fb2c  [heap]
I/DEBUG   (  144): 
I/DEBUG   (  144): memory near r1:
I/DEBUG   (  144):     41f9ffb0 656e2f63 74782f74 6174715f 64697567  c/net/xt_qtaguid
I/DEBUG   (  144):     41f9ffc0 6174732f 00007374 00000000 0000100b  /stats..........
I/DEBUG   (  144):     41f9ffd0 20786469 63616669 63612065 745f7463  idx iface acct_t
I/DEBUG   (  144):     41f9ffe0 685f6761 75207865 745f6469 695f6761  ag_hex uid_tag_i
I/DEBUG   (  144):     41f9fff0 6320746e 735f746e 72207465 79625f78  nt cnt_set rx_by
I/DEBUG   (  144): 
I/DEBUG   (  144): memory near r6:
I/DEBUG   (  144):     41f9ff8c 40235534 00000010 00000012 00000000  4U#@............
I/DEBUG   (  144):     41f9ff9c 00746163 00000000 0000002b 41f9ff98  cat.....+......A
I/DEBUG   (  144):     41f9ffac 6f72702f 656e2f63 74782f74 6174715f  /proc/net/xt_qta
I/DEBUG   (  144):     41f9ffbc 64697567 6174732f 00007374 00000000  guid/stats......
I/DEBUG   (  144):     41f9ffcc 0000100b 20786469 63616669 63612065  ....idx iface ac
I/DEBUG   (  144): 
I/DEBUG   (  144): memory near r8:
I/DEBUG   (  144):     41f9ffb0 656e2f63 74782f74 6174715f 64697567  c/net/xt_qtaguid
I/DEBUG   (  144):     41f9ffc0 6174732f 00007374 00000000 0000100b  /stats..........
I/DEBUG   (  144):     41f9ffd0 20786469 63616669 63612065 745f7463  idx iface acct_t
I/DEBUG   (  144):     41f9ffe0 685f6761 75207865 745f6469 695f6761  ag_hex uid_tag_i
I/DEBUG   (  144):     41f9fff0 6320746e 735f746e 72207465 79625f78  nt cnt_set rx_by
I/DEBUG   (  144): 
I/DEBUG   (  144): memory near r9:
I/DEBUG   (  144):     41f9ff00 00000000 00000004 00000000 0000001b  ................
I/DEBUG   (  144):     41f9ff10 41f9ffa8 00000000 41f9ff9c 41f9ffac  ...A.......A...A
I/DEBUG   (  144):     41f9ff20 00000000 00000063 41f9ff10 41f9fbe8  ....c......A...A
I/DEBUG   (  144):     41f9ff30 bebaab6c 00000000 00000000 41f9c00c  l..............A
I/DEBUG   (  144):     41f9ff40 41f9ff2c 41f9fa5c 00000006 00000003  ,..A\..A........
I/DEBUG   (  144): 
I/DEBUG   (  144): memory near sl:
I/DEBUG   (  144):     41f9ffb0 656e2f63 74782f74 6174715f 64697567  c/net/xt_qtaguid
I/DEBUG   (  144):     41f9ffc0 6174732f 00007374 00000000 0000100b  /stats..........
I/DEBUG   (  144):     41f9ffd0 20786469 63616669 63612065 745f7463  idx iface acct_t
I/DEBUG   (  144):     41f9ffe0 685f6761 75207865 745f6469 695f6761  ag_hex uid_tag_i
I/DEBUG   (  144):     41f9fff0 6320746e 735f746e 72207465 79625f78  nt cnt_set rx_by
I/DEBUG   (  144): 
I/DEBUG   (  144): memory near fp:
I/DEBUG   (  144):     400d2c98 27000a27 49005c00 22005346 27262423  '..'.\.IFS."#$&'
I/DEBUG   (  144):     400d2ca8 3a2a2928 3e3d3c3b 605c5b3f 007d7c7b  ()*:;<=>?[\`{|}.
I/DEBUG   (  144):     400d2cb8 203a7325 67007325 68626172 00747369  %s: %s.grabhist.
I/DEBUG   (  144):     400d2cc8 20646162 74736968 2079726f 61727261  bad history arra
I/DEBUG   (  144):     400d2cd8 20200079 25002020 64252073 20636600  y.    .%s %d.fc 
I/DEBUG   (  144): 
I/DEBUG   (  144): memory near ip:
I/DEBUG   (  144):     400d6f20 401f9104 4020590d 4020eaa1 401f94d8  ...@.Y @.. @...@
I/DEBUG   (  144):     400d6f30 401f856c 401f8950 401faa68 40202f65  l..@P..@h..@e/ @
I/DEBUG   (  144):     400d6f40 401f896c 402047a9 401f8814 40205839  l..@.G @...@9X @
I/DEBUG   (  144):     400d6f50 401f9920 40205871 401f9cec 401f90cc   ..@qX @...@...@
I/DEBUG   (  144):     400d6f60 401f87f8 401f87dc 401f85f8 401f92c0  ...@...@...@...@
I/DEBUG   (  144): 
I/DEBUG   (  144): memory near sp:
I/DEBUG   (  144):     bebaa6a0 41f9ff18 400dbcc4 00000000 41f9ffd0  ...A...@.......A
I/DEBUG   (  144):     bebaa6b0 00000000 00000003 df0027ad 00000000  .........'......
I/DEBUG   (  144):     bebaa6c0 00000000 00000745 41f9ff18 00013804  ....E......A.8..
I/DEBUG   (  144):     bebaa6d0 00000001 400d6eac 400dbd84 400dbd88  .....n.@...@...@
I/DEBUG   (  144):     bebaa6e0 400dbbb0 41f9ff18 41f9cf9c 400dbdf6  ...@...A...A...@
I/DEBUG   (  144): 
I/DEBUG   (  144): code around pc:
I/DEBUG   (  144):     401f8958 ef000000 e8bd0090 e1b00000 512fff1e  ............../Q
I/DEBUG   (  144):     401f8968 ea00b4ac e92d0090 e3a07004 ef000000  ......-..p......
I/DEBUG   (  144):     401f8978 e8bd0090 e1b00000 512fff1e ea00b4a5  ........../Q....
I/DEBUG   (  144):     401f8988 e1a0c00d e92d00f0 e89c0070 e3a070b4  ......-.p....p..
I/DEBUG   (  144):     401f8998 ef000000 e8bd00f0 e1b00000 512fff1e  ............../Q
I/DEBUG   (  144): 
I/DEBUG   (  144): code around lr:
I/DEBUG   (  144):     400bf4e0 f7f36800 4631ed6a 46584602 fe64f009  .h..j.1F.FXF..d.
I/DEBUG   (  144):     400bf4f0 b320e025 200146c2 463a4651 ed80f7f3  %. ..F. QF:F....
I/DEBUG   (  144):     400bf500 bf1c1c43 0707ebc0 d1154482 ed1ef7f3  C........D......
I/DEBUG   (  144):     400bf510 2a046802 f7f3d010 6800ed1a ed4cf7f3  .h.*.......h..L.
I/DEBUG   (  144):     400bf520 44794916 48164602 f0094478 b17dfe45  .IyD.F.HxD..E.}.
I/DEBUG   (  144): !@dumpstate -k -t -z -d -o /data/log/dumpstate_app_native -m 2959
I/dumpstate(30064): begin
E/ThermalDaemon( 1314): CPU[1] offline
E/ThermalDaemon( 1314): Sensor 'MSM_THERM' -  40*C (40960)
E/SMD     (  151): DCD ON
E/ThermalDaemon( 1314): CPU[1] offline
E/SMD     (  151): DCD ON
E/ThermalDaemon( 1314): CPU[1] offline
E/ThermalDaemon( 1314): Sensor 'MSM_THERM' -  40*C (40960)
E/SMD     (  151): DCD ON
E/SMD     (  151): DCD ON
E/ThermalDaemon( 1314): Sensor 'MSM_THERM' -  40*C (40960)
E/ThermalDaemon( 1314): CPU[1] offline
E/Watchdog(  527): !@Sync 4652
E/SMD     (  151): DCD ON
I/dumpstate(30064): done
I/DEBUG   (  144): gotoUploadUserFault called
I/DEBUG   (  144): *** *** *** *** *** *** *** *** *** *** *** *** *** *** *** ***
I/DEBUG   (  144): Build fingerprint: 'samsung/delos3gzc/delos3gchn:4.1.2/JZO54K/I8552ZCAMJ1:user/release-keys'
I/DEBUG   (  144): pid: 20589, tid: 20589, name: sh  >>> /system/bin/sh <<<
I/DEBUG   (  144): signal 13 (SIGPIPE), code -6 (?), fault addr --------
I/DEBUG   (  144):     r0 ffffffe0  r1 41bfafd0  r2 00000745  r3 00000000
I/DEBUG   (  144):     r4 00000000  r5 00000003  r6 41bfafac  r7 00000004
I/DEBUG   (  144):     r8 41bfafd0  r9 41bfaf20  sl 41bfafd0  fp 40085cb8
I/DEBUG   (  144):     ip 40089f40  sp beacb6c0  lr 40072501  pc 40203978  cpsr 00000010
I/DEBUG   (  144):     d0  69752f746363612f  d1  3220303452204874
I/DEBUG   (  144):     d2  747379732f3a7261  d3  656d6172662f6d73
I/DEBUG   (  144):     d4  2e326b726f77656d  d5  7379732f3a72616a
I/DEBUG   (  144):     d6  6d6172662f6d6574  d7  72662f6b726f7765
I/DEBUG   (  144):     d8  0000000000000000  d9  0000000000000000
I/DEBUG   (  144):     d10 0000000000000000  d11 0000000000000000
I/DEBUG   (  144):     d12 0000000000000000  d13 0000000000000000
I/DEBUG   (  144):     d14 0000000000000000  d15 0000000000000000
I/DEBUG   (  144):     d16 5f6b726f77656d61  d17 3a72616a2e747865
I/DEBUG   (  144):     d18 2f6d65747379732f  d19 726f77656d617266
I/DEBUG   (  144):     d20 696f72646e612f6b  d21 7963696c6f702e64
I/DEBUG   (  144):     d22 79732f3a72616a2e  d23 6172662f6d657473
I/DEBUG   (  144):     d24 0000000000000000  d25 0000000000000000
I/DEBUG   (  144):     d26 0000000000000000  d27 0000000000000000
I/DEBUG   (  144):     d28 0000000000000000  d29 0000000000000000
I/DEBUG   (  144):     d30 0000000000000000  d31 0000000000000000
I/DEBUG   (  144):     scr 00000010
I/DEBUG   (  144): 
I/DEBUG   (  144): backtrace:
I/DEBUG   (  144):     #00  pc 0000c978  /system/lib/libc.so (write+12)
I/DEBUG   (  144):     #01  pc 0000e4fd  /system/bin/mksh
I/DEBUG   (  144): 
I/DEBUG   (  144): stack:
I/DEBUG   (  144):          beacb680  0000100b  
I/DEBUG   (  144):          beacb684  4020c49b  /system/lib/libc.so (dlmalloc+5326)
I/DEBUG   (  144):          beacb688  00000000  
I/DEBUG   (  144):          beacb68c  00000004  
I/DEBUG   (  144):          beacb690  41bfaf80  [heap]
I/DEBUG   (  144):          beacb694  4020c49b  /system/lib/libc.so (dlmalloc+5326)
I/DEBUG   (  144):          beacb698  00000000  
I/DEBUG   (  144):          beacb69c  40089eac  /system/bin/mksh
I/DEBUG   (  144):          beacb6a0  41bfaf18  [heap]
I/DEBUG   (  144):          beacb6a4  4008ecc4  
I/DEBUG   (  144):          beacb6a8  00000000  
I/DEBUG   (  144):          beacb6ac  41bfafd0  [heap]
