I/DEBUG   (  144):     bea036d0 00000001 40098eac 4009dd84 4009dd88  .......@...@...@
I/DEBUG   (  144):     bea036e0 4009dbb0 4032af18 40327f9c 4009ddf6  ...@..2@..2@...@
I/DEBUG   (  144): 
I/DEBUG   (  144): code around pc:
I/DEBUG   (  144):     40197958 ef000000 e8bd0090 e1b00000 512fff1e  ............../Q
I/DEBUG   (  144):     40197968 ea00b4ac e92d0090 e3a07004 ef000000  ......-..p......
I/DEBUG   (  144):     40197978 e8bd0090 e1b00000 512fff1e ea00b4a5  ........../Q....
I/DEBUG   (  144):     40197988 e1a0c00d e92d00f0 e89c0070 e3a070b4  ......-.p....p..
I/DEBUG   (  144):     40197998 ef000000 e8bd00f0 e1b00000 512fff1e  ............../Q
I/DEBUG   (  144): 
I/DEBUG   (  144): code around lr:
I/DEBUG   (  144):     400814e0 f7f36800 4631ed6a 46584602 fe64f009  .h..j.1F.FXF..d.
I/DEBUG   (  144):     400814f0 b320e025 200146c2 463a4651 ed80f7f3  %. ..F. QF:F....
I/DEBUG   (  144):     40081500 bf1c1c43 0707ebc0 d1154482 ed1ef7f3  C........D......
I/DEBUG   (  144):     40081510 2a046802 f7f3d010 6800ed1a ed4cf7f3  .h.*.......h..L.
I/DEBUG   (  144):     40081520 44794916 48164602 f0094478 b17dfe45  .IyD.F.HxD..E.}.
I/DEBUG   (  144): !@dumpstate -k -t -z -d -o /data/log/dumpstate_app_native -m 3932
I/dumpstate(31542): begin
E/ThermalDaemon( 1314): CPU[1] offline
E/ThermalDaemon( 1314): CPU[3] offline
E/ThermalDaemon( 1314): CPU[2] offline
E/SMD     (  151): DCD ON
I/wpa_supplicant( 1658): Scan requested (ret=0) - scan timeout 30 seconds
E/ThermalDaemon( 1314): Sensor 'MSM_THERM' -  40*C (40960)
I/wpa_supplicant( 1658): nl80211: Received scan results (10 BSSes)
D/Tethering(  527): interfaceLinkStateChanged wlan0, false
D/Tethering(  527): interfaceStatusChanged wlan0, false
D/Tethering(  527): interfaceLinkStateChanged wlan0, false
D/Tethering(  527): interfaceStatusChanged wlan0, false
I/wpa_supplicant( 1658): p2p is not connected.
I/wpa_supplicant( 1658): wlan0: CTRL-EVENT-NO-CONNECTION
I/wpa_supplicant( 1658): wpa_supplicant_req_new_scan: wpa_s->global->bStopPeriodicScan : 0, timeout_sec : 128
I/wpa_supplicant( 1658): p2p is not connected.
D/BatteryStatsImpl(  527): ++++++xy WakeLock start : pid=722, name=, type=0, tid=25658, pid=527, pName=null
D/BatteryStatsImpl(  527): ++++++xy WakeLock stop : pid=722, name=, type=0, tid=755, pid=527, pName=null
I/WifiMonitor(  703): mWifiReceiver SCAN_RESULTS_AVAILABLE_ACTION
E/ThermalDaemon( 1314): CPU[3] offline
E/MtpService(21795): In MTPAPP onReceive:android.intent.action.BATTERY_CHANGED
E/MtpService(21795): battPlugged Type : 2
E/SMD     (  151): DCD ON
E/ThermalDaemon( 1314): CPU[2] offline
E/ThermalDaemon( 1314): CPU[1] offline
E/SMD     (  151): DCD ON
E/ThermalDaemon( 1314): Sensor 'MSM_THERM' -  41*C (41984)
E/ThermalDaemon( 1314): CPU[1] offline
E/Watchdog(  527): !@Sync 4658
I/dumpstate(31542): done
E/ThermalDaemon( 1314): CPU[1] offline
I/DEBUG   (  144): gotoUploadUserFault called
I/DEBUG   (  144): *** *** *** *** *** *** *** *** *** *** *** *** *** *** *** ***
I/DEBUG   (  144): Build fingerprint: 'samsung/delos3gzc/delos3gchn:4.1.2/JZO54K/I8552ZCAMJ1:user/release-keys'
I/DEBUG   (  144): pid: 12156, tid: 12156, name: sh  >>> /system/bin/sh <<<
I/DEBUG   (  144): signal 13 (SIGPIPE), code -6 (?), fault addr --------
I/DEBUG   (  144):     r0 ffffffe0  r1 41558fd0  r2 00000745  r3 00000000
I/DEBUG   (  144):     r4 00000000  r5 00000003  r6 41558fac  r7 00000004
I/DEBUG   (  144):     r8 41558fd0  r9 41558f20  sl 41558fd0  fp 40031cb8
I/DEBUG   (  144):     ip 40035f40  sp beb5b6c0  lr 4001e501  pc 40188978  cpsr 00000010
I/DEBUG   (  144):     d0  69752f746363612f  d1  3220303452204874
I/DEBUG   (  144):     d2  747379732f3a7261  d3  656d6172662f6d73
I/DEBUG   (  144):     d4  2e326b726f77656d  d5  7379732f3a72616a
I/DEBUG   (  144):     d6  6d6172662f6d6574  d7  72662f6b726f7765
I/DEBUG   (  144):     d8  0000000000000000  d9  0000000000000000
I/DEBUG   (  144):     d10 0000000000000000  d11 0000000000000000
I/DEBUG   (  144):     d12 0000000000000000  d13 0000000000000000
I/DEBUG   (  144):     d14 0000000000000000  d15 0000000000000000
I/DEBUG   (  144):     d16 5f6b726f77656d61  d17 3a72616a2e747865
I/DEBUG   (  144):     d18 2f6d65747379732f  d19 726f77656d617266
I/DEBUG   (  144):     d20 696f72646e612f6b  d21 7963696c6f702e64
I/DEBUG   (  144):     d22 79732f3a72616a2e  d23 6172662f6d657473
I/DEBUG   (  144):     d24 0000000000000000  d25 0000000000000000
I/DEBUG   (  144):     d26 0000000000000000  d27 0000000000000000
I/DEBUG   (  144):     d28 0000000000000000  d29 0000000000000000
I/DEBUG   (  144):     d30 0000000000000000  d31 0000000000000000
I/DEBUG   (  144):     scr 00000010
I/DEBUG   (  144): 
I/DEBUG   (  144): backtrace:
I/DEBUG   (  144):     #00  pc 0000c978  /system/lib/libc.so (write+12)
I/DEBUG   (  144):     #01  pc 0000e4fd  /system/bin/mksh
I/DEBUG   (  144): 
I/DEBUG   (  144): stack:
I/DEBUG   (  144):          beb5b680  0000100b  
I/DEBUG   (  144):          beb5b684  4019149b  /system/lib/libc.so (dlmalloc+5326)
I/DEBUG   (  144):          beb5b688  00000000  
I/DEBUG   (  144):          beb5b68c  00000004  
I/DEBUG   (  144):          beb5b690  41558f80  [heap]
I/DEBUG   (  144):          beb5b694  4019149b  /system/lib/libc.so (dlmalloc+5326)
I/DEBUG   (  144):          beb5b698  00000000  
I/DEBUG   (  144):          beb5b69c  40035eac  /system/bin/mksh
I/DEBUG   (  144):          beb5b6a0  41558f18  [heap]
I/DEBUG   (  144):          beb5b6a4  4003acc4  
I/DEBUG   (  144):          beb5b6a8  00000000  
I/DEBUG   (  144):          beb5b6ac  41558fd0  [heap]
I/DEBUG   (  144):          beb5b6b0  00000000  
I/DEBUG   (  144):          beb5b6b4  00000003  
I/DEBUG   (  144):          beb5b6b8  df0027ad  
I/DEBUG   (  144):          beb5b6bc  00000000  
I/DEBUG   (  144):     #00  beb5b6c0  00000000  
I/DEBUG   (  144):          beb5b6c4  00000745  
I/DEBUG   (  144):     #01  beb5b6c8  41558f18  [heap]
I/DEBUG   (  144):          beb5b6cc  00013804  
I/DEBUG   (  144):          beb5b6d0  00000001  
I/DEBUG   (  144):          beb5b6d4  40035eac  /system/bin/mksh
I/DEBUG   (  144):          beb5b6d8  4003ad84  
I/DEBUG   (  144):          beb5b6dc  4003ad88  
I/DEBUG   (  144):          beb5b6e0  4003abb0  
I/DEBUG   (  144):          beb5b6e4  41558f18  [heap]
I/DEBUG   (  144):          beb5b6e8  41555f9c  [heap]
I/DEBUG   (  144):          beb5b6ec  4003adf6  
I/DEBUG   (  144):          beb5b6f0  00000001  
I/DEBUG   (  144):          beb5b6f4  4001b5cd  /system/bin/mksh
I/DEBUG   (  144):          beb5b6f8  41558f18  [heap]
I/DEBUG   (  144):          beb5b6fc  0000001f  
I/DEBUG   (  144):          beb5b700  41558f9c  [heap]
I/DEBUG   (  144):          beb5b704  41558b2c  [heap]
I/DEBUG   (  144): 
I/DEBUG   (  144): memory near r1:
I/DEBUG   (  144):     41558fb0 656e2f63 74782f74 6174715f 64697567  c/net/xt_qtaguid
I/DEBUG   (  144):     41558fc0 6174732f 00007374 00000000 0000100b  /stats..........
I/DEBUG   (  144):     41558fd0 20786469 63616669 63612065 745f7463  idx iface acct_t
I/DEBUG   (  144):     41558fe0 685f6761 75207865 745f6469 695f6761  ag_hex uid_tag_i
I/DEBUG   (  144):     41558ff0 6320746e 735f746e 72207465 79625f78  nt cnt_set rx_by
I/DEBUG   (  144): 
I/DEBUG   (  144): memory near r6:
I/DEBUG   (  144):     41558f8c 401c5534 00000010 00000012 00000000  4U.@............
I/DEBUG   (  144):     41558f9c 00746163 00000000 0000002b 41558f98  cat.....+.....UA
I/DEBUG   (  144):     41558fac 6f72702f 656e2f63 74782f74 6174715f  /proc/net/xt_qta
I/DEBUG   (  144):     41558fbc 64697567 6174732f 00007374 00000000  guid/stats......
I/DEBUG   (  144):     41558fcc 0000100b 20786469 63616669 63612065  ....idx iface ac
I/DEBUG   (  144): 
I/DEBUG   (  144): memory near r8:
I/DEBUG   (  144):     41558fb0 656e2f63 74782f74 6174715f 64697567  c/net/xt_qtaguid
I/DEBUG   (  144):     41558fc0 6174732f 00007374 00000000 0000100b  /stats..........
I/DEBUG   (  144):     41558fd0 20786469 63616669 63612065 745f7463  idx iface acct_t
I/DEBUG   (  144):     41558fe0 685f6761 75207865 745f6469 695f6761  ag_hex uid_tag_i
I/DEBUG   (  144):     41558ff0 6320746e 735f746e 72207465 79625f78  nt cnt_set rx_by
I/DEBUG   (  144): 
I/DEBUG   (  144): memory near r9:
I/DEBUG   (  144):     41558f00 00000000 00000004 00000000 0000001b  ................
I/DEBUG   (  144):     41558f10 41558fa8 00000000 41558f9c 41558fac  ..UA......UA..UA
I/DEBUG   (  144):     41558f20 00000000 00000063 41558f10 41558be8  ....c.....UA..UA
I/DEBUG   (  144):     41558f30 beb5bb6c 00000000 00000000 4155500c  l............PUA
I/DEBUG   (  144):     41558f40 41558f2c 41558a5c 00000006 00000003  ,.UA\.UA........
I/DEBUG   (  144): 
I/DEBUG   (  144): memory near sl:
I/DEBUG   (  144):     41558fb0 656e2f63 74782f74 6174715f 64697567  c/net/xt_qtaguid
I/DEBUG   (  144):     41558fc0 6174732f 00007374 00000000 0000100b  /stats..........
I/DEBUG   (  144):     41558fd0 20786469 63616669 63612065 745f7463  idx iface acct_t
I/DEBUG   (  144):     41558fe0 685f6761 75207865 745f6469 695f6761  ag_hex uid_tag_i
I/DEBUG   (  144):     41558ff0 6320746e 735f746e 72207465 79625f78  nt cnt_set rx_by
I/DEBUG   (  144): 
I/DEBUG   (  144): memory near fp:
I/DEBUG   (  144):     40031c98 27000a27 49005c00 22005346 27262423  '..'.\.IFS."#$&'
I/DEBUG   (  144):     40031ca8 3a2a2928 3e3d3c3b 605c5b3f 007d7c7b  ()*:;<=>?[\`{|}.
I/DEBUG   (  144):     40031cb8 203a7325 67007325 68626172 00747369  %s: %s.grabhist.
I/DEBUG   (  144):     40031cc8 20646162 74736968 2079726f 61727261  bad history arra
I/DEBUG   (  144):     40031cd8 20200079 25002020 64252073 20636600  y.    .%s %d.fc 
I/DEBUG   (  144): 
I/DEBUG   (  144): memory near ip:
I/DEBUG   (  144):     40035f20 40189104 4019590d 4019eaa1 401894d8  ...@.Y.@...@...@
I/DEBUG   (  144):     40035f30 4018856c 40188950 4018aa68 40192f65  l..@P..@h..@e/.@
I/DEBUG   (  144):     40035f40 4018896c 401947a9 40188814 40195839  l..@.G.@...@9X.@
I/DEBUG   (  144):     40035f50 40189920 40195871 40189cec 401890cc   ..@qX.@...@...@
I/DEBUG   (  144):     40035f60 401887f8 401887dc 401885f8 401892c0  ...@...@...@...@
I/DEBUG   (  144): 
I/DEBUG   (  144): memory near sp:
I/DEBUG   (  144):     beb5b6a0 41558f18 4003acc4 00000000 41558fd0  ..UA...@......UA
I/DEBUG   (  144):     beb5b6b0 00000000 00000003 df0027ad 00000000  .........'......
I/DEBUG   (  144):     beb5b6c0 00000000 00000745 41558f18 00013804  ....E.....UA.8..
I/DEBUG   (  144):     beb5b6d0 00000001 40035eac 4003ad84 4003ad88  .....^.@...@...@
I/DEBUG   (  144):     beb5b6e0 4003abb0 41558f18 41555f9c 4003adf6  ...@..UA._UA...@
I/DEBUG   (  144): 
I/DEBUG   (  144): code around pc:
I/DEBUG   (  144):     40188958 ef000000 e8bd0090 e1b00000 512fff1e  ............../Q
I/DEBUG   (  144):     40188968 ea00b4ac e92d0090 e3a07004 ef000000  ......-..p......
I/DEBUG   (  144):     40188978 e8bd0090 e1b00000 512fff1e ea00b4a5  ........../Q....
I/DEBUG   (  144):     40188988 e1a0c00d e92d00f0 e89c0070 e3a070b4  ......-.p....p..
I/DEBUG   (  144):     40188998 ef000000 e8bd00f0 e1b00000 512fff1e  ............../Q
I/DEBUG   (  144): 
I/DEBUG   (  144): code around lr:
I/DEBUG   (  144):     4001e4e0 f7f36800 4631ed6a 46584602 fe64f009  .h..j.1F.FXF..d.
I/DEBUG   (  144):     4001e4f0 b320e025 200146c2 463a4651 ed80f7f3  %. ..F. QF:F....
I/DEBUG   (  144):     4001e500 bf1c1c43 0707ebc0 d1154482 ed1ef7f3  C........D......
I/DEBUG   (  144):     4001e510 2a046802 f7f3d010 6800ed1a ed4cf7f3  .h.*.......h..L.
I/DEBUG   (  144):     4001e520 44794916 48164602 f0094478 b17dfe45  .IyD.F.HxD..E.}.
I/DEBUG   (  144): !@dumpstate -k -t -z -d -o /data/log/dumpstate_app_native -m 12156
I/dumpstate(31630): begin
E/SMD     (  151): DCD ON
E/ThermalDaemon( 1314): CPU[1] offline
E/ThermalDaemon( 1314): CPU[1] offline
E/ThermalDaemon( 1314): Sensor 'MSM_THERM' -  40*C (40960)
E/SMD     (  151): DCD ON
E/ThermalDaemon( 1314): CPU[1] offline
E/MtpService(21795): In MTPAPP onReceive:android.intent.action.BATTERY_CHANGED
E/MtpService(21795): battPlugged Type : 2
E/ThermalDaemon( 1314): CPU[3] offline
E/ThermalDaemon( 1314): CPU[2] offline
E/ThermalDaemon( 1314): CPU[1] offline
E/SMD     (  151): DCD ON
E/ThermalDaemon( 1314): Sensor 'MSM_THERM' -  40*C (40960)
E/ThermalDaemon( 1314): CPU[1] offline
E/SMD     (  151): DCD ON
E/ThermalDaemon( 1314): CPU[3] offline
I/dumpstate(31630): done
E/ThermalDaemon( 1314): CPU[2] offline
I/DEBUG   (  144): gotoUploadUserFault called
I/DEBUG   (  144): *** *** *** *** *** *** *** *** *** *** *** *** *** *** *** ***
I/DEBUG   (  144): Build fingerprint: 'samsung/delos3gzc/delos3gchn:4.1.2/JZO54K/I8552ZCAMJ1:user/release-keys'
I/DEBUG   (  144): pid: 20928, tid: 20928, name: sh  >>> /system/bin/sh <<<
I/DEBUG   (  144): signal 13 (SIGPIPE), code -6 (?), fault addr --------
I/DEBUG   (  144):     r0 ffffffe0  r1 400cc008  r2 00000745  r3 00000000
I/DEBUG   (  144):     r4 00000000  r5 00000003  r6 402fbfe4  r7 00000004
I/DEBUG   (  144):     r8 400cc008  r9 402fbf58  sl 400cc008  fp 400c2cb8
I/DEBUG   (  144):     ip 400c6f40  sp bedb76c0  lr 400af501  pc 40262978  cpsr 00000010
I/DEBUG   (  144):     d0  69752f746363612f  d1  3220303452204874
I/DEBUG   (  144):     d2  747379732f3a7261  d3  656d6172662f6d73
I/DEBUG   (  144):     d4  2e326b726f77656d  d5  7379732f3a72616a
I/DEBUG   (  144):     d6  6d6172662f6d6574  d7  72662f6b726f7765
I/DEBUG   (  144):     d8  0000000000000000  d9  0000000000000000
I/DEBUG   (  144):     d10 0000000000000000  d11 0000000000000000
I/DEBUG   (  144):     d12 0000000000000000  d13 0000000000000000
I/DEBUG   (  144):     d14 0000000000000000  d15 0000000000000000
I/DEBUG   (  144):     d16 5f6b726f77656d61  d17 3a72616a2e747865
I/DEBUG   (  144):     d18 2f6d65747379732f  d19 726f77656d617266
I/DEBUG   (  144):     d20 696f72646e612f6b  d21 7963696c6f702e64
I/DEBUG   (  144):     d22 79732f3a72616a2e  d23 6172662f6d657473
I/DEBUG   (  144):     d24 0000000000000000  d25 0000000000000000
I/DEBUG   (  144):     d26 0000000000000000  d27 0000000000000000
I/DEBUG   (  144):     d28 0000000000000000  d29 0000000000000000
I/DEBUG   (  144):     d30 0000000000000000  d31 0000000000000000
I/DEBUG   (  144):     scr 00000010
I/DEBUG   (  144): 
I/DEBUG   (  144): backtrace:
I/DEBUG   (  144):     #00  pc 0000c978  /system/lib/libc.so (write+12)
I/DEBUG   (  144):     #01  pc 0000e4fd  /system/bin/mksh
I/DEBUG   (  144): 
I/DEBUG   (  144): stack:
I/DEBUG   (  144):          bedb7680  0000100b  
I/DEBUG   (  144):          bedb7684  4026b49b  /system/lib/libc.so (dlmalloc+5326)
I/DEBUG   (  144):          bedb7688  ffffffff  
I/DEBUG   (  144):          bedb768c  00000000  
I/DEBUG   (  144):          bedb7690  402fbfb8  
I/DEBUG   (  144):          bedb7694  402fd000  
I/DEBUG   (  144):          bedb7698  00000000  
I/DEBUG   (  144):          bedb769c  400c6eac  /system/bin/mksh
I/DEBUG   (  144):          bedb76a0  402fbf50  
I/DEBUG   (  144):          bedb76a4  400cbcc4  
I/DEBUG   (  144):          bedb76a8  00000000  
I/DEBUG   (  144):          bedb76ac  400cc008  
I/DEBUG   (  144):          bedb76b0  00000000  
I/DEBUG   (  144):          bedb76b4  00000003  
I/DEBUG   (  144):          bedb76b8  df0027ad  
I/DEBUG   (  144):          bedb76bc  00000000  
I/DEBUG   (  144):     #00  bedb76c0  00000000  
I/DEBUG   (  144):          bedb76c4  00000745  
I/DEBUG   (  144):     #01  bedb76c8  402fbf50  
I/DEBUG   (  144):          bedb76cc  00013804  
I/DEBUG   (  144):          bedb76d0  00000001  
I/DEBUG   (  144):          bedb76d4  400c6eac  /system/bin/mksh
I/DEBUG   (  144):          bedb76d8  400cbd84  
I/DEBUG   (  144):          bedb76dc  400cbd88  
I/DEBUG   (  144):          bedb76e0  400cbbb0  
I/DEBUG   (  144):          bedb76e4  402fbf50  
I/DEBUG   (  144):          bedb76e8  40252f9c  [heap]
I/DEBUG   (  144):          bedb76ec  400cbdf6  
I/DEBUG   (  144):          bedb76f0  00000001  
I/DEBUG   (  144):          bedb76f4  400ac5cd  /system/bin/mksh
I/DEBUG   (  144):          bedb76f8  402fbf50  
I/DEBUG   (  144):          bedb76fc  0000001f  
I/DEBUG   (  144):          bedb7700  402fbfd4  
I/DEBUG   (  144):          bedb7704  402fbb64  
I/DEBUG   (  144): 
I/DEBUG   (  144): memory near r1:
I/DEBUG   (  144):     400cbfe8 00000000 00000000 00000000 00000000  ................
I/DEBUG   (  144):     400cbff8 00000000 00000000 00000000 0000100b  ................
I/DEBUG   (  144):     400cc008 20786469 63616669 63612065 745f7463  idx iface acct_t
I/DEBUG   (  144):     400cc018 685f6761 75207865 745f6469 695f6761  ag_hex uid_tag_i
I/DEBUG   (  144):     400cc028 6320746e 735f746e 72207465 79625f78  nt cnt_set rx_by
I/DEBUG   (  144): 
I/DEBUG   (  144): memory near r6:
I/DEBUG   (  144):     402fbfc4 4029f534 00000010 00000012 00000000  4.)@............
I/DEBUG   (  144):     402fbfd4 00746163 00000000 0000002b 402fbfd0  cat.....+...../@
I/DEBUG   (  144):     402fbfe4 6f72702f 656e2f63 74782f74 6174715f  /proc/net/xt_qta
I/DEBUG   (  144):     402fbff4 64697567 6174732f 00007374 00000000  guid/stats......
I/DEBUG   (  144):     402fc004 00000fd9 402fc000 402fc000 00000000  ....../@../@....
I/DEBUG   (  144): 
I/DEBUG   (  144): memory near r8:
I/DEBUG   (  144):     400cbfe8 00000000 00000000 00000000 00000000  ................
I/DEBUG   (  144):     400cbff8 00000000 00000000 00000000 0000100b  ................
I/DEBUG   (  144):     400cc008 20786469 63616669 63612065 745f7463  idx iface acct_t
I/DEBUG   (  144):     400cc018 685f6761 75207865 745f6469 695f6761  ag_hex uid_tag_i
I/DEBUG   (  144):     400cc028 6320746e 735f746e 72207465 79625f78  nt cnt_set rx_by
I/DEBUG   (  144): 
I/DEBUG   (  144): memory near r9:
I/DEBUG   (  144):     402fbf38 00000000 00000004 00000000 0000001b  ................
I/DEBUG   (  144):     402fbf48 402fbfe0 00000000 402fbfd4 402fbfe4  ../@....../@../@
I/DEBUG   (  144):     402fbf58 00000000 00000063 402fbf48 402fbc20  ....c...H./@ ./@
I/DEBUG   (  144):     402fbf68 bedb7b6c 00000000 00000000 4025200c  l{........... %@
I/DEBUG   (  144):     402fbf78 402fbf64 402fba94 00000006 00000003  d./@../@........
I/DEBUG   (  144): 
I/DEBUG   (  144): memory near sl:
I/DEBUG   (  144):     400cbfe8 00000000 00000000 00000000 00000000  ................
I/DEBUG   (  144):     400cbff8 00000000 00000000 00000000 0000100b  ................
I/DEBUG   (  144):     400cc008 20786469 63616669 63612065 745f7463  idx iface acct_t
I/DEBUG   (  144):     400cc018 685f6761 75207865 745f6469 695f6761  ag_hex uid_tag_i
I/DEBUG   (  144):     400cc028 6320746e 735f746e 72207465 79625f78  nt cnt_set rx_by
I/DEBUG   (  144): 
I/DEBUG   (  144): memory near fp:
I/DEBUG   (  144):     400c2c98 27000a27 49005c00 22005346 27262423  '..'.\.IFS."#$&'
I/DEBUG   (  144):     400c2ca8 3a2a2928 3e3d3c3b 605c5b3f 007d7c7b  ()*:;<=>?[\`{|}.
I/DEBUG   (  144):     400c2cb8 203a7325 67007325 68626172 00747369  %s: %s.grabhist.
I/DEBUG   (  144):     400c2cc8 20646162 74736968 2079726f 61727261  bad history arra
I/DEBUG   (  144):     400c2cd8 20200079 25002020 64252073 20636600  y.    .%s %d.fc 
I/DEBUG   (  144): 
I/DEBUG   (  144): memory near ip:
I/DEBUG   (  144):     400c6f20 40263104 4026f90d 40278aa1 402634d8  .1&@..&@..'@.4&@
I/DEBUG   (  144):     400c6f30 4026256c 40262950 40264a68 4026cf65  l%&@P)&@hJ&@e.&@
I/DEBUG   (  144):     400c6f40 4026296c 4026e7a9 40262814 4026f839  l)&@..&@.(&@9.&@
I/DEBUG   (  144):     400c6f50 40263920 4026f871 40263cec 402630cc   9&@q.&@.<&@.0&@
I/DEBUG   (  144):     400c6f60 402627f8 402627dc 402625f8 402632c0  .'&@.'&@.%&@.2&@
I/DEBUG   (  144): 
I/DEBUG   (  144): memory near sp:
I/DEBUG   (  144):     bedb76a0 402fbf50 400cbcc4 00000000 400cc008  P./@...@.......@
I/DEBUG   (  144):     bedb76b0 00000000 00000003 df0027ad 00000000  .........'......
I/DEBUG   (  144):     bedb76c0 00000000 00000745 402fbf50 00013804  ....E...P./@.8..
I/DEBUG   (  144):     bedb76d0 00000001 400c6eac 400cbd84 400cbd88  .....n.@...@...@
I/DEBUG   (  144):     bedb76e0 400cbbb0 402fbf50 40252f9c 400cbdf6  ...@P./@./%@...@
I/DEBUG   (  144): 
I/DEBUG   (  144): code around pc:
I/DEBUG   (  144):     40262958 ef000000 e8bd0090 e1b00000 512fff1e  ............../Q
I/DEBUG   (  144):     40262968 ea00b4ac e92d0090 e3a07004 ef000000  ......-..p......
I/DEBUG   (  144):     40262978 e8bd0090 e1b00000 512fff1e ea00b4a5  ........../Q....
I/DEBUG   (  144):     40262988 e1a0c00d e92d00f0 e89c0070 e3a070b4  ......-.p....p..
I/DEBUG   (  144):     40262998 ef000000 e8bd00f0 e1b00000 512fff1e  ............../Q
I/DEBUG   (  144): 
I/DEBUG   (  144): code around lr:
I/DEBUG   (  144):     400af4e0 f7f36800 4631ed6a 46584602 fe64f009  .h..j.1F.FXF..d.
I/DEBUG   (  144):     400af4f0 b320e025 200146c2 463a4651 ed80f7f3  %. ..F. QF:F....
I/DEBUG   (  144):     400af500 bf1c1c43 0707ebc0 d1154482 ed1ef7f3  C........D......
I/DEBUG   (  144):     400af510 2a046802 f7f3d010 6800ed1a ed4cf7f3  .h.*.......h..L.
I/DEBUG   (  144):     400af520 44794916 48164602 f0094478 b17dfe45  .IyD.F.HxD..E.}.
I/DEBUG   (  144): !@dumpstate -k -t -z -d -o /data/log/dumpstate_app_native -m 20928
E/SMD     (  151): DCD ON
I/dumpstate(31730): begin
E/ThermalDaemon( 1314): Sensor 'MSM_THERM' -  40*C (40960)
E/ThermalDaemon( 1314): CPU[1] offline
E/SMD     (  151): DCD ON
E/ThermalDaemon( 1314): CPU[1] offline
E/ThermalDaemon( 1314): Sensor 'MSM_THERM' -  40*C (40960)
E/SMD     (  151): DCD ON
D/ApplicationPolicy(  527): isStatusBarNotificationAllowed: packageName = com.shuame.mobile
E/ThermalDaemon( 1314): CPU[2] offline
E/ThermalDaemon( 1314): CPU[1] offline
E/SMD     (  151): DCD ON
E/ThermalDaemon( 1314): Sensor 'MSM_THERM' -  40*C (40960)
D/BatteryStatsImpl(  527): ++++++xy WakeLock start : pid=527, name=, type=0, tid=562, pid=527, pName=null
D/widget  (  816): [MSC_SinaWeather_JB]>>> SWC:1368 [0:0] drw all Tm dt = 2103
D/BatteryStatsImpl(  527): ++++++xy WakeLock stop : pid=527, name=, type=0, tid=546, pid=527, pName=null
E/ThermalDaemon( 1314): CPU[1] offline
I/dumpstate(31730): done
I/DEBUG   (  144): gotoUploadUserFault called
I/DEBUG   (  144): *** *** *** *** *** *** *** *** *** *** *** *** *** *** *** ***
I/DEBUG   (  144): Build fingerprint: 'samsung/delos3gzc/delos3gchn:4.1.2/JZO54K/I8552ZCAMJ1:user/release-keys'
I/DEBUG   (  144): pid: 12144, tid: 12144, name: sh  >>> /system/bin/sh <<<
I/DEBUG   (  144): signal 13 (SIGPIPE), code -6 (?), fault addr --------
I/DEBUG   (  144):     r0 ffffffe0  r1 40679fd0  r2 00000745  r3 00000000
I/DEBUG   (  144):     r4 00000000  r5 00000003  r6 40679fac  r7 00000004
I/DEBUG   (  144):     r8 40679fd0  r9 40679f20  sl 40679fd0  fp 400e0cb8
I/DEBUG   (  144):     ip 400e4f40  sp befea6c0  lr 400cd501  pc 40209978  cpsr 00000010
I/DEBUG   (  144):     d0  69752f746363612f  d1  3220303452204874
I/DEBUG   (  144):     d2  747379732f3a7261  d3  656d6172662f6d73
I/DEBUG   (  144):     d4  2e326b726f77656d  d5  7379732f3a72616a
I/DEBUG   (  144):     d6  6d6172662f6d6574  d7  72662f6b726f7765
I/DEBUG   (  144):     d8  0000000000000000  d9  0000000000000000
I/DEBUG   (  144):     d10 0000000000000000  d11 0000000000000000
I/DEBUG   (  144):     d12 0000000000000000  d13 0000000000000000
I/DEBUG   (  144):     d14 0000000000000000  d15 0000000000000000
I/DEBUG   (  144):     d16 5f6b726f77656d61  d17 3a72616a2e747865
I/DEBUG   (  144):     d18 2f6d65747379732f  d19 726f77656d617266
I/DEBUG   (  144):     d20 696f72646e612f6b  d21 7963696c6f702e64
I/DEBUG   (  144):     d22 79732f3a72616a2e  d23 6172662f6d657473
I/DEBUG   (  144):     d24 0000000000000000  d25 0000000000000000
I/DEBUG   (  144):     d26 0000000000000000  d27 0000000000000000
I/DEBUG   (  144):     d28 0000000000000000  d29 0000000000000000
I/DEBUG   (  144):     d30 0000000000000000  d31 0000000000000000
I/DEBUG   (  144):     scr 00000010
I/DEBUG   (  144): 
I/DEBUG   (  144): backtrace:
I/DEBUG   (  144):     #00  pc 0000c978  /system/lib/libc.so (write+12)
I/DEBUG   (  144):     #01  pc 0000e4fd  /system/bin/mksh
I/DEBUG   (  144): 
I/DEBUG   (  144): stack:
I/DEBUG   (  144):          befea680  0000100b  
I/DEBUG   (  144):          befea684  4021249b  /system/lib/libc.so (dlmalloc+5326)
I/DEBUG   (  144):          befea688  00000000  
I/DEBUG   (  144):          befea68c  00000004  
I/DEBUG   (  144):          befea690  40679f80  [heap]
I/DEBUG   (  144):          befea694  4021249b  /system/lib/libc.so (dlmalloc+5326)
I/DEBUG   (  144):          befea698  00000000  
I/DEBUG   (  144):          befea69c  400e4eac  /system/bin/mksh
I/DEBUG   (  144):          befea6a0  40679f18  [heap]
I/DEBUG   (  144):          befea6a4  400e9cc4  
I/DEBUG   (  144):          befea6a8  00000000  
I/DEBUG   (  144):          befea6ac  40679fd0  [heap]
I/DEBUG   (  144):          befea6b0  00000000  
I/DEBUG   (  144):          befea6b4  00000003  
I/DEBUG   (  144):          befea6b8  df0027ad  
I/DEBUG   (  144):          befea6bc  00000000  
I/DEBUG   (  144):     #00  befea6c0  00000000  
I/DEBUG   (  144):          befea6c4  00000745  
I/DEBUG   (  144):     #01  befea6c8  40679f18  [heap]
I/DEBUG   (  144):          befea6cc  00013804  
I/DEBUG   (  144):          befea6d0  00000001  
I/DEBUG   (  144):          befea6d4  400e4eac  /system/bin/mksh
I/DEBUG   (  144):          befea6d8  400e9d84  
I/DEBUG   (  144):          befea6dc  400e9d88  
I/DEBUG   (  144):          befea6e0  400e9bb0  
I/DEBUG   (  144):          befea6e4  40679f18  [heap]
I/DEBUG   (  144):          befea6e8  40676f9c  [heap]
I/DEBUG   (  144):          befea6ec  400e9df6  
I/DEBUG   (  144):          befea6f0  00000001  
I/DEBUG   (  144):          befea6f4  400ca5cd  /system/bin/mksh
I/DEBUG   (  144):          befea6f8  40679f18  [heap]
I/DEBUG   (  144):          befea6fc  0000001f  
I/DEBUG   (  144):          befea700  40679f9c  [heap]
I/DEBUG   (  144):          befea704  40679b2c  [heap]
I/DEBUG   (  144): 
I/DEBUG   (  144): memory near r1:
I/DEBUG   (  144):     40679fb0 656e2f63 74782f74 6174715f 64697567  c/net/xt_qtaguid
I/DEBUG   (  144):     40679fc0 6174732f 00007374 00000000 0000100b  /stats..........
I/DEBUG   (  144):     40679fd0 20786469 63616669 63612065 745f7463  idx iface acct_t
I/DEBUG   (  144):     40679fe0 685f6761 75207865 745f6469 695f6761  ag_hex uid_tag_i
I/DEBUG   (  144):     40679ff0 6320746e 735f746e 72207465 79625f78  nt cnt_set rx_by
I/DEBUG   (  144): 
I/DEBUG   (  144): memory near r6:
I/DEBUG   (  144):     40679f8c 40246534 00000010 00000012 00000000  4e$@............
I/DEBUG   (  144):     40679f9c 00746163 00000000 0000002b 40679f98  cat.....+.....g@
I/DEBUG   (  144):     40679fac 6f72702f 656e2f63 74782f74 6174715f  /proc/net/xt_qta
I/DEBUG   (  144):     40679fbc 64697567 6174732f 00007374 00000000  guid/stats......
I/DEBUG   (  144):     40679fcc 0000100b 20786469 63616669 63612065  ....idx iface ac
I/DEBUG   (  144): 
I/DEBUG   (  144): memory near r8:
I/DEBUG   (  144):     40679fb0 656e2f63 74782f74 6174715f 64697567  c/net/xt_qtaguid
I/DEBUG   (  144):     40679fc0 6174732f 00007374 00000000 0000100b  /stats..........
I/DEBUG   (  144):     40679fd0 20786469 63616669 63612065 745f7463  idx iface acct_t
I/DEBUG   (  144):     40679fe0 685f6761 75207865 745f6469 695f6761  ag_hex uid_tag_i
I/DEBUG   (  144):     40679ff0 6320746e 735f746e 72207465 79625f78  nt cnt_set rx_by
I/DEBUG   (  144): 
I/DEBUG   (  144): memory near r9:
I/DEBUG   (  144):     40679f00 00000000 00000004 00000000 0000001b  ................
I/DEBUG   (  144):     40679f10 40679fa8 00000000 40679f9c 40679fac  ..g@......g@..g@
I/DEBUG   (  144):     40679f20 00000000 00000063 40679f10 40679be8  ....c.....g@..g@
I/DEBUG   (  144):     40679f30 befeab6c 00000000 00000000 4067600c  l............`g@
I/DEBUG   (  144):     40679f40 40679f2c 40679a5c 00000006 00000003  ,.g@\.g@........
I/DEBUG   (  144): 
I/DEBUG   (  144): memory near sl:
I/DEBUG   (  144):     40679fb0 656e2f63 74782f74 6174715f 64697567  c/net/xt_qtaguid
I/DEBUG   (  144):     40679fc0 6174732f 00007374 00000000 0000100b  /stats..........
I/DEBUG   (  144):     40679fd0 20786469 63616669 63612065 745f7463  idx iface acct_t
I/DEBUG   (  144):     40679fe0 685f6761 75207865 745f6469 695f6761  ag_hex uid_tag_i
I/DEBUG   (  144):     40679ff0 6320746e 735f746e 72207465 79625f78  nt cnt_set rx_by
I/DEBUG   (  144): 
I/DEBUG   (  144): memory near fp:
I/DEBUG   (  144):     400e0c98 27000a27 49005c00 22005346 27262423  '..'.\.IFS."#$&'
I/DEBUG   (  144):     400e0ca8 3a2a2928 3e3d3c3b 605c5b3f 007d7c7b  ()*:;<=>?[\`{|}.
I/DEBUG   (  144):     400e0cb8 203a7325 67007325 68626172 00747369  %s: %s.grabhist.
I/DEBUG   (  144):     400e0cc8 20646162 74736968 2079726f 61727261  bad history arra
I/DEBUG   (  144):     400e0cd8 20200079 25002020 64252073 20636600  y.    .%s %d.fc 
I/DEBUG   (  144): 
I/DEBUG   (  144): memory near ip:
I/DEBUG   (  144):     400e4f20 4020a104 4021690d 4021faa1 4020a4d8  .. @.i!@..!@.. @
I/DEBUG   (  144):     400e4f30 4020956c 40209950 4020ba68 40213f65  l. @P. @h. @e?!@
I/DEBUG   (  144):     400e4f40 4020996c 402157a9 40209814 40216839  l. @.W!@.. @9h!@
I/DEBUG   (  144):     400e4f50 4020a920 40216871 4020acec 4020a0cc   . @qh!@.. @.. @
I/DEBUG   (  144):     400e4f60 402097f8 402097dc 402095f8 4020a2c0  .. @.. @.. @.. @
I/DEBUG   (  144): 
I/DEBUG   (  144): memory near sp:
I/DEBUG   (  144):     befea6a0 40679f18 400e9cc4 00000000 40679fd0  ..g@...@......g@
I/DEBUG   (  144):     befea6b0 00000000 00000003 df0027ad 00000000  .........'......
I/DEBUG   (  144):     befea6c0 00000000 00000745 40679f18 00013804  ....E.....g@.8..
I/DEBUG   (  144):     befea6d0 00000001 400e4eac 400e9d84 400e9d88  .....N.@...@...@
I/DEBUG   (  144):     befea6e0 400e9bb0 40679f18 40676f9c 400e9df6  ...@..g@.og@...@
I/DEBUG   (  144): 
I/DEBUG   (  144): code around pc:
I/DEBUG   (  144):     40209958 ef000000 e8bd0090 e1b00000 512fff1e  ............../Q
I/DEBUG   (  144):     40209968 ea00b4ac e92d0090 e3a07004 ef000000  ......-..p......
I/DEBUG   (  144):     40209978 e8bd0090 e1b00000 512fff1e ea00b4a5  ........../Q....
I/DEBUG   (  144):     40209988 e1a0c00d e92d00f0 e89c0070 e3a070b4  ......-.p....p..
I/DEBUG   (  144):     40209998 ef000000 e8bd00f0 e1b00000 512fff1e  ............../Q
I/DEBUG   (  144): 
I/DEBUG   (  144): code around lr:
I/DEBUG   (  144):     400cd4e0 f7f36800 4631ed6a 46584602 fe64f009  .h..j.1F.FXF..d.
I/DEBUG   (  144):     400cd4f0 b320e025 200146c2 463a4651 ed80f7f3  %. ..F. QF:F....
I/DEBUG   (  144):     400cd500 bf1c1c43 0707ebc0 d1154482 ed1ef7f3  C........D......
I/DEBUG   (  144):     400cd510 2a046802 f7f3d010 6800ed1a ed4cf7f3  .h.*.......h..L.
I/DEBUG   (  144):     400cd520 44794916 48164602 f0094478 b17dfe45  .IyD.F.HxD..E.}.
I/DEBUG   (  144): !@dumpstate -k -t -z -d -o /data/log/dumpstate_app_native -m 12144
I/dumpstate(31804): begin
E/ThermalDaemon( 1314): CPU[1] offline
E/SMD     (  151): DCD ON
E/MtpService(21795): In MTPAPP onReceive:android.intent.action.BATTERY_CHANGED
E/MtpService(21795): battPlugged Type : 2
E/SMD     (  151): DCD ON
E/ThermalDaemon( 1314): CPU[1] offline
E/ThermalDaemon( 1314): Sensor 'MSM_THERM' -  40*C (40960)
E/ThermalDaemon( 1314): CPU[3] offline
E/ThermalDaemon( 1314): CPU[2] offline
E/Watchdog(  527): !@Sync 4659
E/ThermalDaemon( 1314): CPU[1] offline
E/SMD     (  151): DCD ON
E/ThermalDaemon( 1314): CPU[1] offline
E/ThermalDaemon( 1314): Sensor 'MSM_THERM' -  40*C (40960)
E/SMD     (  151): DCD ON
I/dumpstate(31804): done
E/MtpService(21795): In MTPAPP onReceive:android.intent.action.BATTERY_CHANGED
E/MtpService(21795): battPlugged Type : 2
I/DEBUG   (  144): gotoUploadUserFault called
I/DEBUG   (  144): *** *** *** *** *** *** *** *** *** *** *** *** *** *** *** ***
I/DEBUG   (  144): Build fingerprint: 'samsung/delos3gzc/delos3gchn:4.1.2/JZO54K/I8552ZCAMJ1:user/release-keys'
I/DEBUG   (  144): pid: 3949, tid: 3949, name: sh  >>> /system/bin/sh <<<
I/DEBUG   (  144): signal 13 (SIGPIPE), code -6 (?), fault addr --------
I/DEBUG   (  144):     r0 ffffffe0  r1 41402fd0  r2 00000745  r3 00000000
I/DEBUG   (  144):     r4 00000000  r5 00000003  r6 41402fac  r7 00000004
I/DEBUG   (  144):     r8 41402fd0  r9 41402f20  sl 41402fd0  fp 40103cb8
I/DEBUG   (  144):     ip 40107f40  sp becca6c0  lr 400f0501  pc 40167978  cpsr 00000010
I/DEBUG   (  144):     d0  69752f746363612f  d1  3220303452204874
I/DEBUG   (  144):     d2  747379732f3a7261  d3  656d6172662f6d73
I/DEBUG   (  144):     d4  2e326b726f77656d  d5  7379732f3a72616a
I/DEBUG   (  144):     d6  6d6172662f6d6574  d7  72662f6b726f7765
I/DEBUG   (  144):     d8  0000000000000000  d9  0000000000000000
I/DEBUG   (  144):     d10 0000000000000000  d11 0000000000000000
I/DEBUG   (  144):     d12 0000000000000000  d13 0000000000000000
I/DEBUG   (  144):     d14 0000000000000000  d15 0000000000000000
I/DEBUG   (  144):     d16 5f6b726f77656d61  d17 3a72616a2e747865
I/DEBUG   (  144):     d18 2f6d65747379732f  d19 726f77656d617266
I/DEBUG   (  144):     d20 696f72646e612f6b  d21 7963696c6f702e64
I/DEBUG   (  144):     d22 79732f3a72616a2e  d23 6172662f6d657473
I/DEBUG   (  144):     d24 0000000000000000  d25 0000000000000000
I/DEBUG   (  144):     d26 0000000000000000  d27 0000000000000000
I/DEBUG   (  144):     d28 0000000000000000  d29 0000000000000000
I/DEBUG   (  144):     d30 0000000000000000  d31 0000000000000000
I/DEBUG   (  144):     scr 00000010
I/DEBUG   (  144): 
I/DEBUG   (  144): backtrace:
I/DEBUG   (  144):     #00  pc 0000c978  /system/lib/libc.so (write+12)
I/DEBUG   (  144):     #01  pc 0000e4fd  /system/bin/mksh
I/DEBUG   (  144): 
I/DEBUG   (  144): stack:
I/DEBUG   (  144):          becca680  0000100b  
I/DEBUG   (  144):          becca684  4017049b  /system/lib/libc.so (dlmalloc+5326)
I/DEBUG   (  144):          becca688  00000000  
I/DEBUG   (  144):          becca68c  00000004  
I/DEBUG   (  144):          becca690  41402f80  [heap]
I/DEBUG   (  144):          becca694  4017049b  /system/lib/libc.so (dlmalloc+5326)
I/DEBUG   (  144):          becca698  00000000  
I/DEBUG   (  144):          becca69c  40107eac  /system/bin/mksh
I/DEBUG   (  144):          becca6a0  41402f18  [heap]
I/DEBUG   (  144):          becca6a4  4010ccc4  
I/DEBUG   (  144):          becca6a8  00000000  
I/DEBUG   (  144):          becca6ac  41402fd0  [heap]
I/DEBUG   (  144):          becca6b0  00000000  
I/DEBUG   (  144):          becca6b4  00000003  
I/DEBUG   (  144):          becca6b8  df0027ad  
I/DEBUG   (  144):          becca6bc  00000000  
I/DEBUG   (  144):     #00  becca6c0  00000000  
I/DEBUG   (  144):          becca6c4  00000745  
I/DEBUG   (  144):     #01  becca6c8  41402f18  [heap]
I/DEBUG   (  144):          becca6cc  00013804  
I/DEBUG   (  144):          becca6d0  00000001  
I/DEBUG   (  144):          becca6d4  40107eac  /system/bin/mksh
I/DEBUG   (  144):          becca6d8  4010cd84  
I/DEBUG   (  144):          becca6dc  4010cd88  
I/DEBUG   (  144):          becca6e0  4010cbb0  
I/DEBUG   (  144):          becca6e4  41402f18  [heap]
I/DEBUG   (  144):          becca6e8  413fff9c  [heap]
I/DEBUG   (  144):          becca6ec  4010cdf6  
I/DEBUG   (  144):          becca6f0  00000001  
I/DEBUG   (  144):          becca6f4  400ed5cd  /system/bin/mksh
I/DEBUG   (  144):          becca6f8  41402f18  [heap]
I/DEBUG   (  144):          becca6fc  0000001f  
I/DEBUG   (  144):          becca700  41402f9c  [heap]
I/DEBUG   (  144):          becca704  41402b2c  [heap]
I/DEBUG   (  144): 
I/DEBUG   (  144): memory near r1:
I/DEBUG   (  144):     41402fb0 656e2f63 74782f74 6174715f 64697567  c/net/xt_qtaguid
I/DEBUG   (  144):     41402fc0 6174732f 00007374 00000000 0000100b  /stats..........
I/DEBUG   (  144):     41402fd0 20786469 63616669 63612065 745f7463  idx iface acct_t
I/DEBUG   (  144):     41402fe0 685f6761 75207865 745f6469 695f6761  ag_hex uid_tag_i
I/DEBUG   (  144):     41402ff0 6320746e 735f746e 72207465 79625f78  nt cnt_set rx_by
I/DEBUG   (  144): 
I/DEBUG   (  144): memory near r6:
I/DEBUG   (  144):     41402f8c 401a4534 00000010 00000012 00000000  4E.@............
I/DEBUG   (  144):     41402f9c 00746163 00000000 0000002b 41402f98  cat.....+..../@A
I/DEBUG   (  144):     41402fac 6f72702f 656e2f63 74782f74 6174715f  /proc/net/xt_qta
I/DEBUG   (  144):     41402fbc 64697567 6174732f 00007374 00000000  guid/stats......
I/DEBUG   (  144):     41402fcc 0000100b 20786469 63616669 63612065  ....idx iface ac
I/DEBUG   (  144): 
I/DEBUG   (  144): memory near r8:
I/DEBUG   (  144):     41402fb0 656e2f63 74782f74 6174715f 64697567  c/net/xt_qtaguid
I/DEBUG   (  144):     41402fc0 6174732f 00007374 00000000 0000100b  /stats..........
I/DEBUG   (  144):     41402fd0 20786469 63616669 63612065 745f7463  idx iface acct_t
I/DEBUG   (  144):     41402fe0 685f6761 75207865 745f6469 695f6761  ag_hex uid_tag_i
I/DEBUG   (  144):     41402ff0 6320746e 735f746e 72207465 79625f78  nt cnt_set rx_by
I/DEBUG   (  144): 
I/DEBUG   (  144): memory near r9:
I/DEBUG   (  144):     41402f00 00000000 00000004 00000000 0000001b  ................
I/DEBUG   (  144):     41402f10 41402fa8 00000000 41402f9c 41402fac  ./@A...../@A./@A
I/DEBUG   (  144):     41402f20 00000000 00000063 41402f10 41402be8  ....c..../@A.+@A
I/DEBUG   (  144):     41402f30 beccab6c 00000000 00000000 413ff00c  l.............?A
I/DEBUG   (  144):     41402f40 41402f2c 41402a5c 00000006 00000003  ,/@A\*@A........
I/DEBUG   (  144): 
I/DEBUG   (  144): memory near sl:
I/DEBUG   (  144):     41402fb0 656e2f63 74782f74 6174715f 64697567  c/net/xt_qtaguid
I/DEBUG   (  144):     41402fc0 6174732f 00007374 00000000 0000100b  /stats..........
I/DEBUG   (  144):     41402fd0 20786469 63616669 63612065 745f7463  idx iface acct_t
I/DEBUG   (  144):     41402fe0 685f6761 75207865 745f6469 695f6761  ag_hex uid_tag_i
I/DEBUG   (  144):     41402ff0 6320746e 735f746e 72207465 79625f78  nt cnt_set rx_by
I/DEBUG   (  144): 
I/DEBUG   (  144): memory near fp:
I/DEBUG   (  144):     40103c98 27000a27 49005c00 22005346 27262423  '..'.\.IFS."#$&'
I/DEBUG   (  144):     40103ca8 3a2a2928 3e3d3c3b 605c5b3f 007d7c7b  ()*:;<=>?[\`{|}.
I/DEBUG   (  144):     40103cb8 203a7325 67007325 68626172 00747369  %s: %s.grabhist.
I/DEBUG   (  144):     40103cc8 20646162 74736968 2079726f 61727261  bad history arra
I/DEBUG   (  144):     40103cd8 20200079 25002020 64252073 20636600  y.    .%s %d.fc 
I/DEBUG   (  144): 
I/DEBUG   (  144): memory near ip:
I/DEBUG   (  144):     40107f20 40168104 4017490d 4017daa1 401684d8  ...@.I.@...@...@
I/DEBUG   (  144):     40107f30 4016756c 40167950 40169a68 40171f65  lu.@Py.@h..@e..@
I/DEBUG   (  144):     40107f40 4016796c 401737a9 40167814 40174839  ly.@.7.@.x.@9H.@
I/DEBUG   (  144):     40107f50 40168920 40174871 40168cec 401680cc   ..@qH.@...@...@
I/DEBUG   (  144):     40107f60 401677f8 401677dc 401675f8 401682c0  .w.@.w.@.u.@...@
I/DEBUG   (  144): 
I/DEBUG   (  144): memory near sp:
I/DEBUG   (  144):     becca6a0 41402f18 4010ccc4 00000000 41402fd0  ./@A...@...../@A
I/DEBUG   (  144):     becca6b0 00000000 00000003 df0027ad 00000000  .........'......
I/DEBUG   (  144):     becca6c0 00000000 00000745 41402f18 00013804  ....E..../@A.8..
I/DEBUG   (  144):     becca6d0 00000001 40107eac 4010cd84 4010cd88  .....~.@...@...@
I/DEBUG   (  144):     becca6e0 4010cbb0 41402f18 413fff9c 4010cdf6  ...@./@A..?A...@
I/DEBUG   (  144): 
I/DEBUG   (  144): code around pc:
I/DEBUG   (  144):     40167958 ef000000 e8bd0090 e1b00000 512fff1e  ............../Q
I/DEBUG   (  144):     40167968 ea00b4ac e92d0090 e3a07004 ef000000  ......-..p......
I/DEBUG   (  144):     40167978 e8bd0090 e1b00000 512fff1e ea00b4a5  ........../Q....
I/DEBUG   (  144):     40167988 e1a0c00d e92d00f0 e89c0070 e3a070b4  ......-.p....p..
I/DEBUG   (  144):     40167998 ef000000 e8bd00f0 e1b00000 512fff1e  ............../Q
I/DEBUG   (  144): 
I/DEBUG   (  144): code around lr:
I/DEBUG   (  144):     400f04e0 f7f36800 4631ed6a 46584602 fe64f009  .h..j.1F.FXF..d.
I/DEBUG   (  144):     400f04f0 b320e025 200146c2 463a4651 ed80f7f3  %. ..F. QF:F....
I/DEBUG   (  144):     400f0500 bf1c1c43 0707ebc0 d1154482 ed1ef7f3  C........D......
I/DEBUG   (  144):     400f0510 2a046802 f7f3d010 6800ed1a ed4cf7f3  .h.*.......h..L.
I/DEBUG   (  144):     400f0520 44794916 48164602 f0094478 b17dfe45  .IyD.F.HxD..E.}.
I/DEBUG   (  144): !@dumpstate -k -t -z -d -o /data/log/dumpstate_app_native -m 3949
I/dumpstate(31886): begin
E/ThermalDaemon( 1314): CPU[1] offline
E/SMD     (  151): DCD ON
D/BatteryStatsImpl(  527): ++++++xy WakeLock start : pid=527, name=, type=0, tid=562, pid=527, pName=null
D/BatteryStatsImpl(  527): ++++++xy WakeLock stop : pid=527, name=, type=0, tid=546, pid=527, pName=null
E/ThermalDaemon( 1314): CPU[3] offline
E/ThermalDaemon( 1314): CPU[2] offline
I/InputReader(  527): Touch event's action is 0x0 (deviceType=0) [pCnt=1, s=0.189 ]
I/InputDispatcher(  527): Delivering touch to current input target: action: 0x0
I/InputDispatcher(  527): Delivering touch to current input target: action: 0x0
I/InputDispatcher(  527): Delivering touch to current input target: action: 0x0
I/InputDispatcher(  527): Delivering touch to current input target: action: 0x0
D/lights  (  527): LCD : 21 +
D/lights  (  527): LCD : 21 -
I/TwDVFSBroadcastReceiver(  756): onLauncherIntent
D/PowerManager(  756): DVFSLock :  acquire : timeout : 1000
D/lights  (  527): LCD : 22 +
D/lights  (  527): LCD : 22 -
D/lights  (  527): LCD : 38 +
D/lights  (  527): LCD : 38 -
D/lights  (  527): LCD : 50 +
D/lights  (  527): LCD : 50 -
D/lights  (  527): LCD : 63 +
D/lights  (  527): LCD : 63 -
D/lights  (  527): LCD : 75 +
D/lights  (  527): LCD : 75 -
D/lights  (  527): LCD : 88 +
D/lights  (  527): LCD : 88 -
D/lights  (  527): LCD : 100 +
D/lights  (  527): LCD : 100 -
D/lights  (  527): LCD : 112 +
D/lights  (  527): LCD : 112 -
E/ThermalDaemon( 1314): Sensor 'MSM_THERM' -  40*C (40960)
D/lights  (  527): LCD : 125 +
D/lights  (  527): LCD : 125 -
D/lights  (  527): LCD : 130 +
D/lights  (  527): LCD : 130 -
I/InputReader(  527): Touch event's action is 0x1 (deviceType=0) [pCnt=1, s=]
I/InputDispatcher(  527): Delivering touch to current input target: action: 0x1
I/InputDispatcher(  527): Delivering touch to current input target: action: 0x1
I/InputDispatcher(  527): Delivering touch to current input target: action: 0x1
I/InputDispatcher(  527): Delivering touch to current input target: action: 0x1
E/ThermalDaemon( 1314): CPU[1] offline
E/ThermalDaemon( 1314): CPU[1] offline
E/SMD     (  151): DCD ON
E/ThermalDaemon( 1314): CPU[2] offline
E/SMD     (  151): DCD ON
E/ThermalDaemon( 1314): Sensor 'MSM_THERM' -  41*C (41984)
E/ThermalDaemon( 1314): CPU[1] offline
E/MtpService(21795): In MTPAPP onReceive:android.intent.action.BATTERY_CHANGED
E/MtpService(21795): battPlugged Type : 2
I/dumpstate(31886): done
E/SMD     (  151): DCD ON
I/DEBUG   (  144): gotoUploadUserFault called
I/DEBUG   (  144): *** *** *** *** *** *** *** *** *** *** *** *** *** *** *** ***
I/DEBUG   (  144): Build fingerprint: 'samsung/delos3gzc/delos3gchn:4.1.2/JZO54K/I8552ZCAMJ1:user/release-keys'
I/DEBUG   (  144): pid: 12176, tid: 12176, name: sh  >>> /system/bin/sh <<<
I/DEBUG   (  144): signal 13 (SIGPIPE), code -6 (?), fault addr --------
I/DEBUG   (  144):     r0 ffffffe0  r1 40e0bfd0  r2 00000745  r3 00000000
I/DEBUG   (  144):     r4 00000000  r5 00000003  r6 40e0bfac  r7 00000004
I/DEBUG   (  144):     r8 40e0bfd0  r9 40e0bf20  sl 40e0bfd0  fp 400a9cb8
I/DEBUG   (  144):     ip 400adf40  sp bebcb6c0  lr 40096501  pc 401fa978  cpsr 00000010
I/DEBUG   (  144):     d0  69752f746363612f  d1  3220303452204874
I/DEBUG   (  144):     d2  747379732f3a7261  d3  656d6172662f6d73
I/DEBUG   (  144):     d4  2e326b726f77656d  d5  7379732f3a72616a
I/DEBUG   (  144):     d6  6d6172662f6d6574  d7  72662f6b726f7765
I/DEBUG   (  144):     d8  0000000000000000  d9  0000000000000000
I/DEBUG   (  144):     d10 0000000000000000  d11 0000000000000000
I/DEBUG   (  144):     d12 0000000000000000  d13 0000000000000000
I/DEBUG   (  144):     d14 0000000000000000  d15 0000000000000000
I/DEBUG   (  144):     d16 5f6b726f77656d61  d17 3a72616a2e747865
I/DEBUG   (  144):     d18 2f6d65747379732f  d19 726f77656d617266
I/DEBUG   (  144):     d20 696f72646e612f6b  d21 7963696c6f702e64
I/DEBUG   (  144):     d22 79732f3a72616a2e  d23 6172662f6d657473
I/DEBUG   (  144):     d24 0000000000000000  d25 0000000000000000
I/DEBUG   (  144):     d26 0000000000000000  d27 0000000000000000
I/DEBUG   (  144):     d28 0000000000000000  d29 0000000000000000
I/DEBUG   (  144):     d30 0000000000000000  d31 0000000000000000
I/DEBUG   (  144):     scr 00000010
I/DEBUG   (  144): 
I/DEBUG   (  144): backtrace:
I/DEBUG   (  144):     #00  pc 0000c978  /system/lib/libc.so (write+12)
I/DEBUG   (  144):     #01  pc 0000e4fd  /system/bin/mksh
I/DEBUG   (  144): 
I/DEBUG   (  144): stack:
I/DEBUG   (  144):          bebcb680  0000100b  
I/DEBUG   (  144):          bebcb684  4020349b  /system/lib/libc.so (dlmalloc+5326)
I/DEBUG   (  144):          bebcb688  00000000  
I/DEBUG   (  144):          bebcb68c  00000004  
I/DEBUG   (  144):          bebcb690  40e0bf80  [heap]
I/DEBUG   (  144):          bebcb694  4020349b  /system/lib/libc.so (dlmalloc+5326)
I/DEBUG   (  144):          bebcb698  00000000  
I/DEBUG   (  144):          bebcb69c  400adeac  /system/bin/mksh
I/DEBUG   (  144):          bebcb6a0  40e0bf18  [heap]
I/DEBUG   (  144):          bebcb6a4  400b2cc4  
I/DEBUG   (  144):          bebcb6a8  00000000  
I/DEBUG   (  144):          bebcb6ac  40e0bfd0  [heap]
I/DEBUG   (  144):          bebcb6b0  00000000  
I/DEBUG   (  144):          bebcb6b4  00000003  
I/DEBUG   (  144):          bebcb6b8  df0027ad  
I/DEBUG   (  144):          bebcb6bc  00000000  
I/DEBUG   (  144):     #00  bebcb6c0  00000000  
I/DEBUG   (  144):          bebcb6c4  00000745  
I/DEBUG   (  144):     #01  bebcb6c8  40e0bf18  [heap]
I/DEBUG   (  144):          bebcb6cc  00013804  
I/DEBUG   (  144):          bebcb6d0  00000001  
I/DEBUG   (  144):          bebcb6d4  400adeac  /system/bin/mksh
I/DEBUG   (  144):          bebcb6d8  400b2d84  
I/DEBUG   (  144):          bebcb6dc  400b2d88  
I/DEBUG   (  144):          bebcb6e0  400b2bb0  
I/DEBUG   (  144):          bebcb6e4  40e0bf18  [heap]
I/DEBUG   (  144):          bebcb6e8  40e08f9c  [heap]
I/DEBUG   (  144):          bebcb6ec  400b2df6  
I/DEBUG   (  144):          bebcb6f0  00000001  
I/DEBUG   (  144):          bebcb6f4  400935cd  /system/bin/mksh
I/DEBUG   (  144):          bebcb6f8  40e0bf18  [heap]
I/DEBUG   (  144):          bebcb6fc  0000001f  
I/DEBUG   (  144):          bebcb700  40e0bf9c  [heap]
I/DEBUG   (  144):          bebcb704  40e0bb2c  [heap]
I/DEBUG   (  144): 
I/DEBUG   (  144): memory near r1:
I/DEBUG   (  144):     40e0bfb0 656e2f63 74782f74 6174715f 64697567  c/net/xt_qtaguid
I/DEBUG   (  144):     40e0bfc0 6174732f 00007374 00000000 0000100b  /stats..........
I/DEBUG   (  144):     40e0bfd0 20786469 63616669 63612065 745f7463  idx iface acct_t
I/DEBUG   (  144):     40e0bfe0 685f6761 75207865 745f6469 695f6761  ag_hex uid_tag_i
I/DEBUG   (  144):     40e0bff0 6320746e 735f746e 72207465 79625f78  nt cnt_set rx_by
I/DEBUG   (  144): 
I/DEBUG   (  144): memory near r6:
I/DEBUG   (  144):     40e0bf8c 40237534 00000010 00000012 00000000  4u#@............
I/DEBUG   (  144):     40e0bf9c 00746163 00000000 0000002b 40e0bf98  cat.....+......@
I/DEBUG   (  144):     40e0bfac 6f72702f 656e2f63 74782f74 6174715f  /proc/net/xt_qta
I/DEBUG   (  144):     40e0bfbc 64697567 6174732f 00007374 00000000  guid/stats......
I/DEBUG   (  144):     40e0bfcc 0000100b 20786469 63616669 63612065  ....idx iface ac
I/DEBUG   (  144): 
I/DEBUG   (  144): memory near r8:
I/DEBUG   (  144):     40e0bfb0 656e2f63 74782f74 6174715f 64697567  c/net/xt_qtaguid
I/DEBUG   (  144):     40e0bfc0 6174732f 00007374 00000000 0000100b  /stats..........
I/DEBUG   (  144):     40e0bfd0 20786469 63616669 63612065 745f7463  idx iface acct_t
I/DEBUG   (  144):     40e0bfe0 685f6761 75207865 745f6469 695f6761  ag_hex uid_tag_i
I/DEBUG   (  144):     40e0bff0 6320746e 735f746e 72207465 79625f78  nt cnt_set rx_by
I/DEBUG   (  144): 
I/DEBUG   (  144): memory near r9:
I/DEBUG   (  144):     40e0bf00 00000000 00000004 00000000 0000001b  ................
I/DEBUG   (  144):     40e0bf10 40e0bfa8 00000000 40e0bf9c 40e0bfac  ...@.......@...@
I/DEBUG   (  144):     40e0bf20 00000000 00000063 40e0bf10 40e0bbe8  ....c......@...@
I/DEBUG   (  144):     40e0bf30 bebcbb6c 00000000 00000000 40e0800c  l..............@
I/DEBUG   (  144):     40e0bf40 40e0bf2c 40e0ba5c 00000006 00000003  ,..@\..@........
I/DEBUG   (  144): 
I/DEBUG   (  144): memory near sl:
I/DEBUG   (  144):     40e0bfb0 656e2f63 74782f74 6174715f 64697567  c/net/xt_qtaguid
I/DEBUG   (  144):     40e0bfc0 6174732f 00007374 00000000 0000100b  /stats..........
I/DEBUG   (  144):     40e0bfd0 20786469 63616669 63612065 745f7463  idx iface acct_t
I/DEBUG   (  144):     40e0bfe0 685f6761 75207865 745f6469 695f6761  ag_hex uid_tag_i
I/DEBUG   (  144):     40e0bff0 6320746e 735f746e 72207465 79625f78  nt cnt_set rx_by
I/DEBUG   (  144): 
I/DEBUG   (  144): memory near fp:
